Component: Arm Compiler for Embedded 6.18 Tool: armlink [5e4cc100]

==============================================================================

Section Cross References

    startup_stm32f103x6.o(RESET) refers to startup_stm32f103x6.o(STACK) for __initial_sp
    startup_stm32f103x6.o(RESET) refers to startup_stm32f103x6.o(.text) for Reset_Handler
    startup_stm32f103x6.o(RESET) refers to stm32f1xx_it.o(.text.SysTick_Handler) for SysTick_Handler
    startup_stm32f103x6.o(RESET) refers to stm32f1xx_it.o(.text.USART2_IRQHandler) for USART2_IRQHandler
    startup_stm32f103x6.o(RESET) refers to stm32f1xx_it.o(.text.EXTI15_10_IRQHandler) for EXTI15_10_IRQHandler
    startup_stm32f103x6.o(.text) refers to system_stm32f1xx.o(.text.SystemInit) for SystemInit
    startup_stm32f103x6.o(.text) refers to entry.o(.ARM.Collect$$$$00000000) for __main
    timer.o(.text.TIMER_Init) refers to usart.o(.text.USART_Send) for USART_Send
    timer.o(.ARM.exidx.text.TIMER_Init) refers to timer.o(.text.TIMER_Init) for [Anonymous Symbol]
    timer.o(.text.TIMER_Get_Msg) refers to strstr.o(.text) for strstr
    timer.o(.text.TIMER_Get_Msg) refers to timer.o(.text.Comma_Pos) for Comma_Pos
    timer.o(.text.TIMER_Get_Msg) refers to timer.o(.text.Str2num) for Str2num
    timer.o(.text.TIMER_Get_Msg) refers to timer.o(.text.Pow) for Pow
    timer.o(.text.TIMER_Get_Msg) refers to control.o(.text.Refresh_Time) for Refresh_Time
    timer.o(.text.TIMER_Get_Msg) refers to timer.o(.bss..L_MergedGlobals) for [Anonymous Symbol]
    timer.o(.ARM.exidx.text.TIMER_Get_Msg) refers to timer.o(.text.TIMER_Get_Msg) for [Anonymous Symbol]
    timer.o(.ARM.exidx.text.Comma_Pos) refers to timer.o(.text.Comma_Pos) for [Anonymous Symbol]
    timer.o(.text.Str2num) refers to timer.o(.text.Pow) for Pow
    timer.o(.ARM.exidx.text.Str2num) refers to timer.o(.text.Str2num) for [Anonymous Symbol]
    timer.o(.ARM.exidx.text.Pow) refers to timer.o(.text.Pow) for [Anonymous Symbol]
    main.o(.text.main) refers to main.o(.text.SystemClock_Config) for SystemClock_Config
    main.o(.text.main) refers to gpio.o(.text.MX_GPIO_Init) for MX_GPIO_Init
    main.o(.text.main) refers to spi.o(.text.MX_SPI1_Init) for MX_SPI1_Init
    main.o(.text.main) refers to usart.o(.text.MX_USART2_UART_Init) for MX_USART2_UART_Init
    main.o(.text.main) refers to timer.o(.text.TIMER_Init) for TIMER_Init
    main.o(.text.main) refers to ssd1306.o(.text.ssd1306_Init) for ssd1306_Init
    main.o(.text.main) refers to control.o(.text.Control_Init) for Control_Init
    main.o(.ARM.exidx.text.main) refers to main.o(.text.main) for [Anonymous Symbol]
    main.o(.text.SystemClock_Config) refers to stm32f1xx_ll_utils.o(.text.LL_Init1msTick) for LL_Init1msTick
    main.o(.text.SystemClock_Config) refers to stm32f1xx_ll_utils.o(.text.LL_SetSystemCoreClock) for LL_SetSystemCoreClock
    main.o(.ARM.exidx.text.SystemClock_Config) refers to main.o(.text.SystemClock_Config) for [Anonymous Symbol]
    main.o(.ARM.exidx.text.Error_Handler) refers to main.o(.text.Error_Handler) for [Anonymous Symbol]
    gpio.o(.text.MX_GPIO_Init) refers to gpio.o(.text.OUTLINED_FUNCTION_2) for OUTLINED_FUNCTION_2
    gpio.o(.text.MX_GPIO_Init) refers to gpio.o(.text.OUTLINED_FUNCTION_0) for OUTLINED_FUNCTION_0
    gpio.o(.text.MX_GPIO_Init) refers to gpio.o(.text.OUTLINED_FUNCTION_1) for OUTLINED_FUNCTION_1
    gpio.o(.text.MX_GPIO_Init) refers to gpio.o(.text.LL_APB2_GRP1_EnableClock) for LL_APB2_GRP1_EnableClock
    gpio.o(.text.MX_GPIO_Init) refers to stm32f1xx_ll_gpio.o(.text.LL_GPIO_Init) for LL_GPIO_Init
    gpio.o(.text.MX_GPIO_Init) refers to stm32f1xx_ll_exti.o(.text.LL_EXTI_Init) for LL_EXTI_Init
    gpio.o(.ARM.exidx.text.MX_GPIO_Init) refers to gpio.o(.text.MX_GPIO_Init) for [Anonymous Symbol]
    gpio.o(.ARM.exidx.text.LL_APB2_GRP1_EnableClock) refers to gpio.o(.text.LL_APB2_GRP1_EnableClock) for [Anonymous Symbol]
    gpio.o(.ARM.exidx.text.OUTLINED_FUNCTION_0) refers to gpio.o(.text.OUTLINED_FUNCTION_0) for [Anonymous Symbol]
    gpio.o(.ARM.exidx.text.OUTLINED_FUNCTION_1) refers to gpio.o(.text.OUTLINED_FUNCTION_1) for [Anonymous Symbol]
    gpio.o(.ARM.exidx.text.OUTLINED_FUNCTION_2) refers to gpio.o(.text.OUTLINED_FUNCTION_2) for [Anonymous Symbol]
    spi.o(.text.MX_SPI1_Init) refers to spi.o(.text.LL_APB2_GRP1_EnableClock) for LL_APB2_GRP1_EnableClock
    spi.o(.text.MX_SPI1_Init) refers to stm32f1xx_ll_gpio.o(.text.LL_GPIO_Init) for LL_GPIO_Init
    spi.o(.text.MX_SPI1_Init) refers to stm32f1xx_ll_spi.o(.text.LL_SPI_Init) for LL_SPI_Init
    spi.o(.ARM.exidx.text.MX_SPI1_Init) refers to spi.o(.text.MX_SPI1_Init) for [Anonymous Symbol]
    spi.o(.ARM.exidx.text.LL_APB2_GRP1_EnableClock) refers to spi.o(.text.LL_APB2_GRP1_EnableClock) for [Anonymous Symbol]
    usart.o(.text.MX_USART2_UART_Init) refers to stm32f1xx_ll_gpio.o(.text.LL_GPIO_Init) for LL_GPIO_Init
    usart.o(.text.MX_USART2_UART_Init) refers to stm32f1xx_ll_usart.o(.text.LL_USART_Init) for LL_USART_Init
[...]
    view.o(.text.OUTLINED_FUNCTION_4) refers to ssd1306.o(.text.ssd1306_WriteChar) for ssd1306_WriteChar
    view.o(.ARM.exidx.text.OUTLINED_FUNCTION_4) refers to view.o(.text.OUTLINED_FUNCTION_4) for [Anonymous Symbol]
    view.o(.rodata..L__const.Render_Page_Setting.items) refers to view.o(.text.Render_Item_Alarms_Name) for Render_Item_Alarms_Name
    view.o(.rodata..L__const.Render_Page_Setting.items) refers to view.o(.text.Render_Item_Contrast_Name) for Render_Item_Contrast_Name
    view.o(.rodata..L__const.Render_Page_Setting.items) refers to view.o(.text.Render_Item_Contrast_Value) for Render_Item_Contrast_Value
    view.o(.rodata..L__const.Render_Page_Setting.items) refers to view.o(.text.Render_Item_Duration_Name) for Render_Item_Duration_Name
    view.o(.rodata..L__const.Render_Page_Setting.items) refers to view.o(.text.Render_Item_Duration_Value) for Render_Item_Duration_Value
    view.o(.rodata..L__const.Render_Page_Alarm_Setting.items) refers to view.o(.text.Render_Item_Alarm_Enable_Name) for Render_Item_Alarm_Enable_Name
    view.o(.rodata..L__const.Render_Page_Alarm_Setting.items) refers to view.o(.text.Render_Item_Alarm_Enable_Value) for Render_Item_Alarm_Enable_Value
    view.o(.rodata..L__const.Render_Page_Alarm_Setting.items) refers to view.o(.text.Render_Item_Alarm_Time_Name) for Render_Item_Alarm_Time_Name
    view.o(.rodata..L__const.Render_Page_Alarm_Setting.items) refers to view.o(.text.Render_Item_Alarm_Time_Value) for Render_Item_Alarm_Time_Value
    view.o(.rodata..L__const.Render_Page_Alarm_Setting.items) refers to view.o(.text.Render_Item_Alarm_Repeat_Name) for Render_Item_Alarm_Repeat_Name
    view.o(.rodata..L__const.Render_Page_Alarm_Setting.items) refers to view.o(.text.Render_Item_Alarm_Repeat_Value) for Render_Item_Alarm_Repeat_Value
    view.o(.rodata..L__const.Render_Page_Beep.items) refers to view.o(.text.Render_Item_Beep_Mode1_Name) for Render_Item_Beep_Mode1_Name
    view.o(.rodata..L__const.Render_Page_Beep.items) refers to view.o(.text.Render_Item_Beep_Mode1_Value) for Render_Item_Beep_Mode1_Value
    view.o(.rodata..L__const.Render_Page_Beep.items) refers to view.o(.text.Render_Item_Beep_Mode2_Name) for Render_Item_Beep_Mode2_Name
    view.o(.rodata..L__const.Render_Page_Beep.items) refers to view.o(.text.Render_Item_Beep_Mode2_Value) for Render_Item_Beep_Mode2_Value
    view.o(.rodata..L__const.Render_Page_Beep.items) refers to view.o(.text.Render_Item_Beep_Mode3_Name) for Render_Item_Beep_Mode3_Name
    view.o(.rodata..L__const.Render_Page_Beep.items) refers to view.o(.text.Render_Item_Beep_Mode3_Value) for Render_Item_Beep_Mode3_Value
    cos.o(i.__softfp_cos) refers (Special) to iusefp.o(.text) for __I$use$fp
    cos.o(i.__softfp_cos) refers to cos.o(i.cos) for cos
    cos.o(i.cos) refers (Special) to iusefp.o(.text) for __I$use$fp
    cos.o(i.cos) refers to errno.o(i.__set_errno) for __set_errno
    cos.o(i.cos) refers to dunder.o(i.__mathlib_dbl_invalid) for __mathlib_dbl_invalid
    cos.o(i.cos) refers to dunder.o(i.__mathlib_dbl_infnan) for __mathlib_dbl_infnan
    cos.o(i.cos) refers to rred.o(i.__ieee754_rem_pio2) for __ieee754_rem_pio2
    cos.o(i.cos) refers to sin_i.o(i.__kernel_sin) for __kernel_sin
    cos.o(i.cos) refers to cos_i.o(i.__kernel_cos) for __kernel_cos
    sin.o(i.__softfp_sin) refers (Special) to iusefp.o(.text) for __I$use$fp
    sin.o(i.__softfp_sin) refers to sin.o(i.sin) for sin
    sin.o(i.sin) refers (Special) to iusefp.o(.text) for __I$use$fp
    sin.o(i.sin) refers to errno.o(i.__set_errno) for __set_errno
    sin.o(i.sin) refers to dunder.o(i.__mathlib_dbl_invalid) for __mathlib_dbl_invalid
    sin.o(i.sin) refers to dunder.o(i.__mathlib_dbl_infnan) for __mathlib_dbl_infnan
    sin.o(i.sin) refers to rred.o(i.__ieee754_rem_pio2) for __ieee754_rem_pio2
    sin.o(i.sin) refers to cos_i.o(i.__kernel_cos) for __kernel_cos
    sin.o(i.sin) refers to sin_i.o(i.__kernel_sin) for __kernel_sin
    entry.o(.ARM.Collect$$$$00000000) refers (Special) to entry10a.o(.ARM.Collect$$$$0000000D) for __rt_final_cpp
    entry.o(.ARM.Collect$$$$00000000) refers (Special) to entry11a.o(.ARM.Collect$$$$0000000F) for __rt_final_exit
    entry.o(.ARM.Collect$$$$00000000) refers (Special) to entry7b.o(.ARM.Collect$$$$00000008) for _main_clock
    entry.o(.ARM.Collect$$$$00000000) refers (Special) to entry8b.o(.ARM.Collect$$$$0000000A) for _main_cpp_init
    entry.o(.ARM.Collect$$$$00000000) refers (Special) to entry9a.o(.ARM.Collect$$$$0000000B) for _main_init
    entry.o(.ARM.Collect$$$$00000000) refers (Special) to entry5.o(.ARM.Collect$$$$00000004) for _main_scatterload
    entry.o(.ARM.Collect$$$$00000000) refers (Special) to entry2.o(.ARM.Collect$$$$00000001) for _main_stk
    fmul.o(.text) refers (Special) to iusefp.o(.text) for __I$use$fp
    fdiv.o(.text) refers (Special) to iusefp.o(.text) for __I$use$fp
    fdiv.o(.text) refers to fepilogue.o(.text) for _float_round
    dmul.o(.text) refers (Special) to iusefp.o(.text) for __I$use$fp
    dmul.o(.text) refers to depilogue.o(.text) for _double_epilogue
    ddiv.o(.text) refers (Special) to iusefp.o(.text) for __I$use$fp
    ddiv.o(.text) refers to depilogue.o(.text) for _double_round
    ffltui.o(.text) refers (Special) to iusefp.o(.text) for __I$use$fp
    ffltui.o(.text) refers to fepilogue.o(.text) for _float_epilogue
    dfltui.o(.text) refers (Special) to iusefp.o(.text) for __I$use$fp
    dfltui.o(.text) refers to depilogue.o(.text) for _double_epilogue
    dfixi.o(.text) refers (Special) to iusefp.o(.text) for __I$use$fp
    dfixi.o(.text) refers to llushr.o(.text) for __aeabi_llsr
    f2d.o(.text) refers (Special) to iusefp.o(.text) for __I$use$fp
    d2f.o(.text) refers (Special) to iusefp.o(.text) for __I$use$fp
    d2f.o(.text) refers to fepilogue.o(.text) for _float_round
    cos_i.o(i.__kernel_cos) refers (Special) to iusefp.o(.text) for __I$use$fp
    cos_i.o(i.__kernel_cos) refers to dfixi.o(.text) for __aeabi_d2iz
    cos_i.o(i.__kernel_cos) refers to dmul.o(.text) for __aeabi_dmul
    cos_i.o(i.__kernel_cos) refers to poly.o(i.__kernel_poly) for __kernel_poly
    cos_i.o(i.__kernel_cos) refers to dadd.o(.text) for __aeabi_dsub
    cos_i.o(i.__kernel_cos) refers to dscalb.o(.text) for __ARM_scalbn
    cos_i.o(i.__kernel_cos) refers to cos_i.o(.constdata) for .constdata
    cos_i.o(.constdata) refers (Special) to iusefp.o(.text) for __I$use$fp
    dunder.o(i.__mathlib_dbl_divzero) refers to ddiv.o(.text) for __aeabi_ddiv
    dunder.o(i.__mathlib_dbl_infnan) refers to dscalb.o(.text) for __ARM_scalbn
    dunder.o(i.__mathlib_dbl_infnan2) refers to dadd.o(.text) for __aeabi_dadd
    dunder.o(i.__mathlib_dbl_invalid) refers to ddiv.o(.text) for __aeabi_ddiv
    dunder.o(i.__mathlib_dbl_overflow) refers to dscalb.o(.text) for __ARM_scalbn
    dunder.o(i.__mathlib_dbl_posinfnan) refers to dmul.o(.text) for __aeabi_dmul
    dunder.o(i.__mathlib_dbl_underflow) refers to dscalb.o(.text) for __ARM_scalbn
    rred.o(i.__ieee754_rem_pio2) refers (Special) to iusefp.o(.text) for __I$use$fp
    rred.o(i.__ieee754_rem_pio2) refers to dadd.o(.text) for __aeabi_dsub
    rred.o(i.__ieee754_rem_pio2) refers to dmul.o(.text) for __aeabi_dmul
    rred.o(i.__ieee754_rem_pio2) refers to dfixi.o(.text) for __aeabi_d2iz
    rred.o(i.__ieee754_rem_pio2) refers to dflti.o(.text) for __aeabi_i2d
    rred.o(i.__ieee754_rem_pio2) refers to dfltui.o(.text) for __aeabi_ui2d
    rred.o(i.__ieee754_rem_pio2) refers to dscalb.o(.text) for __ARM_scalbn
    rred.o(i.__ieee754_rem_pio2) refers to rred.o(.constdata) for .constdata
    rred.o(i.__use_accurate_range_reduction) refers (Special) to iusefp.o(.text) for __I$use$fp
    rred.o(.constdata) refers (Special) to iusefp.o(.text) for __I$use$fp
    sin_i.o(i.__kernel_sin) refers (Special) to iusefp.o(.text) for __I$use$fp
    sin_i.o(i.__kernel_sin) refers to fpclassify.o(i.__ARM_fpclassify) for __ARM_fpclassify
    sin_i.o(i.__kernel_sin) refers to dunder.o(i.__mathlib_dbl_underflow) for __mathlib_dbl_underflow
    sin_i.o(i.__kernel_sin) refers to dmul.o(.text) for __aeabi_dmul
    sin_i.o(i.__kernel_sin) refers to poly.o(i.__kernel_poly) for __kernel_poly
    sin_i.o(i.__kernel_sin) refers to dscalb.o(.text) for __ARM_scalbn
    sin_i.o(i.__kernel_sin) refers to dadd.o(.text) for __aeabi_dsub
    sin_i.o(i.__kernel_sin) refers to sin_i.o(.constdata) for .constdata
    sin_i.o(.constdata) refers (Special) to iusefp.o(.text) for __I$use$fp
    entry2.o(.ARM.Collect$$$$00000001) refers to entry2.o(.ARM.Collect$$$$00002712) for __lit__00000000
    entry2.o(.ARM.Collect$$$$00002712) refers to startup_stm32f103x6.o(STACK) for __initial_sp
    entry2.o(__vectab_stack_and_reset_area) refers to startup_stm32f103x6.o(STACK) for __initial_sp
    entry2.o(__vectab_stack_and_reset_area) refers to entry.o(.ARM.Collect$$$$00000000) for __main
    entry5.o(.ARM.Collect$$$$00000004) refers to init.o(.text) for __scatterload
    entry9a.o(.ARM.Collect$$$$0000000B) refers to main.o(.text.main) for main
    entry9b.o(.ARM.Collect$$$$0000000C) refers to main.o(.text.main) for main
    errno.o(i.__aeabi_errno_addr) refers to errno.o(.data) for .data
    errno.o(i.__read_errno) refers to errno.o(.data) for .data
    errno.o(i.__set_errno) refers to errno.o(.data) for .data
    fepilogue.o(.text) refers (Special) to iusefp.o(.text) for __I$use$fp
    depilogue.o(.text) refers (Special) to iusefp.o(.text) for __I$use$fp
    depilogue.o(.text) refers to llshl.o(.text) for __aeabi_llsl
    depilogue.o(.text) refers to llushr.o(.text) for __aeabi_llsr
    fpclassify.o(i.__ARM_fpclassify) refers (Special) to iusefp.o(.text) for __I$use$fp
    poly.o(i.__kernel_poly) refers (Special) to iusefp.o(.text) for __I$use$fp
    poly.o(i.__kernel_poly) refers to dmul.o(.text) for __aeabi_dmul
    poly.o(i.__kernel_poly) refers to dadd.o(.text) for __aeabi_dadd
    init.o(.text) refers to entry5.o(.ARM.Collect$$$$00000004) for __main_after_scatterload
    dadd.o(.text) refers (Special) to iusefp.o(.text) for __I$use$fp
    dadd.o(.text) refers to llshl.o(.text) for __aeabi_llsl
    dadd.o(.text) refers to llsshr.o(.text) for __aeabi_lasr
    dadd.o(.text) refers to depilogue.o(.text) for _double_epilogue
    dscalb.o(.text) refers (Special) to iusefp.o(.text) for __I$use$fp
    dflti.o(.text) refers (Special) to iusefp.o(.text) for __I$use$fp
    dflti.o(.text) refers to depilogue.o(.text) for _double_epilogue


==============================================================================

Removing Unused input sections from the image.

    Removing startup_stm32f103x6.o(HEAP), (512 bytes).
    Removing timer.o(.text), (0 bytes).
    Removing timer.o(.ARM.exidx.text.TIMER_Init), (8 bytes).
    Removing timer.o(.ARM.exidx.text.TIMER_Get_Msg), (8 bytes).
    Removing timer.o(.ARM.exidx.text.Comma_Pos), (8 bytes).
    Removing timer.o(.ARM.exidx.text.Str2num), (8 bytes).
    Removing timer.o(.ARM.exidx.text.Pow), (8 bytes).
    Removing main.o(.text), (0 bytes).
    Removing main.o(.ARM.exidx.text.main), (8 bytes).
    Removing main.o(.ARM.exidx.text.SystemClock_Config), (8 bytes).
    Removing main.o(.text.Error_Handler), (8 bytes).
    Removing main.o(.ARM.exidx.text.Error_Handler), (8 bytes).
    Removing main.o(.ARM.use_no_argv), (4 bytes).
    Removing gpio.o(.text), (0 bytes).
    Removing gpio.o(.ARM.exidx.text.MX_GPIO_Init), (8 bytes).
    Removing gpio.o(.ARM.exidx.text.LL_APB2_GRP1_EnableClock), (8 bytes).
    Removing gpio.o(.ARM.exidx.text.OUTLINED_FUNCTION_0), (8 bytes).
    Removing gpio.o(.ARM.exidx.text.OUTLINED_FUNCTION_1), (8 bytes).
    Removing gpio.o(.ARM.exidx.text.OUTLINED_FUNCTION_2), (8 bytes).
    Removing spi.o(.text), (0 bytes).
    Removing spi.o(.ARM.exidx.text.MX_SPI1_Init), (8 bytes).
    Removing spi.o(.ARM.exidx.text.LL_APB2_GRP1_EnableClock), (8 bytes).
    Removing usart.o(.text), (0 bytes).
    Removing usart.o(.ARM.exidx.text.MX_USART2_UART_Init), (8 bytes).
    Removing usart.o(.ARM.exidx.text.USART_Send), (8 bytes).
    Removing stm32f1xx_it.o(.text), (0 bytes).
    Removing stm32f1xx_it.o(.ARM.exidx.text.SysTick_Handler), (8 bytes).
    Removing stm32f1xx_it.o(.ARM.exidx.text.USART2_IRQHandler), (8 bytes).
    Removing stm32f1xx_it.o(.ARM.exidx.text.EXTI15_10_IRQHandler), (8 bytes).
    Removing stm32f1xx_ll_flash_ex.o(.text), (0 bytes).
    Removing stm32f1xx_ll_flash_ex.o(.text.LL_FLASH_Unlock), (40 bytes).
    Removing stm32f1xx_ll_flash_ex.o(.ARM.exidx.text.LL_FLASH_Unlock), (8 bytes).
    Removing stm32f1xx_ll_flash_ex.o(.text.LL_FLASH_PageErase), (64 bytes).
    Removing stm32f1xx_ll_flash_ex.o(.ARM.exidx.text.LL_FLASH_PageErase), (8 bytes).
    Removing stm32f1xx_ll_flash_ex.o(.text.Wait_Operation_Done), (36 bytes).
    Removing stm32f1xx_ll_flash_ex.o(.ARM.exidx.text.Wait_Operation_Done), (8 bytes).
    Removing stm32f1xx_ll_flash_ex.o(.text.LL_FLASH_Program), (36 bytes).
    Removing stm32f1xx_ll_flash_ex.o(.ARM.exidx.text.LL_FLASH_Program), (8 bytes).
    Removing stm32f1xx_ll_gpio.o(.text), (0 bytes).
    Removing stm32f1xx_ll_gpio.o(.text.LL_GPIO_DeInit), (88 bytes).
    Removing stm32f1xx_ll_gpio.o(.ARM.exidx.text.LL_GPIO_DeInit), (8 bytes).
    Removing stm32f1xx_ll_gpio.o(.ARM.exidx.text.LL_GPIO_Init), (8 bytes).
    Removing stm32f1xx_ll_gpio.o(.text.LL_GPIO_StructInit), (24 bytes).
    Removing stm32f1xx_ll_gpio.o(.ARM.exidx.text.LL_GPIO_StructInit), (8 bytes).
    Removing stm32f1xx_ll_spi.o(.text), (0 bytes).
    Removing stm32f1xx_ll_spi.o(.text.LL_SPI_DeInit), (40 bytes).
    Removing stm32f1xx_ll_spi.o(.ARM.exidx.text.LL_SPI_DeInit), (8 bytes).
    Removing stm32f1xx_ll_spi.o(.ARM.exidx.text.LL_SPI_Init), (8 bytes).
    Removing stm32f1xx_ll_spi.o(.text.LL_SPI_StructInit), (16 bytes).
    Removing stm32f1xx_ll_spi.o(.ARM.exidx.text.LL_SPI_StructInit), (8 bytes).
    Removing stm32f1xx_ll_dma.o(.text), (0 bytes).
    Removing stm32f1xx_ll_dma.o(.text.LL_DMA_DeInit), (172 bytes).
    Removing stm32f1xx_ll_dma.o(.ARM.exidx.text.LL_DMA_DeInit), (8 bytes).
    Removing stm32f1xx_ll_dma.o(.text.LL_DMA_Init), (100 bytes).
    Removing stm32f1xx_ll_dma.o(.ARM.exidx.text.LL_DMA_Init), (8 bytes).
    Removing stm32f1xx_ll_dma.o(.text.LL_DMA_StructInit), (10 bytes).
    Removing stm32f1xx_ll_dma.o(.ARM.exidx.text.LL_DMA_StructInit), (8 bytes).
    Removing stm32f1xx_ll_rcc.o(.text), (0 bytes).
    Removing stm32f1xx_ll_rcc.o(.text.LL_RCC_DeInit), (88 bytes).
    Removing stm32f1xx_ll_rcc.o(.ARM.exidx.text.LL_RCC_DeInit), (8 bytes).
    Removing stm32f1xx_ll_rcc.o(.ARM.exidx.text.LL_RCC_GetSystemClocksFreq), (8 bytes).
    Removing stm32f1xx_ll_rcc.o(.ARM.exidx.text.RCC_GetSystemClockFreq), (8 bytes).
    Removing stm32f1xx_ll_rcc.o(.text.RCC_GetHCLKClockFreq), (24 bytes).
    Removing stm32f1xx_ll_rcc.o(.ARM.exidx.text.RCC_GetHCLKClockFreq), (8 bytes).
    Removing stm32f1xx_ll_rcc.o(.text.RCC_GetPCLK1ClockFreq), (24 bytes).
    Removing stm32f1xx_ll_rcc.o(.ARM.exidx.text.RCC_GetPCLK1ClockFreq), (8 bytes).
    Removing stm32f1xx_ll_rcc.o(.text.RCC_GetPCLK2ClockFreq), (24 bytes).
    Removing stm32f1xx_ll_rcc.o(.ARM.exidx.text.RCC_GetPCLK2ClockFreq), (8 bytes).
    Removing stm32f1xx_ll_rcc.o(.text.LL_RCC_GetUSBClockFreq), (52 bytes).
    Removing stm32f1xx_ll_rcc.o(.ARM.exidx.text.LL_RCC_GetUSBClockFreq), (8 bytes).
    Removing stm32f1xx_ll_rcc.o(.ARM.exidx.text.RCC_PLL_GetFreqDomain_SYS), (8 bytes).
    Removing stm32f1xx_ll_rcc.o(.text.LL_RCC_GetADCClockFreq), (76 bytes).
    Removing stm32f1xx_ll_rcc.o(.ARM.exidx.text.LL_RCC_GetADCClockFreq), (8 bytes).
    Removing stm32f1xx_ll_utils.o(.text), (0 bytes).
    Removing stm32f1xx_ll_utils.o(.ARM.exidx.text.LL_Init1msTick), (8 bytes).
    Removing stm32f1xx_ll_utils.o(.ARM.exidx.text.LL_mDelay), (8 bytes).
    Removing stm32f1xx_ll_utils.o(.ARM.exidx.text.LL_SetSystemCoreClock), (8 bytes).
    Removing stm32f1xx_ll_utils.o(.text.LL_SetFlashLatency), (80 bytes).
    Removing stm32f1xx_ll_utils.o(.ARM.exidx.text.LL_SetFlashLatency), (8 bytes).
    Removing stm32f1xx_ll_utils.o(.text.LL_PLL_ConfigSystemClock_HSI), (84 bytes).
    Removing stm32f1xx_ll_utils.o(.ARM.exidx.text.LL_PLL_ConfigSystemClock_HSI), (8 bytes).
    Removing stm32f1xx_ll_utils.o(.text.UTILS_EnablePLLAndSwitchSystem), (176 bytes).
    Removing stm32f1xx_ll_utils.o(.ARM.exidx.text.UTILS_EnablePLLAndSwitchSystem), (8 bytes).
    Removing stm32f1xx_ll_utils.o(.text.LL_PLL_ConfigSystemClock_HSE), (108 bytes).
    Removing stm32f1xx_ll_utils.o(.ARM.exidx.text.LL_PLL_ConfigSystemClock_HSE), (8 bytes).
    Removing stm32f1xx_ll_exti.o(.text), (0 bytes).
    Removing stm32f1xx_ll_exti.o(.text.LL_EXTI_DeInit), (32 bytes).
    Removing stm32f1xx_ll_exti.o(.ARM.exidx.text.LL_EXTI_DeInit), (8 bytes).
    Removing stm32f1xx_ll_exti.o(.ARM.exidx.text.LL_EXTI_Init), (8 bytes).
    Removing stm32f1xx_ll_exti.o(.text.LL_EXTI_StructInit), (12 bytes).
    Removing stm32f1xx_ll_exti.o(.ARM.exidx.text.LL_EXTI_StructInit), (8 bytes).
    Removing stm32f1xx_ll_pwr.o(.text), (0 bytes).
    Removing stm32f1xx_ll_pwr.o(.text.LL_PWR_DeInit), (28 bytes).
    Removing stm32f1xx_ll_pwr.o(.ARM.exidx.text.LL_PWR_DeInit), (8 bytes).
    Removing stm32f1xx_ll_usart.o(.text), (0 bytes).
    Removing stm32f1xx_ll_usart.o(.text.LL_USART_DeInit), (72 bytes).
    Removing stm32f1xx_ll_usart.o(.ARM.exidx.text.LL_USART_DeInit), (8 bytes).
    Removing stm32f1xx_ll_usart.o(.ARM.exidx.text.LL_USART_Init), (8 bytes).
    Removing stm32f1xx_ll_usart.o(.text.LL_USART_StructInit), (22 bytes).
    Removing stm32f1xx_ll_usart.o(.ARM.exidx.text.LL_USART_StructInit), (8 bytes).
    Removing stm32f1xx_ll_usart.o(.text.LL_USART_ClockInit), (50 bytes).
    Removing stm32f1xx_ll_usart.o(.ARM.exidx.text.LL_USART_ClockInit), (8 bytes).
    Removing stm32f1xx_ll_usart.o(.text.LL_USART_ClockStructInit), (12 bytes).
    Removing stm32f1xx_ll_usart.o(.ARM.exidx.text.LL_USART_ClockStructInit), (8 bytes).
    Removing system_stm32f1xx.o(.text), (0 bytes).
    Removing system_stm32f1xx.o(.ARM.exidx.text.SystemInit), (8 bytes).
    Removing system_stm32f1xx.o(.text.SystemCoreClockUpdate), (80 bytes).
    Removing system_stm32f1xx.o(.ARM.exidx.text.SystemCoreClockUpdate), (8 bytes).
    Removing ssd1306.o(.text), (0 bytes).
    Removing ssd1306.o(.ARM.exidx.text.ssd1306_Reset), (8 bytes).
    Removing ssd1306.o(.ARM.exidx.text.ssd1306_WriteCommand), (8 bytes).
    Removing ssd1306.o(.ARM.exidx.text.ssd1306_WriteData), (8 bytes).
    Removing ssd1306.o(.text.ssd1306_FillBuffer), (32 bytes).
    Removing ssd1306.o(.ARM.exidx.text.ssd1306_FillBuffer), (8 bytes).
    Removing ssd1306.o(.ARM.exidx.text.ssd1306_Init), (8 bytes).
    Removing ssd1306.o(.ARM.exidx.text.ssd1306_SetDisplayOn), (8 bytes).
    Removing ssd1306.o(.ARM.exidx.text.ssd1306_SetContrast), (8 bytes).
    Removing ssd1306.o(.ARM.exidx.text.ssd1306_Fill), (8 bytes).
    Removing ssd1306.o(.ARM.exidx.text.ssd1306_UpdateScreen), (8 bytes).
    Removing ssd1306.o(.ARM.exidx.text.ssd1306_DrawPixel), (8 bytes).
    Removing ssd1306.o(.ARM.exidx.text.ssd1306_WriteChar), (8 bytes).
    Removing ssd1306.o(.ARM.exidx.text.ssd1306_WriteString), (8 bytes).
    Removing ssd1306.o(.ARM.exidx.text.ssd1306_WriteNumber), (8 bytes).
    Removing ssd1306.o(.ARM.exidx.text.ssd1306_SetCursor), (8 bytes).
    Removing ssd1306.o(.text.ssd1306_Line), (140 bytes).
    Removing ssd1306.o(.ARM.exidx.text.ssd1306_Line), (8 bytes).
    Removing ssd1306.o(.text.ssd1306_Polyline), (44 bytes).
    Removing ssd1306.o(.ARM.exidx.text.ssd1306_Polyline), (8 bytes).
    Removing ssd1306.o(.text.ssd1306_DrawArc), (246 bytes).
    Removing ssd1306.o(.ARM.exidx.text.ssd1306_DrawArc), (8 bytes).
    Removing ssd1306.o(.text.ssd1306_DegToRad), (40 bytes).
    Removing ssd1306.o(.ARM.exidx.text.ssd1306_DegToRad), (8 bytes).
    Removing ssd1306.o(.text.ssd1306_DrawCircle), (172 bytes).
    Removing ssd1306.o(.ARM.exidx.text.ssd1306_DrawCircle), (8 bytes).
    Removing ssd1306.o(.text.ssd1306_DrawRectangle), (72 bytes).
    Removing ssd1306.o(.ARM.exidx.text.ssd1306_DrawRectangle), (8 bytes).
    Removing ssd1306.o(.text.ssd1306_DrawBitmap), (120 bytes).
    Removing ssd1306.o(.ARM.exidx.text.ssd1306_DrawBitmap), (8 bytes).
    Removing ssd1306.o(.text.ssd1306_GetDisplayOn), (12 bytes).
    Removing ssd1306.o(.ARM.exidx.text.ssd1306_GetDisplayOn), (8 bytes).
    Removing ssd1306.o(.text.OUTLINED_FUNCTION_0), (8 bytes).
    Removing ssd1306.o(.ARM.exidx.text.OUTLINED_FUNCTION_0), (8 bytes).
    Removing ssd1306.o(.text.OUTLINED_FUNCTION_1), (6 bytes).
    Removing ssd1306.o(.ARM.exidx.text.OUTLINED_FUNCTION_1), (8 bytes).
    Removing ssd1306_fonts.o(.text), (0 bytes).
    Removing control.o(.text), (0 bytes).
    Removing control.o(.text.KNOB_DetectDirection), (2 bytes).
    Removing control.o(.ARM.exidx.text.KNOB_DetectDirection), (8 bytes).
    Removing control.o(.ARM.exidx.text.BTN_Press), (8 bytes).
    Removing control.o(.ARM.exidx.text.Refresh_Time), (8 bytes).
    Removing control.o(.ARM.exidx.text.Control_Init), (8 bytes).
    Removing control.o(.ARM.exidx.text.Change_Select), (8 bytes).
    Removing control.o(.ARM.exidx.text.Change_Value), (8 bytes).
    Removing control.o(.ARM.exidx.text.BEEP_On_Mode1), (8 bytes).
    Removing control.o(.ARM.exidx.text.BEEP_On_Mode2), (8 bytes).
    Removing control.o(.ARM.exidx.text.BEEP_On_Mode3), (8 bytes).
    Removing model.o(.text), (0 bytes).
    Removing model.o(.ARM.exidx.text.Model_GetAlarmsLen), (8 bytes).
    Removing model.o(.ARM.exidx.text.Update_View), (8 bytes).
    Removing model.o(.ARM.exidx.text.Load_Data), (8 bytes).
    Removing model.o(.text.Save_Data), (92 bytes).
    Removing model.o(.ARM.exidx.text.Save_Data), (8 bytes).
    Removing model.o(.bss.current_value), (4 bytes).
    Removing view.o(.text), (0 bytes).
    Removing view.o(.ARM.exidx.text.Render), (8 bytes).
    Removing view.o(.ARM.exidx.text.Check_List_Offset), (8 bytes).
    Removing view.o(.ARM.exidx.text.Render_Item_Alarms_Name), (8 bytes).
    Removing view.o(.ARM.exidx.text.Render_Item_Contrast_Name), (8 bytes).
    Removing view.o(.ARM.exidx.text.Render_Item_Contrast_Value), (8 bytes).
    Removing view.o(.ARM.exidx.text.Render_Item_Duration_Name), (8 bytes).
    Removing view.o(.ARM.exidx.text.Render_Item_Duration_Value), (8 bytes).
    Removing view.o(.ARM.exidx.text.Render_Items_General), (8 bytes).
    Removing view.o(.ARM.exidx.text.Render_Item_Alarm_Enable_Name), (8 bytes).
    Removing view.o(.ARM.exidx.text.Render_Item_Alarm_Enable_Value), (8 bytes).
    Removing view.o(.ARM.exidx.text.Render_Item_Alarm_Time_Name), (8 bytes).
    Removing view.o(.ARM.exidx.text.Render_Item_Alarm_Time_Value), (8 bytes).
    Removing view.o(.ARM.exidx.text.Render_Item_Alarm_Repeat_Name), (8 bytes).
    Removing view.o(.ARM.exidx.text.Render_Item_Alarm_Repeat_Value), (8 bytes).
    Removing view.o(.ARM.exidx.text.Render_Item_Beep_Mode1_Name), (8 bytes).
    Removing view.o(.ARM.exidx.text.Render_Item_Beep_Mode1_Value), (8 bytes).
    Removing view.o(.ARM.exidx.text.Render_Item_Beep_Mode2_Name), (8 bytes).
    Removing view.o(.ARM.exidx.text.Render_Item_Beep_Mode2_Value), (8 bytes).
    Removing view.o(.ARM.exidx.text.Render_Item_Beep_Mode3_Name), (8 bytes).
    Removing view.o(.ARM.exidx.text.Render_Item_Beep_Mode3_Value), (8 bytes).
    Removing view.o(.ARM.exidx.text.OUTLINED_FUNCTION_0), (8 bytes).
    Removing view.o(.ARM.exidx.text.OUTLINED_FUNCTION_1), (8 bytes).
    Removing view.o(.ARM.exidx.text.OUTLINED_FUNCTION_2), (8 bytes).
    Removing view.o(.ARM.exidx.text.OUTLINED_FUNCTION_3), (8 bytes).
    Removing view.o(.ARM.exidx.text.OUTLINED_FUNCTION_4), (8 bytes).
    Removing fmul.o(.text), (100 bytes).
    Removing fdiv.o(.text), (124 bytes).
    Removing dmul.o(.text), (228 bytes).
    Removing ddiv.o(.text), (222 bytes).
    Removing ffltui.o(.text), (10 bytes).
    Removing dfltui.o(.text), (26 bytes).
    Removing dfixi.o(.text), (62 bytes).
    Removing f2d.o(.text), (38 bytes).
    Removing d2f.o(.text), (56 bytes).
    Removing fepilogue.o(.text), (110 bytes).
    Removing depilogue.o(.text), (186 bytes).
    Removing dadd.o(.text), (334 bytes).
    Removing dscalb.o(.text), (46 bytes).
    Removing dflti.o(.text), (34 bytes).

203 unused section(s) (total 5736 bytes) removed from the image.

==============================================================================

Image Symbol Table

    Local Symbols

    Symbol Name                              Value     Ov Type        Size  Object(Section)

    ../clib/microlib/errno.c                 0x00000000   Number         0  errno.o ABSOLUTE
    ../clib/microlib/init/entry.s            0x00000000   Number         0  entry.o ABSOLUTE
    ../clib/microlib/init/entry.s            0x00000000   Number         0  entry2.o ABSOLUTE
    ../clib/microlib/init/entry.s            0x00000000   Number         0  entry5.o ABSOLUTE
    ../clib/microlib/init/entry.s            0x00000000   Number         0  entry7a.o ABSOLUTE
    ../clib/microlib/init/entry.s            0x00000000   Number         0  entry7b.o ABSOLUTE
    ../clib/microlib/init/entry.s            0x00000000   Number         0  entry8a.o ABSOLUTE
    ../clib/microlib/init/entry.s            0x00000000   Number         0  entry8b.o ABSOLUTE
    ../clib/microlib/init/entry.s            0x00000000   Number         0  entry9a.o ABSOLUTE
    ../clib/microlib/init/entry.s            0x00000000   Number         0  entry9b.o ABSOLUTE
    ../clib/microlib/init/entry.s            0x00000000   Number         0  entry10a.o ABSOLUTE
    ../clib/microlib/init/entry.s            0x00000000   Number         0  entry10b.o ABSOLUTE
    ../clib/microlib/init/entry.s            0x00000000   Number         0  entry11a.o ABSOLUTE
    ../clib/microlib/init/entry.s            0x00000000   Number         0  entry11b.o ABSOLUTE
    ../clib/microlib/longlong.c              0x00000000   Number         0  llushr.o ABSOLUTE
    ../clib/microlib/longlong.c              0x00000000   Number         0  llshl.o ABSOLUTE
    ../clib/microlib/longlong.c              0x00000000   Number         0  llsshr.o ABSOLUTE
    ../clib/microlib/string/memcpy.c         0x00000000   Number         0  memcpya.o ABSOLUTE
    ../clib/microlib/string/memcpy.c         0x00000000   Number         0  memcpyb.o ABSOLUTE
    ../clib/microlib/string/memset.c         0x00000000   Number         0  memseta.o ABSOLUTE
    ../clib/microlib/string/strstr.c         0x00000000   Number         0  strstr.o ABSOLUTE
    ../clib/microlib/stubs.s                 0x00000000   Number         0  iusefp.o ABSOLUTE
    ../fplib/microlib/d2f.c                  0x00000000   Number         0  d2f.o ABSOLUTE
    ../fplib/microlib/f2d.c                  0x00000000   Number         0  f2d.o ABSOLUTE
    ../fplib/microlib/fpadd.c                0x00000000   Number         0  dadd.o ABSOLUTE
    ../fplib/microlib/fpdiv.c                0x00000000   Number         0  fdiv.o ABSOLUTE
    ../fplib/microlib/fpdiv.c                0x00000000   Number         0  ddiv.o ABSOLUTE
    ../fplib/microlib/fpepilogue.c           0x00000000   Number         0  fepilogue.o ABSOLUTE
    ../fplib/microlib/fpepilogue.c           0x00000000   Number         0  depilogue.o ABSOLUTE
    ../fplib/microlib/fpfix.c                0x00000000   Number         0  dfixi.o ABSOLUTE
    ../fplib/microlib/fpflt.c                0x00000000   Number         0  ffltui.o ABSOLUTE
    ../fplib/microlib/fpflt.c                0x00000000   Number         0  dfltui.o ABSOLUTE
    ../fplib/microlib/fpflt.c                0x00000000   Number         0  dflti.o ABSOLUTE
    ../fplib/microlib/fpmul.c                0x00000000   Number         0  fmul.o ABSOLUTE
    ../fplib/microlib/fpmul.c                0x00000000   Number         0  dmul.o ABSOLUTE
    ../fplib/microlib/fpscalb.c              0x00000000   Number         0  dscalb.o ABSOLUTE
    ../mathlib/cos.c                         0x00000000   Number         0  cos.o ABSOLUTE
    ../mathlib/cos_i.c                       0x00000000   Number         0  cos_i.o ABSOLUTE
    ../mathlib/dunder.c                      0x00000000   Number         0  dunder.o ABSOLUTE
    ../mathlib/fpclassify.c                  0x00000000   Number         0  fpclassify.o ABSOLUTE
    ../mathlib/poly.c                        0x00000000   Number         0  poly.o ABSOLUTE
    ../mathlib/rred.c                        0x00000000   Number         0  rred.o ABSOLUTE
    ../mathlib/sin.c                         0x00000000   Number         0  sin.o ABSOLUTE
    ../mathlib/sin_i.c                       0x00000000   Number         0  sin_i.o ABSOLUTE
    control.c                                0x00000000   Number         0  control.o ABSOLUTE
    dc.s                                     0x00000000   Number         0  dc.o ABSOLUTE
    gpio.c                                   0x00000000   Number         0  gpio.o ABSOLUTE
    handlers.s                               0x00000000   Number         0  handlers.o ABSOLUTE
    init.s                                   0x00000000   Number         0  init.o ABSOLUTE
    main.c                                   0x00000000   Number         0  main.o ABSOLUTE
    model.c                                  0x00000000   Number         0  model.o ABSOLUTE
    spi.c                                    0x00000000   Number         0  spi.o ABSOLUTE
    ssd1306.c                                0x00000000   Number         0  ssd1306.o ABSOLUTE
    ssd1306_fonts.c                          0x00000000   Number         0  ssd1306_fonts.o ABSOLUTE
    startup_stm32f103x6.s                    0x00000000   Number         0  startup_stm32f103x6.o ABSOLUTE
    stm32f1xx_it.c                           0x00000000   Number         0  stm32f1xx_it.o ABSOLUTE
    stm32f1xx_ll_dma.c                       0x00000000   Number         0  stm32f1xx_ll_dma.o ABSOLUTE
    stm32f1xx_ll_exti.c                      0x00000000   Number         0  stm32f1xx_ll_exti.o ABSOLUTE
    stm32f1xx_ll_flash_ex.c                  0x00000000   Number         0  stm32f1xx_ll_flash_ex.o ABSOLUTE
    stm32f1xx_ll_gpio.c                      0x00000000   Number         0  stm32f1xx_ll_gpio.o ABSOLUTE
    stm32f1xx_ll_pwr.c                       0x00000000   Number         0  stm32f1xx_ll_pwr.o ABSOLUTE
    stm32f1xx_ll_rcc.c                       0x00000000   Number         0  stm32f1xx_ll_rcc.o ABSOLUTE
    stm32f1xx_ll_spi.c                       0x00000000   Number         0  stm32f1xx_ll_spi.o ABSOLUTE
    stm32f1xx_ll_usart.c                     0x00000000   Number         0  stm32f1xx_ll_usart.o ABSOLUTE
    stm32f1xx_ll_utils.c                     0x00000000   Number         0  stm32f1xx_ll_utils.o ABSOLUTE
    system_stm32f1xx.c                       0x00000000   Number         0  system_stm32f1xx.o ABSOLUTE
    timer.c                                  0x00000000   Number         0  timer.o ABSOLUTE
    usart.c                                  0x00000000   Number         0  usart.o ABSOLUTE
    view.c                                   0x00000000   Number         0  view.o ABSOLUTE
    RESET                                    0x08000000   Section      236  startup_stm32f103x6.o(RESET)
    .ARM.Collect$$$$00000000                 0x080000ec   Section        0  entry.o(.ARM.Collect$$$$00000000)
    .ARM.Collect$$$$00000001                 0x080000ec   Section        4  entry2.o(.ARM.Collect$$$$00000001)
    .ARM.Collect$$$$00000004                 0x080000f0   Section        4  entry5.o(.ARM.Collect$$$$00000004)
    .ARM.Collect$$$$00000008                 0x080000f4   Section        0  entry7b.o(.ARM.Collect$$$$00000008)
    .ARM.Collect$$$$0000000A                 0x080000f4   Section        0  entry8b.o(.ARM.Collect$$$$0000000A)
    .ARM.Collect$$$$0000000B                 0x080000f4   Section        8  entry9a.o(.ARM.Collect$$$$0000000B)
    __lit__00000000                          0x080000fc   Data           4  entry2.o(.ARM.Collect$$$$00002712)
    .ARM.Collect$$$$0000000D                 0x080000fc   Section        0  entry10a.o(.ARM.Collect$$$$0000000D)
    .ARM.Collect$$$$0000000F                 0x080000fc   Section        0  entry11a.o(.ARM.Collect$$$$0000000F)
    .ARM.Collect$$$$00002712                 0x080000fc   Section        4  entry2.o(.ARM.Collect$$$$00002712)
    .text                                    0x08000100   Section       36  startup_stm32f103x6.o(.text)
    .text                                    0x08000124   Section        0  memcpya.o(.text)
    .text                                    0x08000148   Section        0  strstr.o(.text)
    .text                                    0x0800016c   Section       36  init.o(.text)
    BEEP_On_Mode1                            0x08000191   Thumb Code     2  control.o(.text.BEEP_On_Mode1)
    [Anonymous Symbol]                       0x08000190   Section        0  control.o(.text.BEEP_On_Mode1)
    BEEP_On_Mode2                            0x08000193   Thumb Code     2  control.o(.text.BEEP_On_Mode2)
    [Anonymous Symbol]                       0x08000192   Section        0  control.o(.text.BEEP_On_Mode2)
    BEEP_On_Mode3                            0x08000195   Thumb Code     2  control.o(.text.BEEP_On_Mode3)
    [Anonymous Symbol]                       0x08000194   Section        0  control.o(.text.BEEP_On_Mode3)
    [Anonymous Symbol]                       0x08000198   Section        0  control.o(.text.BTN_Press)
    __arm_cp.1_0                             0x0800037c   Number         4  control.o(.text.BTN_Press)
    __arm_cp.1_1                             0x08000380   Number         4  control.o(.text.BTN_Press)
    __arm_cp.1_2                             0x08000384   Number         4  control.o(.text.BTN_Press)
    __arm_cp.1_3                             0x08000388   Number         4  control.o(.text.BTN_Press)
    __arm_cp.1_4                             0x0800038c   Number         4  control.o(.text.BTN_Press)
    __arm_cp.1_5                             0x08000390   Number         4  control.o(.text.BTN_Press)
    __arm_cp.1_6                             0x08000394   Number         4  control.o(.text.BTN_Press)
    __arm_cp.1_7                             0x08000398   Number         4  control.o(.text.BTN_Press)
    __arm_cp.1_8                             0x0800039c   Number         4  control.o(.text.BTN_Press)
    __arm_cp.1_9                             0x080003a0   Number         4  control.o(.text.BTN_Press)
    __arm_cp.1_10                            0x080003a4   Number         4  control.o(.text.BTN_Press)
    __arm_cp.1_11                            0x080003a8   Number         4  control.o(.text.BTN_Press)
    beep_fn                                  0x080003ac   Number         0  control.o(.text.BTN_Press)
    Change_Select                            0x080003b9   Thumb Code    30  control.o(.text.Change_Select)
    [Anonymous Symbol]                       0x080003b8   Section        0  control.o(.text.Change_Select)
    Change_Value                             0x080003d7   Thumb Code    30  control.o(.text.Change_Value)
    [Anonymous Symbol]                       0x080003d6   Section        0  control.o(.text.Change_Value)
    Check_List_Offset                        0x080003f5   Thumb Code    40  view.o(.text.Check_List_Offset)
    [Anonymous Symbol]                       0x080003f4   Section        0  view.o(.text.Check_List_Offset)
    Comma_Pos                                0x0800041d   Thumb Code    36  timer.o(.text.Comma_Pos)
    [Anonymous Symbol]                       0x0800041c   Section        0  timer.o(.text.Comma_Pos)
    [Anonymous Symbol]                       0x08000440   Section        0  control.o(.text.Control_Init)
    [Anonymous Symbol]                       0x08000450   Section        0  stm32f1xx_it.o(.text.EXTI15_10_IRQHandler)
    __arm_cp.2_0                             0x080004a4   Number         4  stm32f1xx_it.o(.text.EXTI15_10_IRQHandler)
    LL_APB2_GRP1_EnableClock                 0x080004a9   Thumb Code    24  gpio.o(.text.LL_APB2_GRP1_EnableClock)
    [Anonymous Symbol]                       0x080004a8   Section        0  gpio.o(.text.LL_APB2_GRP1_EnableClock)
    LL_APB2_GRP1_EnableClock                 0x080004c1   Thumb Code    24  spi.o(.text.LL_APB2_GRP1_EnableClock)
    [Anonymous Symbol]                       0x080004c0   Section        0  spi.o(.text.LL_APB2_GRP1_EnableClock)
    __arm_cp.1_0                             0x080004d8   Number         4  spi.o(.text.LL_APB2_GRP1_EnableClock)
    [Anonymous Symbol]                       0x080004dc   Section        0  stm32f1xx_ll_exti.o(.text.LL_EXTI_Init)
    __arm_cp.1_0                             0x08000564   Number         4  stm32f1xx_ll_exti.o(.text.LL_EXTI_Init)
    [Anonymous Symbol]                       0x08000568   Section        0  stm32f1xx_ll_gpio.o(.text.LL_GPIO_Init)
    [Anonymous Symbol]                       0x08000614   Section        0  stm32f1xx_ll_utils.o(.text.LL_Init1msTick)
    [Anonymous Symbol]                       0x0800062c   Section        0  stm32f1xx_ll_rcc.o(.text.LL_RCC_GetSystemClocksFreq)
    __arm_cp.1_0                             0x08000664   Number         4  stm32f1xx_ll_rcc.o(.text.LL_RCC_GetSystemClocksFreq)
    __arm_cp.1_1                             0x08000668   Number         4  stm32f1xx_ll_rcc.o(.text.LL_RCC_GetSystemClocksFreq)
    __arm_cp.1_2                             0x0800066c   Number         4  stm32f1xx_ll_rcc.o(.text.LL_RCC_GetSystemClocksFreq)
    [Anonymous Symbol]                       0x08000670   Section        0  stm32f1xx_ll_spi.o(.text.LL_SPI_Init)
    [Anonymous Symbol]                       0x080006d0   Section        0  stm32f1xx_ll_utils.o(.text.LL_SetSystemCoreClock)
    __arm_cp.2_0                             0x080006d8   Number         4  stm32f1xx_ll_utils.o(.text.LL_SetSystemCoreClock)
    [Anonymous Symbol]                       0x080006dc   Section        0  stm32f1xx_ll_usart.o(.text.LL_USART_Init)
    __arm_cp.1_1                             0x08000778   Number         4  stm32f1xx_ll_usart.o(.text.LL_USART_Init)
    [Anonymous Symbol]                       0x0800077c   Section        0  stm32f1xx_ll_utils.o(.text.LL_mDelay)
    __arm_cp.1_0                             0x080007a0   Number         4  stm32f1xx_ll_utils.o(.text.LL_mDelay)
    [Anonymous Symbol]                       0x080007a4   Section        0  model.o(.text.Load_Data)
    __arm_cp.2_0                             0x080007d4   Number         4  model.o(.text.Load_Data)
    __arm_cp.2_1                             0x080007d8   Number         4  model.o(.text.Load_Data)
    [Anonymous Symbol]                       0x080007dc   Section        0  gpio.o(.text.MX_GPIO_Init)
    __arm_cp.0_0                             0x0800094c   Number         4  gpio.o(.text.MX_GPIO_Init)
    __arm_cp.0_1                             0x08000950   Number         4  gpio.o(.text.MX_GPIO_Init)
    __arm_cp.0_2                             0x08000954   Number         4  gpio.o(.text.MX_GPIO_Init)
    __arm_cp.0_4                             0x08000958   Number         4  gpio.o(.text.MX_GPIO_Init)
    __arm_cp.0_5                             0x0800095c   Number         4  gpio.o(.text.MX_GPIO_Init)
    __arm_cp.0_6                             0x08000960   Number         4  gpio.o(.text.MX_GPIO_Init)
    __arm_cp.0_7                             0x08000964   Number         4  gpio.o(.text.MX_GPIO_Init)
    __arm_cp.0_8                             0x08000968   Number         4  gpio.o(.text.MX_GPIO_Init)
    __arm_cp.0_9                             0x0800096c   Number         4  gpio.o(.text.MX_GPIO_Init)
    __arm_cp.0_10                            0x08000970   Number         4  gpio.o(.text.MX_GPIO_Init)
    __arm_cp.0_11                            0x08000974   Number         4  gpio.o(.text.MX_GPIO_Init)
    [Anonymous Symbol]                       0x08000978   Section        0  spi.o(.text.MX_SPI1_Init)
    __arm_cp.0_0                             0x080009dc   Number         4  spi.o(.text.MX_SPI1_Init)
    __arm_cp.0_1                             0x080009e0   Number         4  spi.o(.text.MX_SPI1_Init)
    [Anonymous Symbol]                       0x080009e4   Section        0  usart.o(.text.MX_USART2_UART_Init)
    __arm_cp.0_0                             0x08000abc   Number         4  usart.o(.text.MX_USART2_UART_Init)
    __arm_cp.0_1                             0x08000ac0   Number         4  usart.o(.text.MX_USART2_UART_Init)
    __arm_cp.0_2                             0x08000ac4   Number         4  usart.o(.text.MX_USART2_UART_Init)
    __arm_cp.0_3                             0x08000ac8   Number         4  usart.o(.text.MX_USART2_UART_Init)
    __arm_cp.0_4                             0x08000acc   Number         4  usart.o(.text.MX_USART2_UART_Init)
    [Anonymous Symbol]                       0x08000ad0   Section        0  model.o(.text.Model_GetAlarmsLen)
    OUTLINED_FUNCTION_0                      0x08000ad5   Thumb Code    16  gpio.o(.text.OUTLINED_FUNCTION_0)
    [Anonymous Symbol]                       0x08000ad4   Section        0  gpio.o(.text.OUTLINED_FUNCTION_0)
    OUTLINED_FUNCTION_0                      0x08000ae5   Thumb Code    20  view.o(.text.OUTLINED_FUNCTION_0)
    [Anonymous Symbol]                       0x08000ae4   Section        0  view.o(.text.OUTLINED_FUNCTION_0)
    OUTLINED_FUNCTION_1                      0x08000af9   Thumb Code    10  gpio.o(.text.OUTLINED_FUNCTION_1)
    [Anonymous Symbol]                       0x08000af8   Section        0  gpio.o(.text.OUTLINED_FUNCTION_1)
    OUTLINED_FUNCTION_1                      0x08000b03   Thumb Code     8  view.o(.text.OUTLINED_FUNCTION_1)
    [Anonymous Symbol]                       0x08000b02   Section        0  view.o(.text.OUTLINED_FUNCTION_1)
    OUTLINED_FUNCTION_2                      0x08000b0b   Thumb Code    12  gpio.o(.text.OUTLINED_FUNCTION_2)
    [Anonymous Symbol]                       0x08000b0a   Section        0  gpio.o(.text.OUTLINED_FUNCTION_2)
    OUTLINED_FUNCTION_2                      0x08000b17   Thumb Code     6  view.o(.text.OUTLINED_FUNCTION_2)
    [Anonymous Symbol]                       0x08000b16   Section        0  view.o(.text.OUTLINED_FUNCTION_2)
    OUTLINED_FUNCTION_3                      0x08000b1d   Thumb Code    10  view.o(.text.OUTLINED_FUNCTION_3)
    [Anonymous Symbol]                       0x08000b1c   Section        0  view.o(.text.OUTLINED_FUNCTION_3)
    OUTLINED_FUNCTION_4                      0x08000b27   Thumb Code     6  view.o(.text.OUTLINED_FUNCTION_4)
    [Anonymous Symbol]                       0x08000b26   Section        0  view.o(.text.OUTLINED_FUNCTION_4)
    Pow                                      0x08000b2d   Thumb Code    20  timer.o(.text.Pow)
    [Anonymous Symbol]                       0x08000b2c   Section        0  timer.o(.text.Pow)
    [Anonymous Symbol]                       0x08000b40   Section        0  stm32f1xx_ll_rcc.o(.text.RCC_GetSystemClockFreq)
    [Anonymous Symbol]                       0x08000b54   Section        0  stm32f1xx_ll_rcc.o(.text.RCC_PLL_GetFreqDomain_SYS)
    __arm_cp.7_0                             0x08000b7c   Number         4  stm32f1xx_ll_rcc.o(.text.RCC_PLL_GetFreqDomain_SYS)
    __arm_cp.7_1                             0x08000b80   Number         4  stm32f1xx_ll_rcc.o(.text.RCC_PLL_GetFreqDomain_SYS)
    __arm_cp.7_2                             0x08000b84   Number         4  stm32f1xx_ll_rcc.o(.text.RCC_PLL_GetFreqDomain_SYS)
    [Anonymous Symbol]                       0x08000b88   Section        0  control.o(.text.Refresh_Time)
    [Anonymous Symbol]                       0x08000ba8   Section        0  view.o(.text.Render)
    __arm_cp.0_0                             0x08000ea0   Number         4  view.o(.text.Render)
    __arm_cp.0_1                             0x08000ea4   Number         4  view.o(.text.Render)
    __arm_cp.0_2                             0x08000ea8   Number         4  view.o(.text.Render)
    __arm_cp.0_3                             0x08000eac   Number         4  view.o(.text.Render)
    __arm_cp.0_4                             0x08000eb0   Number         4  view.o(.text.Render)
    __arm_cp.0_5                             0x08000eb4   Number         4  view.o(.text.Render)
    __arm_cp.0_6                             0x08000eb8   Number         4  view.o(.text.Render)
    __arm_cp.0_7                             0x08000ebc   Number         4  view.o(.text.Render)
    __arm_cp.0_8                             0x08000ec0   Number         4  view.o(.text.Render)
    __arm_cp.0_9                             0x08000ec4   Number         4  view.o(.text.Render)
    __arm_cp.0_10                            0x08000ec8   Number         4  view.o(.text.Render)
    __arm_cp.0_11                            0x08000ecc   Number         4  view.o(.text.Render)
    __arm_cp.0_12                            0x08000ed0   Number         4  view.o(.text.Render)
    __arm_cp.0_13                            0x08000ed4   Number         4  view.o(.text.Render)
    __arm_cp.0_14                            0x08000ed8   Number         4  view.o(.text.Render)
    __arm_cp.0_15                            0x08000edc   Number         4  view.o(.text.Render)
    __arm_cp.0_16                            0x08000ee0   Number         4  view.o(.text.Render)
    __arm_cp.0_17                            0x08000ee4   Number         4  view.o(.text.Render)
    __arm_cp.0_19                            0x08000f04   Number         4  view.o(.text.Render)
    __arm_cp.0_20                            0x08000f08   Number         4  view.o(.text.Render)
    __arm_cp.0_21                            0x08000f0c   Number         4  view.o(.text.Render)
    Render_Item_Alarm_Enable_Name            0x08000f3d   Thumb Code    16  view.o(.text.Render_Item_Alarm_Enable_Name)
    [Anonymous Symbol]                       0x08000f3c   Section        0  view.o(.text.Render_Item_Alarm_Enable_Name)
    __arm_cp.8_0                             0x08000f4c   Number         4  view.o(.text.Render_Item_Alarm_Enable_Name)
    Render_Item_Alarm_Enable_Value           0x08000f59   Thumb Code    60  view.o(.text.Render_Item_Alarm_Enable_Value)
    [Anonymous Symbol]                       0x08000f58   Section        0  view.o(.text.Render_Item_Alarm_Enable_Value)
    __arm_cp.9_2                             0x08000f94   Number         4  view.o(.text.Render_Item_Alarm_Enable_Value)
    __arm_cp.9_3                             0x08000f98   Number         4  view.o(.text.Render_Item_Alarm_Enable_Value)
    Render_Item_Alarm_Repeat_Name            0x08000f9d   Thumb Code    16  view.o(.text.Render_Item_Alarm_Repeat_Name)
    [Anonymous Symbol]                       0x08000f9c   Section        0  view.o(.text.Render_Item_Alarm_Repeat_Name)
    __arm_cp.12_0                            0x08000fac   Number         4  view.o(.text.Render_Item_Alarm_Repeat_Name)
    Render_Item_Alarm_Repeat_Value           0x08000fb9   Thumb Code    60  view.o(.text.Render_Item_Alarm_Repeat_Value)
    [Anonymous Symbol]                       0x08000fb8   Section        0  view.o(.text.Render_Item_Alarm_Repeat_Value)
    Render_Item_Alarm_Time_Name              0x08000ff5   Thumb Code    16  view.o(.text.Render_Item_Alarm_Time_Name)
    [Anonymous Symbol]                       0x08000ff4   Section        0  view.o(.text.Render_Item_Alarm_Time_Name)
    __arm_cp.10_0                            0x08001004   Number         4  view.o(.text.Render_Item_Alarm_Time_Name)
    Render_Item_Alarm_Time_Value             0x08001011   Thumb Code   108  view.o(.text.Render_Item_Alarm_Time_Value)
    [Anonymous Symbol]                       0x08001010   Section        0  view.o(.text.Render_Item_Alarm_Time_Value)
    __arm_cp.11_0                            0x0800107c   Number         4  view.o(.text.Render_Item_Alarm_Time_Value)
    __arm_cp.11_1                            0x08001080   Number         4  view.o(.text.Render_Item_Alarm_Time_Value)
    Render_Item_Alarms_Name                  0x08001085   Thumb Code    16  view.o(.text.Render_Item_Alarms_Name)
    [Anonymous Symbol]                       0x08001084   Section        0  view.o(.text.Render_Item_Alarms_Name)
    __arm_cp.2_0                             0x08001094   Number         4  view.o(.text.Render_Item_Alarms_Name)
    Render_Item_Beep_Mode1_Name              0x080010a1   Thumb Code    16  view.o(.text.Render_Item_Beep_Mode1_Name)
    [Anonymous Symbol]                       0x080010a0   Section        0  view.o(.text.Render_Item_Beep_Mode1_Name)
    __arm_cp.14_0                            0x080010b0   Number         4  view.o(.text.Render_Item_Beep_Mode1_Name)
    Render_Item_Beep_Mode1_Value             0x080010bd   Thumb Code    16  view.o(.text.Render_Item_Beep_Mode1_Value)
    [Anonymous Symbol]                       0x080010bc   Section        0  view.o(.text.Render_Item_Beep_Mode1_Value)
    __arm_cp.15_0                            0x080010cc   Number         4  view.o(.text.Render_Item_Beep_Mode1_Value)
    Render_Item_Beep_Mode2_Name              0x080010d9   Thumb Code    16  view.o(.text.Render_Item_Beep_Mode2_Name)
    [Anonymous Symbol]                       0x080010d8   Section        0  view.o(.text.Render_Item_Beep_Mode2_Name)
    __arm_cp.16_0                            0x080010e8   Number         4  view.o(.text.Render_Item_Beep_Mode2_Name)
    Render_Item_Beep_Mode2_Value             0x080010f5   Thumb Code    16  view.o(.text.Render_Item_Beep_Mode2_Value)
    [Anonymous Symbol]                       0x080010f4   Section        0  view.o(.text.Render_Item_Beep_Mode2_Value)
    __arm_cp.17_0                            0x08001104   Number         4  view.o(.text.Render_Item_Beep_Mode2_Value)
    Render_Item_Beep_Mode3_Name              0x08001111   Thumb Code    16  view.o(.text.Render_Item_Beep_Mode3_Name)
    [Anonymous Symbol]                       0x08001110   Section        0  view.o(.text.Render_Item_Beep_Mode3_Name)
    __arm_cp.18_0                            0x08001120   Number         4  view.o(.text.Render_Item_Beep_Mode3_Name)
    Render_Item_Beep_Mode3_Value             0x0800112d   Thumb Code    16  view.o(.text.Render_Item_Beep_Mode3_Value)
    [Anonymous Symbol]                       0x0800112c   Section        0  view.o(.text.Render_Item_Beep_Mode3_Value)
    __arm_cp.19_0                            0x0800113c   Number         4  view.o(.text.Render_Item_Beep_Mode3_Value)
    Render_Item_Contrast_Name                0x08001149   Thumb Code    16  view.o(.text.Render_Item_Contrast_Name)
    [Anonymous Symbol]                       0x08001148   Section        0  view.o(.text.Render_Item_Contrast_Name)
    __arm_cp.3_0                             0x08001158   Number         4  view.o(.text.Render_Item_Contrast_Name)
    Render_Item_Contrast_Value               0x08001169   Thumb Code    48  view.o(.text.Render_Item_Contrast_Value)
    [Anonymous Symbol]                       0x08001168   Section        0  view.o(.text.Render_Item_Contrast_Value)
    __arm_cp.4_0                             0x08001198   Number         4  view.o(.text.Render_Item_Contrast_Value)
    Render_Item_Duration_Name                0x0800119d   Thumb Code    16  view.o(.text.Render_Item_Duration_Name)
    [Anonymous Symbol]                       0x0800119c   Section        0  view.o(.text.Render_Item_Duration_Name)
    __arm_cp.5_0                             0x080011ac   Number         4  view.o(.text.Render_Item_Duration_Name)
    Render_Item_Duration_Value               0x080011bd   Thumb Code    64  view.o(.text.Render_Item_Duration_Value)
    [Anonymous Symbol]                       0x080011bc   Section        0  view.o(.text.Render_Item_Duration_Value)
    __arm_cp.6_0                             0x080011fc   Number         4  view.o(.text.Render_Item_Duration_Value)
    __arm_cp.6_1                             0x08001200   Number         4  view.o(.text.Render_Item_Duration_Value)
    Render_Items_General                     0x08001205   Thumb Code   120  view.o(.text.Render_Items_General)
    [Anonymous Symbol]                       0x08001204   Section        0  view.o(.text.Render_Items_General)
    __arm_cp.7_0                             0x0800127c   Number         4  view.o(.text.Render_Items_General)
    Str2num                                  0x08001281   Thumb Code   234  timer.o(.text.Str2num)
    [Anonymous Symbol]                       0x08001280   Section        0  timer.o(.text.Str2num)
    [Anonymous Symbol]                       0x0800136c   Section        0  stm32f1xx_it.o(.text.SysTick_Handler)
    __arm_cp.0_0                             0x08001378   Number         4  stm32f1xx_it.o(.text.SysTick_Handler)
    [Anonymous Symbol]                       0x0800137c   Section        0  main.o(.text.SystemClock_Config)
    __arm_cp.1_0                             0x080013fc   Number         4  main.o(.text.SystemClock_Config)
    __arm_cp.1_1                             0x08001400   Number         4  main.o(.text.SystemClock_Config)
    __arm_cp.1_2                             0x08001404   Number         4  main.o(.text.SystemClock_Config)
    [Anonymous Symbol]                       0x08001408   Section        0  system_stm32f1xx.o(.text.SystemInit)
    [Anonymous Symbol]                       0x0800140c   Section        0  timer.o(.text.TIMER_Get_Msg)
    __arm_cp.1_0                             0x08001594   Number         4  timer.o(.text.TIMER_Get_Msg)
    [Anonymous Symbol]                       0x0800159c   Section        0  timer.o(.text.TIMER_Init)
    [Anonymous Symbol]                       0x08001604   Section        0  stm32f1xx_it.o(.text.USART2_IRQHandler)
    __arm_cp.1_0                             0x08001618   Number         4  stm32f1xx_it.o(.text.USART2_IRQHandler)
    [Anonymous Symbol]                       0x0800161c   Section        0  usart.o(.text.USART_Send)
    [Anonymous Symbol]                       0x0800163c   Section        0  model.o(.text.Update_View)
    __arm_cp.1_0                             0x08001660   Number         4  model.o(.text.Update_View)
    __arm_cp.1_1                             0x08001664   Number         4  model.o(.text.Update_View)
    [Anonymous Symbol]                       0x08001668   Section        0  main.o(.text.main)
    __arm_cp.0_0                             0x08001700   Number         4  main.o(.text.main)
    __arm_cp.0_1                             0x08001704   Number         4  main.o(.text.main)
    __arm_cp.0_2                             0x08001708   Number         4  main.o(.text.main)
    __arm_cp.0_3                             0x0800170c   Number         4  main.o(.text.main)
    __arm_cp.0_4                             0x08001710   Number         4  main.o(.text.main)
    [Anonymous Symbol]                       0x08001714   Section        0  ssd1306.o(.text.ssd1306_DrawPixel)
    [Anonymous Symbol]                       0x08001744   Section        0  ssd1306.o(.text.ssd1306_Fill)
    [Anonymous Symbol]                       0x08001760   Section        0  ssd1306.o(.text.ssd1306_Init)
    [Anonymous Symbol]                       0x080017f4   Section        0  ssd1306.o(.text.ssd1306_Reset)
    [Anonymous Symbol]                       0x08001818   Section        0  ssd1306.o(.text.ssd1306_SetContrast)
    [Anonymous Symbol]                       0x0800182c   Section        0  ssd1306.o(.text.ssd1306_SetCursor)
    [Anonymous Symbol]                       0x08001834   Section        0  ssd1306.o(.text.ssd1306_SetDisplayOn)
    __arm_cp.5_0                             0x0800184c   Number         4  ssd1306.o(.text.ssd1306_SetDisplayOn)
    [Anonymous Symbol]                       0x08001850   Section        0  ssd1306.o(.text.ssd1306_UpdateScreen)
    __arm_cp.8_0                             0x0800187c   Number         4  ssd1306.o(.text.ssd1306_UpdateScreen)
    __arm_cp.8_1                             0x08001880   Number         4  ssd1306.o(.text.ssd1306_UpdateScreen)
    [Anonymous Symbol]                       0x08001884   Section        0  ssd1306.o(.text.ssd1306_WriteChar)
    __arm_cp.10_0                            0x08001928   Number         4  ssd1306.o(.text.ssd1306_WriteChar)
    [Anonymous Symbol]                       0x0800192c   Section        0  ssd1306.o(.text.ssd1306_WriteCommand)
    __arm_cp.1_1                             0x08001950   Number         4  ssd1306.o(.text.ssd1306_WriteCommand)
    [Anonymous Symbol]                       0x08001954   Section        0  ssd1306.o(.text.ssd1306_WriteData)
    __arm_cp.2_0                             0x08001984   Number         4  ssd1306.o(.text.ssd1306_WriteData)
    __arm_cp.2_1                             0x08001988   Number         4  ssd1306.o(.text.ssd1306_WriteData)
    [Anonymous Symbol]                       0x0800198c   Section        0  ssd1306.o(.text.ssd1306_WriteNumber)
    [Anonymous Symbol]                       0x080019f6   Section        0  ssd1306.o(.text.ssd1306_WriteString)
    i.__scatterload_copy                     0x08001a20   Section       14  handlers.o(i.__scatterload_copy)
    i.__scatterload_null                     0x08001a2e   Section        2  handlers.o(i.__scatterload_null)
    i.__scatterload_zeroinit                 0x08001a30   Section       14  handlers.o(i.__scatterload_zeroinit)
    [Anonymous Symbol]                       0x08001a40   Section        0  view.o(.rodata..L__const.Render_Page_Alarm_Setting.items)
    [Anonymous Symbol]                       0x08001a58   Section        0  view.o(.rodata..L__const.Render_Page_Beep.items)
    [Anonymous Symbol]                       0x08001a70   Section        0  view.o(.rodata..L__const.Render_Page_Setting.items)
    [Anonymous Symbol]                       0x08001a88   Section        0  view.o(.rodata..L__const.Render_Page_Week.weeks)
    Font11x18                                0x08001ae6   Data         936  ssd1306_fonts.o(.rodata.Font11x18)
    [Anonymous Symbol]                       0x08001ae6   Section        0  ssd1306_fonts.o(.rodata.Font11x18)
    Font16x26                                0x08001e8e   Data        1404  ssd1306_fonts.o(.rodata.Font16x26)
    [Anonymous Symbol]                       0x08001e8e   Section        0  ssd1306_fonts.o(.rodata.Font16x26)
    Font6x8                                  0x0800240a   Data        1520  ssd1306_fonts.o(.rodata.Font6x8)
    [Anonymous Symbol]                       0x0800240a   Section        0  ssd1306_fonts.o(.rodata.Font6x8)
    Font7x10                                 0x080029fa   Data        1900  ssd1306_fonts.o(.rodata.Font7x10)
    [Anonymous Symbol]                       0x080029fa   Section        0  ssd1306_fonts.o(.rodata.Font7x10)
    [Anonymous Symbol]                       0x08003166   Section        0  view.o(.rodata.str1.1)
    [Anonymous Symbol]                       0x20000000   Section        0  model.o(.data..L_MergedGlobals)
    TIMER_Get_Msg.size                       0x20000088   Data           1  timer.o(.bss..L_MergedGlobals)
    [Anonymous Symbol]                       0x20000088   Section        0  timer.o(.bss..L_MergedGlobals)
    TIMER_Get_Msg.msg                        0x20000092   Data         100  timer.o(.bss..L_MergedGlobals)
    SSD1306.0                                0x200000f6   Data           2  ssd1306.o(.bss..L_MergedGlobals)
    [Anonymous Symbol]                       0x200000f6   Section        0  ssd1306.o(.bss..L_MergedGlobals)
    SSD1306.1                                0x200000f8   Data           2  ssd1306.o(.bss..L_MergedGlobals)
    BTN_Press.interval                       0x200000fc   Data           4  control.o(.bss.BTN_Press.interval)
    [Anonymous Symbol]                       0x200000fc   Section        0  control.o(.bss.BTN_Press.interval)
    SSD1306.3                                0x20000104   Data           1  ssd1306.o(.bss.SSD1306.3)
    [Anonymous Symbol]                       0x20000104   Section        0  ssd1306.o(.bss.SSD1306.3)
    SSD1306_Buffer                           0x20000108   Data        1024  ssd1306.o(.bss.SSD1306_Buffer)
    [Anonymous Symbol]                       0x20000108   Section        0  ssd1306.o(.bss.SSD1306_Buffer)
    Update_View._contrast                    0x20000508   Data           1  model.o(.bss.Update_View._contrast)
    [Anonymous Symbol]                       0x20000508   Section        0  model.o(.bss.Update_View._contrast)
    STACK                                    0x20000510   Section     1024  startup_stm32f103x6.o(STACK)

    Global Symbols

    Symbol Name                              Value     Ov Type        Size  Object(Section)

    BuildAttributes$$THM_ISAv4$P$D$K$B$S$PE$A:L22UL41UL21$X:L11$S22US41US21$IEEE1$IW$~IW$USESV6$~STKCKD$USESV7$~SHL$OTIME$ROPI$IEEEX$EBA8$MICROLIB$REQ8$PRES8$EABIv2 0x00000000   Number         0  anon$$obj.o ABSOLUTE
    __cpp_initialize__aeabi_                  - Undefined Weak Reference
    __cxa_finalize                            - Undefined Weak Reference
    __decompress                              - Undefined Weak Reference
    _clock_init                               - Undefined Weak Reference
    _microlib_exit                            - Undefined Weak Reference
    __Vectors_Size                           0x000000ec   Number         0  startup_stm32f103x6.o ABSOLUTE
    __Vectors                                0x08000000   Data           4  startup_stm32f103x6.o(RESET)
    __Vectors_End                            0x080000ec   Data           0  startup_stm32f103x6.o(RESET)
    __main                                   0x080000ed   Thumb Code     0  entry.o(.ARM.Collect$$$$00000000)
    _main_stk                                0x080000ed   Thumb Code     0  entry2.o(.ARM.Collect$$$$00000001)
    _main_scatterload                        0x080000f1   Thumb Code     0  entry5.o(.ARM.Collect$$$$00000004)
    __main_after_scatterload                 0x080000f5   Thumb Code     0  entry5.o(.ARM.Collect$$$$00000004)
    _main_clock                              0x080000f5   Thumb Code     0  entry7b.o(.ARM.Collect$$$$00000008)
    _main_cpp_init                           0x080000f5   Thumb Code     0  entry8b.o(.ARM.Collect$$$$0000000A)
    _main_init                               0x080000f5   Thumb Code     0  entry9a.o(.ARM.Collect$$$$0000000B)
    __rt_final_cpp                           0x080000fd   Thumb Code     0  entry10a.o(.ARM.Collect$$$$0000000D)
    __rt_final_exit                          0x080000fd   Thumb Code     0  entry11a.o(.ARM.Collect$$$$0000000F)
    Reset_Handler                            0x08000101   Thumb Code     8  startup_stm32f103x6.o(.text)
    NMI_Handler                              0x08000109   Thumb Code     2  startup_stm32f103x6.o(.text)
    HardFault_Handler                        0x0800010b   Thumb Code     2  startup_stm32f103x6.o(.text)
    MemManage_Handler                        0x0800010d   Thumb Code     2  startup_stm32f103x6.o(.text)
    BusFault_Handler                         0x0800010f   Thumb Code     2  startup_stm32f103x6.o(.text)
    UsageFault_Handler                       0x08000111   Thumb Code     2  startup_stm32f103x6.o(.text)
    SVC_Handler                              0x08000113   Thumb Code     2  startup_stm32f103x6.o(.text)
    DebugMon_Handler                         0x08000115   Thumb Code     2  startup_stm32f103x6.o(.text)
    PendSV_Handler                           0x08000117   Thumb Code     2  startup_stm32f103x6.o(.text)
    ADC1_2_IRQHandler                        0x0800011b   Thumb Code     0  startup_stm32f103x6.o(.text)
    CAN1_RX1_IRQHandler                      0x0800011b   Thumb Code     0  startup_stm32f103x6.o(.text)
    CAN1_SCE_IRQHandler                      0x0800011b   Thumb Code     0  startup_stm32f103x6.o(.text)
    DMA1_Channel1_IRQHandler                 0x0800011b   Thumb Code     0  startup_stm32f103x6.o(.text)
    DMA1_Channel2_IRQHandler                 0x0800011b   Thumb Code     0  startup_stm32f103x6.o(.text)
    DMA1_Channel3_IRQHandler                 0x0800011b   Thumb Code     0  startup_stm32f103x6.o(.text)
    DMA1_Channel4_IRQHandler                 0x0800011b   Thumb Code     0  startup_stm32f103x6.o(.text)
    DMA1_Channel5_IRQHandler                 0x0800011b   Thumb Code     0  startup_stm32f103x6.o(.text)
    DMA1_Channel6_IRQHandler                 0x0800011b   Thumb Code     0  startup_stm32f103x6.o(.text)
    DMA1_Channel7_IRQHandler                 0x0800011b   Thumb Code     0  startup_stm32f103x6.o(.text)
    EXTI0_IRQHandler                         0x0800011b   Thumb Code     0  startup_stm32f103x6.o(.text)
    EXTI1_IRQHandler                         0x0800011b   Thumb Code     0  startup_stm32f103x6.o(.text)
    EXTI2_IRQHandler                         0x0800011b   Thumb Code     0  startup_stm32f103x6.o(.text)
    EXTI3_IRQHandler                         0x0800011b   Thumb Code     0  startup_stm32f103x6.o(.text)
    EXTI4_IRQHandler                         0x0800011b   Thumb Code     0  startup_stm32f103x6.o(.text)
    EXTI9_5_IRQHandler                       0x0800011b   Thumb Code     0  startup_stm32f103x6.o(.text)
    FLASH_IRQHandler                         0x0800011b   Thumb Code     0  startup_stm32f103x6.o(.text)
    I2C1_ER_IRQHandler                       0x0800011b   Thumb Code     0  startup_stm32f103x6.o(.text)
    I2C1_EV_IRQHandler                       0x0800011b   Thumb Code     0  startup_stm32f103x6.o(.text)
    PVD_IRQHandler                           0x0800011b   Thumb Code     0  startup_stm32f103x6.o(.text)
    RCC_IRQHandler                           0x0800011b   Thumb Code     0  startup_stm32f103x6.o(.text)
    RTC_Alarm_IRQHandler                     0x0800011b   Thumb Code     0  startup_stm32f103x6.o(.text)
    RTC_IRQHandler                           0x0800011b   Thumb Code     0  startup_stm32f103x6.o(.text)
    SPI1_IRQHandler                          0x0800011b   Thumb Code     0  startup_stm32f103x6.o(.text)
    TAMPER_IRQHandler                        0x0800011b   Thumb Code     0  startup_stm32f103x6.o(.text)
    TIM1_BRK_IRQHandler                      0x0800011b   Thumb Code     0  startup_stm32f103x6.o(.text)
    TIM1_CC_IRQHandler                       0x0800011b   Thumb Code     0  startup_stm32f103x6.o(.text)
    TIM1_TRG_COM_IRQHandler                  0x0800011b   Thumb Code     0  startup_stm32f103x6.o(.text)
    TIM1_UP_IRQHandler                       0x0800011b   Thumb Code     0  startup_stm32f103x6.o(.text)
    TIM2_IRQHandler                          0x0800011b   Thumb Code     0  startup_stm32f103x6.o(.text)
    TIM3_IRQHandler                          0x0800011b   Thumb Code     0  startup_stm32f103x6.o(.text)
    USART1_IRQHandler                        0x0800011b   Thumb Code     0  startup_stm32f103x6.o(.text)
    USBWakeUp_IRQHandler                     0x0800011b   Thumb Code     0  startup_stm32f103x6.o(.text)
    USB_HP_CAN1_TX_IRQHandler                0x0800011b   Thumb Code     0  startup_stm32f103x6.o(.text)
    USB_LP_CAN1_RX0_IRQHandler               0x0800011b   Thumb Code     0  startup_stm32f103x6.o(.text)
    WWDG_IRQHandler                          0x0800011b   Thumb Code     0  startup_stm32f103x6.o(.text)
    __aeabi_memcpy                           0x08000125   Thumb Code    36  memcpya.o(.text)
    __aeabi_memcpy4                          0x08000125   Thumb Code     0  memcpya.o(.text)
    __aeabi_memcpy8                          0x08000125   Thumb Code     0  memcpya.o(.text)
    strstr                                   0x08000149   Thumb Code    36  strstr.o(.text)
    __scatterload                            0x0800016d   Thumb Code    28  init.o(.text)
    __scatterload_rt2                        0x0800016d   Thumb Code     0  init.o(.text)
    BTN_Press                                0x08000199   Thumb Code   484  control.o(.text.BTN_Press)
    Control_Init                             0x08000441   Thumb Code    14  control.o(.text.Control_Init)
    EXTI15_10_IRQHandler                     0x08000451   Thumb Code    84  stm32f1xx_it.o(.text.EXTI15_10_IRQHandler)
    LL_EXTI_Init                             0x080004dd   Thumb Code   136  stm32f1xx_ll_exti.o(.text.LL_EXTI_Init)
    LL_GPIO_Init                             0x08000569   Thumb Code   172  stm32f1xx_ll_gpio.o(.text.LL_GPIO_Init)
    LL_Init1msTick                           0x08000615   Thumb Code    24  stm32f1xx_ll_utils.o(.text.LL_Init1msTick)
    LL_RCC_GetSystemClocksFreq               0x0800062d   Thumb Code    56  stm32f1xx_ll_rcc.o(.text.LL_RCC_GetSystemClocksFreq)
    LL_SPI_Init                              0x08000671   Thumb Code    94  stm32f1xx_ll_spi.o(.text.LL_SPI_Init)
    LL_SetSystemCoreClock                    0x080006d1   Thumb Code     8  stm32f1xx_ll_utils.o(.text.LL_SetSystemCoreClock)
    LL_USART_Init                            0x080006dd   Thumb Code   156  stm32f1xx_ll_usart.o(.text.LL_USART_Init)
    LL_mDelay                                0x0800077d   Thumb Code    36  stm32f1xx_ll_utils.o(.text.LL_mDelay)
    Load_Data                                0x080007a5   Thumb Code    48  model.o(.text.Load_Data)
    MX_GPIO_Init                             0x080007dd   Thumb Code   368  gpio.o(.text.MX_GPIO_Init)
    MX_SPI1_Init                             0x08000979   Thumb Code   100  spi.o(.text.MX_SPI1_Init)
    MX_USART2_UART_Init                      0x080009e5   Thumb Code   216  usart.o(.text.MX_USART2_UART_Init)
    Model_GetAlarmsLen                       0x08000ad1   Thumb Code     4  model.o(.text.Model_GetAlarmsLen)
    RCC_GetSystemClockFreq                   0x08000b41   Thumb Code    20  stm32f1xx_ll_rcc.o(.text.RCC_GetSystemClockFreq)
    RCC_PLL_GetFreqDomain_SYS                0x08000b55   Thumb Code    40  stm32f1xx_ll_rcc.o(.text.RCC_PLL_GetFreqDomain_SYS)
    Refresh_Time                             0x08000b89   Thumb Code    32  control.o(.text.Refresh_Time)
    Render                                   0x08000ba9   Thumb Code   760  view.o(.text.Render)
    SysTick_Handler                          0x0800136d   Thumb Code    12  stm32f1xx_it.o(.text.SysTick_Handler)
    SystemClock_Config                       0x0800137d   Thumb Code   128  main.o(.text.SystemClock_Config)
    SystemInit                               0x08001409   Thumb Code     2  system_stm32f1xx.o(.text.SystemInit)
    TIMER_Get_Msg                            0x0800140d   Thumb Code   392  timer.o(.text.TIMER_Get_Msg)
    TIMER_Init                               0x0800159d   Thumb Code    68  timer.o(.text.TIMER_Init)
    USART2_IRQHandler                        0x08001605   Thumb Code    20  stm32f1xx_it.o(.text.USART2_IRQHandler)
    USART_Send                               0x0800161d   Thumb Code    30  usart.o(.text.USART_Send)
    Update_View                              0x0800163d   Thumb Code    36  model.o(.text.Update_View)
    main                                     0x08001669   Thumb Code   152  main.o(.text.main)
    ssd1306_DrawPixel                        0x08001715   Thumb Code    48  ssd1306.o(.text.ssd1306_DrawPixel)
    ssd1306_Fill                             0x08001745   Thumb Code    28  ssd1306.o(.text.ssd1306_Fill)
    ssd1306_Init                             0x08001761   Thumb Code   148  ssd1306.o(.text.ssd1306_Init)
    ssd1306_Reset                            0x080017f5   Thumb Code    36  ssd1306.o(.text.ssd1306_Reset)
    ssd1306_SetContrast                      0x08001819   Thumb Code    20  ssd1306.o(.text.ssd1306_SetContrast)
    ssd1306_SetCursor                        0x0800182d   Thumb Code     8  ssd1306.o(.text.ssd1306_SetCursor)
    ssd1306_SetDisplayOn                     0x08001835   Thumb Code    24  ssd1306.o(.text.ssd1306_SetDisplayOn)
    ssd1306_UpdateScreen                     0x08001851   Thumb Code    44  ssd1306.o(.text.ssd1306_UpdateScreen)
    ssd1306_WriteChar                        0x08001885   Thumb Code   164  ssd1306.o(.text.ssd1306_WriteChar)
    ssd1306_WriteCommand                     0x0800192d   Thumb Code    36  ssd1306.o(.text.ssd1306_WriteCommand)
    ssd1306_WriteData                        0x08001955   Thumb Code    48  ssd1306.o(.text.ssd1306_WriteData)
    ssd1306_WriteNumber                      0x0800198d   Thumb Code   106  ssd1306.o(.text.ssd1306_WriteNumber)
    ssd1306_WriteString                      0x080019f7   Thumb Code    42  ssd1306.o(.text.ssd1306_WriteString)
    __scatterload_copy                       0x08001a21   Thumb Code    14  handlers.o(i.__scatterload_copy)
    __scatterload_null                       0x08001a2f   Thumb Code     2  handlers.o(i.__scatterload_null)
    __scatterload_zeroinit                   0x08001a31   Thumb Code    14  handlers.o(i.__scatterload_zeroinit)
    AHBPrescTable                            0x08001ace   Data          16  system_stm32f1xx.o(.rodata.AHBPrescTable)
    APBPrescTable                            0x08001ade   Data           8  system_stm32f1xx.o(.rodata.APBPrescTable)
    Region$$Table$$Base                      0x0800318c   Number         0  anon$$obj.o(Region$$Table)
    Region$$Table$$Limit                     0x080031ac   Number         0  anon$$obj.o(Region$$Table)
    contrast                                 0x20000000   Data           1  model.o(.data..L_MergedGlobals)
    duration                                 0x20000001   Data           1  model.o(.data..L_MergedGlobals)
    alarms                                   0x20000002   Data          80  model.o(.data..L_MergedGlobals)
    Font_11x18                               0x20000054   Data           8  ssd1306_fonts.o(.data.Font_11x18)
    Font_16x26                               0x2000005c   Data           8  ssd1306_fonts.o(.data.Font_16x26)
    Font_6x8                                 0x20000064   Data           8  ssd1306_fonts.o(.data.Font_6x8)
    Font_7x10                                0x2000006c   Data           8  ssd1306_fonts.o(.data.Font_7x10)
    SystemCoreClock                          0x20000074   Data           4  system_stm32f1xx.o(.data.SystemCoreClock)
    menu_alarm_list                          0x20000078   Data           3  model.o(.data.menu_alarm_list)
    menu_alarm_setting                       0x2000007b   Data           3  model.o(.data.menu_alarm_setting)
    menu_beep                                0x2000007e   Data           3  model.o(.data.menu_beep)
    menu_setting                             0x20000081   Data           3  model.o(.data.menu_setting)
    menu_week                                0x20000084   Data           3  model.o(.data.menu_week)
    G_local_time                             0x2000008a   Data           8  timer.o(.bss..L_MergedGlobals)
    G_ms_ticks                               0x20000100   Data           4  timer.o(.bss.G_ms_ticks)
    current_mode                             0x20000509   Data           1  model.o(.bss.current_mode)
    current_page                             0x2000050a   Data           1  model.o(.bss.current_page)
    __initial_sp                             0x20000910   Data           0  startup_stm32f103x6.o(STACK)



==============================================================================

Memory Map of the image

  Image Entry point : 0x080000ed

  Load Region LR_IROM1 (Base: 0x08000000, Size: 0x00003238, Max: 0x00008000, ABSOLUTE)

    Execution Region ER_IROM1 (Exec base: 0x08000000, Load base: 0x08000000, Size: 0x000031ac, Max: 0x00008000, ABSOLUTE)

    Exec Addr    Load Addr    Size         Type   Attr      Idx    E Section Name        Object

    0x08000000   0x08000000   0x000000ec   Data   RO            3    RESET               startup_stm32f103x6.o
    0x080000ec   0x080000ec   0x00000000   Code   RO          457  * .ARM.Collect$$$$00000000  mc_w.l(entry.o)
    0x080000ec   0x080000ec   0x00000004   Code   RO          511    .ARM.Collect$$$$00000001  mc_w.l(entry2.o)
    0x080000f0   0x080000f0   0x00000004   Code   RO          514    .ARM.Collect$$$$00000004  mc_w.l(entry5.o)
    0x080000f4   0x080000f4   0x00000000   Code   RO          516    .ARM.Collect$$$$00000008  mc_w.l(entry7b.o)
    0x080000f4   0x080000f4   0x00000000   Code   RO          518    .ARM.Collect$$$$0000000A  mc_w.l(entry8b.o)
    0x080000f4   0x080000f4   0x00000008   Code   RO          519    .ARM.Collect$$$$0000000B  mc_w.l(entry9a.o)
    0x080000fc   0x080000fc   0x00000000   Code   RO          521    .ARM.Collect$$$$0000000D  mc_w.l(entry10a.o)
    0x080000fc   0x080000fc   0x00000000   Code   RO          523    .ARM.Collect$$$$0000000F  mc_w.l(entry11a.o)
    0x080000fc   0x080000fc   0x00000004   Code   RO          512    .ARM.Collect$$$$00002712  mc_w.l(entry2.o)
    0x08000100   0x08000100   0x00000024   Code   RO            4    .text               startup_stm32f103x6.o
    0x08000124   0x08000124   0x00000024   Code   RO          460    .text               mc_w.l(memcpya.o)
    0x08000148   0x08000148   0x00000024   Code   RO          464    .text               mc_w.l(strstr.o)
    0x0800016c   0x0800016c   0x00000024   Code   RO          543    .text               mc_w.l(init.o)
    0x08000190   0x08000190   0x00000002   Code   RO          346    .text.BEEP_On_Mode1  control.o
    0x08000192   0x08000192   0x00000002   Code   RO          348    .text.BEEP_On_Mode2  control.o
    0x08000194   0x08000194   0x00000002   Code   RO          350    .text.BEEP_On_Mode3  control.o
    0x08000196   0x08000196   0x00000002   PAD
    0x08000198   0x08000198   0x00000220   Code   RO          336    .text.BTN_Press     control.o
    0x080003b8   0x080003b8   0x0000001e   Code   RO          342    .text.Change_Select  control.o
    0x080003d6   0x080003d6   0x0000001e   Code   RO          344    .text.Change_Value  control.o
    0x080003f4   0x080003f4   0x00000028   Code   RO          389    .text.Check_List_Offset  view.o
    0x0800041c   0x0800041c   0x00000024   Code   RO           15    .text.Comma_Pos     timer.o
    0x08000440   0x08000440   0x0000000e   Code   RO          340    .text.Control_Init  control.o
    0x0800044e   0x0800044e   0x00000002   PAD
    0x08000450   0x08000450   0x00000058   Code   RO           92    .text.EXTI15_10_IRQHandler  stm32f1xx_it.o
    0x080004a8   0x080004a8   0x00000018   Code   RO           48    .text.LL_APB2_GRP1_EnableClock  gpio.o
    0x080004c0   0x080004c0   0x0000001c   Code   RO           66    .text.LL_APB2_GRP1_EnableClock  spi.o
    0x080004dc   0x080004dc   0x0000008c   Code   RO          209    .text.LL_EXTI_Init  stm32f1xx_ll_exti.o
    0x08000568   0x08000568   0x000000ac   Code   RO          119    .text.LL_GPIO_Init  stm32f1xx_ll_gpio.o
    0x08000614   0x08000614   0x00000018   Code   RO          185    .text.LL_Init1msTick  stm32f1xx_ll_utils.o
    0x0800062c   0x0800062c   0x00000044   Code   RO          161    .text.LL_RCC_GetSystemClocksFreq  stm32f1xx_ll_rcc.o
    0x08000670   0x08000670   0x0000005e   Code   RO          133    .text.LL_SPI_Init   stm32f1xx_ll_spi.o
    0x080006ce   0x080006ce   0x00000002   PAD
    0x080006d0   0x080006d0   0x0000000c   Code   RO          189    .text.LL_SetSystemCoreClock  stm32f1xx_ll_utils.o
    0x080006dc   0x080006dc   0x000000a0   Code   RO          231    .text.LL_USART_Init  stm32f1xx_ll_usart.o
    0x0800077c   0x0800077c   0x00000028   Code   RO          187    .text.LL_mDelay     stm32f1xx_ll_utils.o
    0x080007a4   0x080007a4   0x00000038   Code   RO          365    .text.Load_Data     model.o
    0x080007dc   0x080007dc   0x0000019c   Code   RO           46    .text.MX_GPIO_Init  gpio.o
    0x08000978   0x08000978   0x0000006c   Code   RO           64    .text.MX_SPI1_Init  spi.o
    0x080009e4   0x080009e4   0x000000ec   Code   RO           76    .text.MX_USART2_UART_Init  usart.o
    0x08000ad0   0x08000ad0   0x00000004   Code   RO          361    .text.Model_GetAlarmsLen  model.o
    0x08000ad4   0x08000ad4   0x00000010   Code   RO           50    .text.OUTLINED_FUNCTION_0  gpio.o
    0x08000ae4   0x08000ae4   0x00000014   Code   RO          427    .text.OUTLINED_FUNCTION_0  view.o
    0x08000af8   0x08000af8   0x0000000a   Code   RO           52    .text.OUTLINED_FUNCTION_1  gpio.o
    0x08000b02   0x08000b02   0x00000008   Code   RO          429    .text.OUTLINED_FUNCTION_1  view.o
    0x08000b0a   0x08000b0a   0x0000000c   Code   RO           54    .text.OUTLINED_FUNCTION_2  gpio.o
    0x08000b16   0x08000b16   0x00000006   Code   RO          431    .text.OUTLINED_FUNCTION_2  view.o
    0x08000b1c   0x08000b1c   0x0000000a   Code   RO          433    .text.OUTLINED_FUNCTION_3  view.o
    0x08000b26   0x08000b26   0x00000006   Code   RO          435    .text.OUTLINED_FUNCTION_4  view.o
    0x08000b2c   0x08000b2c   0x00000014   Code   RO           19    .text.Pow           timer.o
    0x08000b40   0x08000b40   0x00000014   Code   RO          163    .text.RCC_GetSystemClockFreq  stm32f1xx_ll_rcc.o
    0x08000b54   0x08000b54   0x00000034   Code   RO          173    .text.RCC_PLL_GetFreqDomain_SYS  stm32f1xx_ll_rcc.o
    0x08000b88   0x08000b88   0x00000020   Code   RO          338    .text.Refresh_Time  control.o
    0x08000ba8   0x08000ba8   0x00000394   Code   RO          387    .text.Render        view.o
    0x08000f3c   0x08000f3c   0x0000001c   Code   RO          403    .text.Render_Item_Alarm_Enable_Name  view.o
    0x08000f58   0x08000f58   0x00000044   Code   RO          405    .text.Render_Item_Alarm_Enable_Value  view.o
    0x08000f9c   0x08000f9c   0x0000001c   Code   RO          411    .text.Render_Item_Alarm_Repeat_Name  view.o
    0x08000fb8   0x08000fb8   0x0000003c   Code   RO          413    .text.Render_Item_Alarm_Repeat_Value  view.o
    0x08000ff4   0x08000ff4   0x0000001c   Code   RO          407    .text.Render_Item_Alarm_Time_Name  view.o
    0x08001010   0x08001010   0x00000074   Code   RO          409    .text.Render_Item_Alarm_Time_Value  view.o
    0x08001084   0x08001084   0x0000001c   Code   RO          391    .text.Render_Item_Alarms_Name  view.o
    0x080010a0   0x080010a0   0x0000001c   Code   RO          415    .text.Render_Item_Beep_Mode1_Name  view.o
    0x080010bc   0x080010bc   0x0000001c   Code   RO          417    .text.Render_Item_Beep_Mode1_Value  view.o
    0x080010d8   0x080010d8   0x0000001c   Code   RO          419    .text.Render_Item_Beep_Mode2_Name  view.o
    0x080010f4   0x080010f4   0x0000001c   Code   RO          421    .text.Render_Item_Beep_Mode2_Value  view.o
    0x08001110   0x08001110   0x0000001c   Code   RO          423    .text.Render_Item_Beep_Mode3_Name  view.o
    0x0800112c   0x0800112c   0x0000001c   Code   RO          425    .text.Render_Item_Beep_Mode3_Value  view.o
    0x08001148   0x08001148   0x00000020   Code   RO          393    .text.Render_Item_Contrast_Name  view.o
    0x08001168   0x08001168   0x00000034   Code   RO          395    .text.Render_Item_Contrast_Value  view.o
    0x0800119c   0x0800119c   0x00000020   Code   RO          397    .text.Render_Item_Duration_Name  view.o
    0x080011bc   0x080011bc   0x00000048   Code   RO          399    .text.Render_Item_Duration_Value  view.o
    0x08001204   0x08001204   0x0000007c   Code   RO          401    .text.Render_Items_General  view.o
    0x08001280   0x08001280   0x000000ea   Code   RO           17    .text.Str2num       timer.o
    0x0800136a   0x0800136a   0x00000002   PAD
    0x0800136c   0x0800136c   0x00000010   Code   RO           88    .text.SysTick_Handler  stm32f1xx_it.o
    0x0800137c   0x0800137c   0x0000008c   Code   RO           33    .text.SystemClock_Config  main.o
    0x08001408   0x08001408   0x00000002   Code   RO          247    .text.SystemInit    system_stm32f1xx.o
    0x0800140a   0x0800140a   0x00000002   PAD
    0x0800140c   0x0800140c   0x00000190   Code   RO           13    .text.TIMER_Get_Msg  timer.o
    0x0800159c   0x0800159c   0x00000068   Code   RO           11    .text.TIMER_Init    timer.o
    0x08001604   0x08001604   0x00000018   Code   RO           90    .text.USART2_IRQHandler  stm32f1xx_it.o
    0x0800161c   0x0800161c   0x0000001e   Code   RO           78    .text.USART_Send    usart.o
    0x0800163a   0x0800163a   0x00000002   PAD
    0x0800163c   0x0800163c   0x0000002c   Code   RO          363    .text.Update_View   model.o
    0x08001668   0x08001668   0x000000ac   Code   RO           31    .text.main          main.o
    0x08001714   0x08001714   0x00000030   Code   RO          280    .text.ssd1306_DrawPixel  ssd1306.o
    0x08001744   0x08001744   0x0000001c   Code   RO          276    .text.ssd1306_Fill  ssd1306.o
    0x08001760   0x08001760   0x00000094   Code   RO          270    .text.ssd1306_Init  ssd1306.o
    0x080017f4   0x080017f4   0x00000024   Code   RO          262    .text.ssd1306_Reset  ssd1306.o
    0x08001818   0x08001818   0x00000014   Code   RO          274    .text.ssd1306_SetContrast  ssd1306.o
    0x0800182c   0x0800182c   0x00000008   Code   RO          288    .text.ssd1306_SetCursor  ssd1306.o
    0x08001834   0x08001834   0x0000001c   Code   RO          272    .text.ssd1306_SetDisplayOn  ssd1306.o
    0x08001850   0x08001850   0x00000034   Code   RO          278    .text.ssd1306_UpdateScreen  ssd1306.o
    0x08001884   0x08001884   0x000000a8   Code   RO          282    .text.ssd1306_WriteChar  ssd1306.o
    0x0800192c   0x0800192c   0x00000028   Code   RO          264    .text.ssd1306_WriteCommand  ssd1306.o
    0x08001954   0x08001954   0x00000038   Code   RO          266    .text.ssd1306_WriteData  ssd1306.o
    0x0800198c   0x0800198c   0x0000006a   Code   RO          286    .text.ssd1306_WriteNumber  ssd1306.o
    0x080019f6   0x080019f6   0x0000002a   Code   RO          284    .text.ssd1306_WriteString  ssd1306.o
    0x08001a20   0x08001a20   0x0000000e   Code   RO          557    i.__scatterload_copy  mc_w.l(handlers.o)
    0x08001a2e   0x08001a2e   0x00000002   Code   RO          558    i.__scatterload_null  mc_w.l(handlers.o)
    0x08001a30   0x08001a30   0x0000000e   Code   RO          559    i.__scatterload_zeroinit  mc_w.l(handlers.o)
    0x08001a3e   0x08001a3e   0x00000002   PAD
    0x08001a40   0x08001a40   0x00000018   Data   RO          439    .rodata..L__const.Render_Page_Alarm_Setting.items  view.o
    0x08001a58   0x08001a58   0x00000018   Data   RO          441    .rodata..L__const.Render_Page_Beep.items  view.o
    0x08001a70   0x08001a70   0x00000018   Data   RO          438    .rodata..L__const.Render_Page_Setting.items  view.o
    0x08001a88   0x08001a88   0x00000046   Data   RO          440    .rodata..L__const.Render_Page_Week.weeks  view.o
    0x08001ace   0x08001ace   0x00000010   Data   RO          252    .rodata.AHBPrescTable  system_stm32f1xx.o
    0x08001ade   0x08001ade   0x00000008   Data   RO          253    .rodata.APBPrescTable  system_stm32f1xx.o
    0x08001ae6   0x08001ae6   0x000003a8   Data   RO          325    .rodata.Font11x18   ssd1306_fonts.o
    0x08001e8e   0x08001e8e   0x0000057c   Data   RO          327    .rodata.Font16x26   ssd1306_fonts.o
    0x0800240a   0x0800240a   0x000005f0   Data   RO          321    .rodata.Font6x8     ssd1306_fonts.o
    0x080029fa   0x080029fa   0x0000076c   Data   RO          323    .rodata.Font7x10    ssd1306_fonts.o
    0x08003166   0x08003166   0x00000023   Data   RO          437    .rodata.str1.1      view.o
    0x08003189   0x08003189   0x00000003   PAD
    0x0800318c   0x0800318c   0x00000020   Data   RO          556    Region$$Table       anon$$obj.o


    Execution Region RW_IRAM1 (Exec base: 0x20000000, Load base: 0x080031b0, Size: 0x00000910, Max: 0x00002800, ABSOLUTE)

    Exec Addr    Load Addr    Size         Type   Attr      Idx    E Section Name        Object

    0x20000000   0x080031b0   0x00000052   Data   RW          378    .data..L_MergedGlobals  model.o
    0x20000052   0x08003202   0x00000002   PAD
    0x20000054   0x08003204   0x00000008   Data   RW          326    .data.Font_11x18    ssd1306_fonts.o
    0x2000005c   0x0800320c   0x00000008   Data   RW          328    .data.Font_16x26    ssd1306_fonts.o
    0x20000064   0x08003214   0x00000008   Data   RW          322    .data.Font_6x8      ssd1306_fonts.o
    0x2000006c   0x0800321c   0x00000008   Data   RW          324    .data.Font_7x10     ssd1306_fonts.o
    0x20000074   0x08003224   0x00000004   Data   RW          251    .data.SystemCoreClock  system_stm32f1xx.o
    0x20000078   0x08003228   0x00000003   Data   RW          373    .data.menu_alarm_list  model.o
    0x2000007b   0x0800322b   0x00000003   Data   RW          374    .data.menu_alarm_setting  model.o
    0x2000007e   0x0800322e   0x00000003   Data   RW          376    .data.menu_beep     model.o
    0x20000081   0x08003231   0x00000003   Data   RW          372    .data.menu_setting  model.o
    0x20000084   0x08003234   0x00000003   Data   RW          375    .data.menu_week     model.o
    0x20000087   0x08003237   0x00000001   PAD
    0x20000088        -       0x0000006e   Zero   RW           22    .bss..L_MergedGlobals  timer.o
    0x200000f6        -       0x00000004   Zero   RW          312    .bss..L_MergedGlobals  ssd1306.o
    0x200000fa   0x08003237   0x00000002   PAD
    0x200000fc        -       0x00000004   Zero   RW          352    .bss.BTN_Press.interval  control.o
    0x20000100        -       0x00000004   Zero   RW           21    .bss.G_ms_ticks     timer.o
    0x20000104        -       0x00000001   Zero   RW          311    .bss.SSD1306.3      ssd1306.o
    0x20000105   0x08003237   0x00000003   PAD
    0x20000108        -       0x00000400   Zero   RW          310    .bss.SSD1306_Buffer  ssd1306.o
    0x20000508        -       0x00000001   Zero   RW          377    .bss.Update_View._contrast  model.o
    0x20000509        -       0x00000001   Zero   RW          370    .bss.current_mode   model.o
    0x2000050a        -       0x00000001   Zero   RW          369    .bss.current_page   model.o
    0x2000050b   0x08003237   0x00000005   PAD
    0x20000510        -       0x00000400   Zero   RW            1    STACK               startup_stm32f103x6.o


==============================================================================

Image component sizes


      Code (inc. data)   RO Data    RW Data    ZI Data      Debug   Object Name

       656         66          0          0          4       3691   control.o
       474         44          0          0          0       6069   gpio.o
       312         32          0          0          0       6040   main.o
       104         16          0         97          3       2994   model.o
       136         12          0          0          0       2291   spi.o
       780         28          0          0       1029      11727   ssd1306.o
         0          0       5760         32          0        956   ssd1306_fonts.o
        36          8        236          0       1024        784   startup_stm32f103x6.o
       128         12          0          0          0       2267   stm32f1xx_it.o
       140          8          0          0          0       2456   stm32f1xx_ll_exti.o
       172          0          0          0          0       3081   stm32f1xx_ll_gpio.o
       140         24          0          0          0       5068   stm32f1xx_ll_rcc.o
        94          0          0          0          0       2714   stm32f1xx_ll_spi.o
       160          4          0          0          0       4297   stm32f1xx_ll_usart.o
        76          8          0          0          0       6394   stm32f1xx_ll_utils.o
         2          0         24          4          0       1595   system_stm32f1xx.o
       794         44          0          0        114       4954   timer.o
       266         20          0          0          0       5923   usart.o
      1842        354        177          0          0       6096   view.o

    ----------------------------------------------------------------------
      6324        680       6232        136       2184      79397   Object Totals
         0          0         32          0          0          0   (incl. Generated)
        12          0          3          3         10          0   (incl. Padding)

    ----------------------------------------------------------------------

      Code (inc. data)   RO Data    RW Data    ZI Data      Debug   Library Member Name

         0          0          0          0          0          0   entry.o
         0          0          0          0          0          0   entry10a.o
         0          0          0          0          0          0   entry11a.o
         8          4          0          0          0          0   entry2.o
         4          0          0          0          0          0   entry5.o
         0          0          0          0          0          0   entry7b.o
         0          0          0          0          0          0   entry8b.o
         8          4          0          0          0          0   entry9a.o
        30          0          0          0          0          0   handlers.o
        36          8          0          0          0         68   init.o
        36          0          0          0          0         68   memcpya.o
        36          0          0          0          0         80   strstr.o

    ----------------------------------------------------------------------
       160         16          0          0          0        216   Library Totals
         2          0          0          0          0          0   (incl. Padding)

    ----------------------------------------------------------------------

      Code (inc. data)   RO Data    RW Data    ZI Data      Debug   Library Name

       158         16          0          0          0        216   mc_w.l

    ----------------------------------------------------------------------
       160         16          0          0          0        216   Library Totals

    ----------------------------------------------------------------------

==============================================================================


      Code (inc. data)   RO Data    RW Data    ZI Data      Debug   

      6484        696       6232        136       2184      79393   Grand Totals
      6484        696       6232        136       2184      79393   ELF Image Totals
      6484        696       6232        136          0          0   ROM Totals

==============================================================================

    Total RO  Size (Code + RO Data)                12716 (  12.42kB)
    Total RW  Size (RW Data + ZI Data)              2320 (   2.27kB)
    Total ROM Size (Code + RO Data + RW Data)      12852 (  12.55kB)

==============================================================================

