<!doctype html public "-//w3c//dtd html 4.0 transitional//en">
<html><head>
<title>Static Call Graph - [product-c6t6\product-c6t6.axf]</title></head>
<body><HR>
<H1>Static Call Graph for image product-c6t6\product-c6t6.axf</H1><HR>
<BR><P>#&#060CALLGRAPH&#062# ARM Linker, 6180002: Last Updated: Fri Aug  5 19:48:05 2022
<BR><P>
<H3>Maximum Stack Usage =        264 bytes + Unknown(Cycles, Untraceable Function Pointers)</H3><H3>
Call chain for Maximum Stack Depth:</H3>
USART2_IRQHandler &rArr; TIMER_Get_Msg &rArr; Refresh_Time &rArr; Update_View &rArr; Render &rArr; ssd1306_WriteNumber &rArr; ssd1306_WriteChar &rArr; ssd1306_DrawPixel
<P>
<H3>
Mutually Recursive functions
</H3> <LI><a href="#[1]">NMI_Handler</a>&nbsp;&nbsp;&nbsp;&rArr;&nbsp;&nbsp;&nbsp;<a href="#[1]">NMI_Handler</a><BR>
 <LI><a href="#[2]">HardFault_Handler</a>&nbsp;&nbsp;&nbsp;&rArr;&nbsp;&nbsp;&nbsp;<a href="#[2]">HardFault_Handler</a><BR>
 <LI><a href="#[3]">MemManage_Handler</a>&nbsp;&nbsp;&nbsp;&rArr;&nbsp;&nbsp;&nbsp;<a href="#[3]">MemManage_Handler</a><BR>
 <LI><a href="#[4]">BusFault_Handler</a>&nbsp;&nbsp;&nbsp;&rArr;&nbsp;&nbsp;&nbsp;<a href="#[4]">BusFault_Handler</a><BR>
 <LI><a href="#[5]">UsageFault_Handler</a>&nbsp;&nbsp;&nbsp;&rArr;&nbsp;&nbsp;&nbsp;<a href="#[5]">UsageFault_Handler</a><BR>
 <LI><a href="#[6]">SVC_Handler</a>&nbsp;&nbsp;&nbsp;&rArr;&nbsp;&nbsp;&nbsp;<a href="#[6]">SVC_Handler</a><BR>
 <LI><a href="#[7]">DebugMon_Handler</a>&nbsp;&nbsp;&nbsp;&rArr;&nbsp;&nbsp;&nbsp;<a href="#[7]">DebugMon_Handler</a><BR>
 <LI><a href="#[8]">PendSV_Handler</a>&nbsp;&nbsp;&nbsp;&rArr;&nbsp;&nbsp;&nbsp;<a href="#[8]">PendSV_Handler</a><BR>
 <LI><a href="#[1c]">ADC1_2_IRQHandler</a>&nbsp;&nbsp;&nbsp;&rArr;&nbsp;&nbsp;&nbsp;<a href="#[1c]">ADC1_2_IRQHandler</a><BR>
</UL>
<P>
<H3>
Function Pointers
</H3><UL>
 <LI><a href="#[1c]">ADC1_2_IRQHandler</a> from startup_stm32f103x6.o(.text) referenced from startup_stm32f103x6.o(RESET)
 <LI><a href="#[33]">BEEP_On_Mode1</a> from control.o(.text.BEEP_On_Mode1) referenced from control.o(.text.BTN_Press)
 <LI><a href="#[34]">BEEP_On_Mode2</a> from control.o(.text.BEEP_On_Mode2) referenced from control.o(.text.BTN_Press)
 <LI><a href="#[35]">BEEP_On_Mode3</a> from control.o(.text.BEEP_On_Mode3) referenced from control.o(.text.BTN_Press)
 <LI><a href="#[4]">BusFault_Handler</a> from startup_stm32f103x6.o(.text) referenced from startup_stm32f103x6.o(RESET)
 <LI><a href="#[1f]">CAN1_RX1_IRQHandler</a> from startup_stm32f103x6.o(.text) referenced from startup_stm32f103x6.o(RESET)
 <LI><a href="#[20]">CAN1_SCE_IRQHandler</a> from startup_stm32f103x6.o(.text) referenced from startup_stm32f103x6.o(RESET)
 <LI><a href="#[15]">DMA1_Channel1_IRQHandler</a> from startup_stm32f103x6.o(.text) referenced from startup_stm32f103x6.o(RESET)
 <LI><a href="#[16]">DMA1_Channel2_IRQHandler</a> from startup_stm32f103x6.o(.text) referenced from startup_stm32f103x6.o(RESET)
 <LI><a href="#[17]">DMA1_Channel3_IRQHandler</a> from startup_stm32f103x6.o(.text) referenced from startup_stm32f103x6.o(RESET)
 <LI><a href="#[18]">DMA1_Channel4_IRQHandler</a> from startup_stm32f103x6.o(.text) referenced from startup_stm32f103x6.o(RESET)
 <LI><a href="#[19]">DMA1_Channel5_IRQHandler</a> from startup_stm32f103x6.o(.text) referenced from startup_stm32f103x6.o(RESET)
 <LI><a href="#[1a]">DMA1_Channel6_IRQHandler</a> from startup_stm32f103x6.o(.text) referenced from startup_stm32f103x6.o(RESET)
 <LI><a href="#[1b]">DMA1_Channel7_IRQHandler</a> from startup_stm32f103x6.o(.text) referenced from startup_stm32f103x6.o(RESET)
 <LI><a href="#[7]">DebugMon_Handler</a> from startup_stm32f103x6.o(.text) referenced from startup_stm32f103x6.o(RESET)
 <LI><a href="#[10]">EXTI0_IRQHandler</a> from startup_stm32f103x6.o(.text) referenced from startup_stm32f103x6.o(RESET)
 <LI><a href="#[2d]">EXTI15_10_IRQHandler</a> from stm32f1xx_it.o(.text.EXTI15_10_IRQHandler) referenced from startup_stm32f103x6.o(RESET)
 <LI><a href="#[11]">EXTI1_IRQHandler</a> from startup_stm32f103x6.o(.text) referenced from startup_stm32f103x6.o(RESET)
 <LI><a href="#[12]">EXTI2_IRQHandler</a> from startup_stm32f103x6.o(.text) referenced from startup_stm32f103x6.o(RESET)
 <LI><a href="#[13]">EXTI3_IRQHandler</a> from startup_stm32f103x6.o(.text) referenced from startup_stm32f103x6.o(RESET)
 <LI><a href="#[14]">EXTI4_IRQHandler</a> from startup_stm32f103x6.o(.text) referenced from startup_stm32f103x6.o(RESET)
 <LI><a href="#[21]">EXTI9_5_IRQHandler</a> from startup_stm32f103x6.o(.text) referenced from startup_stm32f103x6.o(RESET)
 <LI><a href="#[e]">FLASH_IRQHandler</a> from startup_stm32f103x6.o(.text) referenced from startup_stm32f103x6.o(RESET)
 <LI><a href="#[2]">HardFault_Handler</a> from startup_stm32f103x6.o(.text) referenced from startup_stm32f103x6.o(RESET)
 <LI><a href="#[29]">I2C1_ER_IRQHandler</a> from startup_stm32f103x6.o(.text) referenced from startup_stm32f103x6.o(RESET)
 <LI><a href="#[28]">I2C1_EV_IRQHandler</a> from startup_stm32f103x6.o(.text) referenced from startup_stm32f103x6.o(RESET)
 <LI><a href="#[36]">LL_APB2_GRP1_EnableClock</a> from gpio.o(.text.LL_APB2_GRP1_EnableClock) referenced from gpio.o(.text.MX_GPIO_Init)
 <LI><a href="#[38]">LL_EXTI_Init</a> from stm32f1xx_ll_exti.o(.text.LL_EXTI_Init) referenced from gpio.o(.text.MX_GPIO_Init)
 <LI><a href="#[37]">LL_GPIO_Init</a> from stm32f1xx_ll_gpio.o(.text.LL_GPIO_Init) referenced from gpio.o(.text.MX_GPIO_Init)
 <LI><a href="#[3]">MemManage_Handler</a> from startup_stm32f103x6.o(.text) referenced from startup_stm32f103x6.o(RESET)
 <LI><a href="#[1]">NMI_Handler</a> from startup_stm32f103x6.o(.text) referenced from startup_stm32f103x6.o(RESET)
 <LI><a href="#[b]">PVD_IRQHandler</a> from startup_stm32f103x6.o(.text) referenced from startup_stm32f103x6.o(RESET)
 <LI><a href="#[8]">PendSV_Handler</a> from startup_stm32f103x6.o(.text) referenced from startup_stm32f103x6.o(RESET)
 <LI><a href="#[f]">RCC_IRQHandler</a> from startup_stm32f103x6.o(.text) referenced from startup_stm32f103x6.o(RESET)
 <LI><a href="#[2e]">RTC_Alarm_IRQHandler</a> from startup_stm32f103x6.o(.text) referenced from startup_stm32f103x6.o(RESET)
 <LI><a href="#[d]">RTC_IRQHandler</a> from startup_stm32f103x6.o(.text) referenced from startup_stm32f103x6.o(RESET)
 <LI><a href="#[3d]">Render_Item_Alarm_Enable_Name</a> from view.o(.text.Render_Item_Alarm_Enable_Name) referenced from view.o(.rodata..L__const.Render_Page_Alarm_Setting.items)
 <LI><a href="#[3e]">Render_Item_Alarm_Enable_Value</a> from view.o(.text.Render_Item_Alarm_Enable_Value) referenced from view.o(.rodata..L__const.Render_Page_Alarm_Setting.items)
 <LI><a href="#[41]">Render_Item_Alarm_Repeat_Name</a> from view.o(.text.Render_Item_Alarm_Repeat_Name) referenced from view.o(.rodata..L__const.Render_Page_Alarm_Setting.items)
 <LI><a href="#[42]">Render_Item_Alarm_Repeat_Value</a> from view.o(.text.Render_Item_Alarm_Repeat_Value) referenced from view.o(.rodata..L__const.Render_Page_Alarm_Setting.items)
 <LI><a href="#[3f]">Render_Item_Alarm_Time_Name</a> from view.o(.text.Render_Item_Alarm_Time_Name) referenced from view.o(.rodata..L__const.Render_Page_Alarm_Setting.items)
 <LI><a href="#[40]">Render_Item_Alarm_Time_Value</a> from view.o(.text.Render_Item_Alarm_Time_Value) referenced from view.o(.rodata..L__const.Render_Page_Alarm_Setting.items)
 <LI><a href="#[49]">Render_Item_Alarms_Name</a> from view.o(.text.Render_Item_Alarms_Name) referenced from view.o(.rodata..L__const.Render_Page_Setting.items)
 <LI><a href="#[43]">Render_Item_Beep_Mode1_Name</a> from view.o(.text.Render_Item_Beep_Mode1_Name) referenced from view.o(.rodata..L__const.Render_Page_Beep.items)
 <LI><a href="#[44]">Render_Item_Beep_Mode1_Value</a> from view.o(.text.Render_Item_Beep_Mode1_Value) referenced from view.o(.rodata..L__const.Render_Page_Beep.items)
 <LI><a href="#[45]">Render_Item_Beep_Mode2_Name</a> from view.o(.text.Render_Item_Beep_Mode2_Name) referenced from view.o(.rodata..L__const.Render_Page_Beep.items)
 <LI><a href="#[46]">Render_Item_Beep_Mode2_Value</a> from view.o(.text.Render_Item_Beep_Mode2_Value) referenced from view.o(.rodata..L__const.Render_Page_Beep.items)
 <LI><a href="#[47]">Render_Item_Beep_Mode3_Name</a> from view.o(.text.Render_Item_Beep_Mode3_Name) referenced from view.o(.rodata..L__const.Render_Page_Beep.items)
 <LI><a href="#[48]">Render_Item_Beep_Mode3_Value</a> from view.o(.text.Render_Item_Beep_Mode3_Value) referenced from view.o(.rodata..L__const.Render_Page_Beep.items)
 <LI><a href="#[4a]">Render_Item_Contrast_Name</a> from view.o(.text.Render_Item_Contrast_Name) referenced from view.o(.rodata..L__const.Render_Page_Setting.items)
 <LI><a href="#[4b]">Render_Item_Contrast_Value</a> from view.o(.text.Render_Item_Contrast_Value) referenced from view.o(.rodata..L__const.Render_Page_Setting.items)
 <LI><a href="#[4c]">Render_Item_Duration_Name</a> from view.o(.text.Render_Item_Duration_Name) referenced from view.o(.rodata..L__const.Render_Page_Setting.items)
 <LI><a href="#[4d]">Render_Item_Duration_Value</a> from view.o(.text.Render_Item_Duration_Value) referenced from view.o(.rodata..L__const.Render_Page_Setting.items)
 <LI><a href="#[0]">Reset_Handler</a> from startup_stm32f103x6.o(.text) referenced from startup_stm32f103x6.o(RESET)
 <LI><a href="#[2a]">SPI1_IRQHandler</a> from startup_stm32f103x6.o(.text) referenced from startup_stm32f103x6.o(RESET)
 <LI><a href="#[6]">SVC_Handler</a> from startup_stm32f103x6.o(.text) referenced from startup_stm32f103x6.o(RESET)
 <LI><a href="#[9]">SysTick_Handler</a> from stm32f1xx_it.o(.text.SysTick_Handler) referenced from startup_stm32f103x6.o(RESET)
 <LI><a href="#[31]">SystemInit</a> from system_stm32f1xx.o(.text.SystemInit) referenced from startup_stm32f103x6.o(.text)
 <LI><a href="#[c]">TAMPER_IRQHandler</a> from startup_stm32f103x6.o(.text) referenced from startup_stm32f103x6.o(RESET)
 <LI><a href="#[22]">TIM1_BRK_IRQHandler</a> from startup_stm32f103x6.o(.text) referenced from startup_stm32f103x6.o(RESET)
 <LI><a href="#[25]">TIM1_CC_IRQHandler</a> from startup_stm32f103x6.o(.text) referenced from startup_stm32f103x6.o(RESET)
 <LI><a href="#[24]">TIM1_TRG_COM_IRQHandler</a> from startup_stm32f103x6.o(.text) referenced from startup_stm32f103x6.o(RESET)
 <LI><a href="#[23]">TIM1_UP_IRQHandler</a> from startup_stm32f103x6.o(.text) referenced from startup_stm32f103x6.o(RESET)
 <LI><a href="#[26]">TIM2_IRQHandler</a> from startup_stm32f103x6.o(.text) referenced from startup_stm32f103x6.o(RESET)
 <LI><a href="#[27]">TIM3_IRQHandler</a> from startup_stm32f103x6.o(.text) referenced from startup_stm32f103x6.o(RESET)
 <LI><a href="#[2b]">USART1_IRQHandler</a> from startup_stm32f103x6.o(.text) referenced from startup_stm32f103x6.o(RESET)
 <LI><a href="#[2c]">USART2_IRQHandler</a> from stm32f1xx_it.o(.text.USART2_IRQHandler) referenced from startup_stm32f103x6.o(RESET)
 <LI><a href="#[2f]">USBWakeUp_IRQHandler</a> from startup_stm32f103x6.o(.text) referenced from startup_stm32f103x6.o(RESET)
 <LI><a href="#[1d]">USB_HP_CAN1_TX_IRQHandler</a> from startup_stm32f103x6.o(.text) referenced from startup_stm32f103x6.o(RESET)
 <LI><a href="#[1e]">USB_LP_CAN1_RX0_IRQHandler</a> from startup_stm32f103x6.o(.text) referenced from startup_stm32f103x6.o(RESET)
 <LI><a href="#[5]">UsageFault_Handler</a> from startup_stm32f103x6.o(.text) referenced from startup_stm32f103x6.o(RESET)
 <LI><a href="#[a]">WWDG_IRQHandler</a> from startup_stm32f103x6.o(.text) referenced from startup_stm32f103x6.o(RESET)
 <LI><a href="#[32]">__main</a> from entry.o(.ARM.Collect$$$$00000000) referenced from startup_stm32f103x6.o(.text)
 <LI><a href="#[30]">main</a> from main.o(.text.main) referenced from entry9a.o(.ARM.Collect$$$$0000000B)
 <LI><a href="#[39]">ssd1306_SetCursor</a> from ssd1306.o(.text.ssd1306_SetCursor) referenced from view.o(.text.Render)
 <LI><a href="#[3b]">ssd1306_WriteChar</a> from ssd1306.o(.text.ssd1306_WriteChar) referenced from view.o(.text.Render)
 <LI><a href="#[3c]">ssd1306_WriteCommand</a> from ssd1306.o(.text.ssd1306_WriteCommand) referenced from ssd1306.o(.text.ssd1306_UpdateScreen)
 <LI><a href="#[3a]">ssd1306_WriteNumber</a> from ssd1306.o(.text.ssd1306_WriteNumber) referenced from view.o(.text.Render)
</UL>
<P>
<H3>
Global Symbols
</H3>
<P><STRONG><a name="[32]"></a>__main</STRONG> (Thumb, 0 bytes, Stack size unknown bytes, entry.o(.ARM.Collect$$$$00000000))
<BR>[Address Reference Count : 1]<UL><LI> startup_stm32f103x6.o(.text)
</UL>
<P><STRONG><a name="[82]"></a>_main_stk</STRONG> (Thumb, 0 bytes, Stack size unknown bytes, entry2.o(.ARM.Collect$$$$00000001))

<P><STRONG><a name="[4e]"></a>_main_scatterload</STRONG> (Thumb, 0 bytes, Stack size unknown bytes, entry5.o(.ARM.Collect$$$$00000004))
<BR><BR>[Calls]<UL><LI><a href="#[4f]">&gt;&gt;</a>&nbsp;&nbsp;&nbsp;__scatterload
</UL>

<P><STRONG><a name="[50]"></a>__main_after_scatterload</STRONG> (Thumb, 0 bytes, Stack size unknown bytes, entry5.o(.ARM.Collect$$$$00000004))
<BR><BR>[Called By]<UL><LI><a href="#[4f]">&gt;&gt;</a>&nbsp;&nbsp;&nbsp;__scatterload
</UL>

<P><STRONG><a name="[83]"></a>_main_clock</STRONG> (Thumb, 0 bytes, Stack size unknown bytes, entry7b.o(.ARM.Collect$$$$00000008))

<P><STRONG><a name="[84]"></a>_main_cpp_init</STRONG> (Thumb, 0 bytes, Stack size unknown bytes, entry8b.o(.ARM.Collect$$$$0000000A))

<P><STRONG><a name="[85]"></a>_main_init</STRONG> (Thumb, 0 bytes, Stack size unknown bytes, entry9a.o(.ARM.Collect$$$$0000000B))

<P><STRONG><a name="[86]"></a>__rt_final_cpp</STRONG> (Thumb, 0 bytes, Stack size unknown bytes, entry10a.o(.ARM.Collect$$$$0000000D))

<P><STRONG><a name="[87]"></a>__rt_final_exit</STRONG> (Thumb, 0 bytes, Stack size unknown bytes, entry11a.o(.ARM.Collect$$$$0000000F))

<P><STRONG><a name="[0]"></a>Reset_Handler</STRONG> (Thumb, 8 bytes, Stack size 0 bytes, startup_stm32f103x6.o(.text))
<BR>[Address Reference Count : 1]<UL><LI> startup_stm32f103x6.o(RESET)
</UL>
<P><STRONG><a name="[1]"></a>NMI_Handler</STRONG> (Thumb, 2 bytes, Stack size 0 bytes, startup_stm32f103x6.o(.text))
<BR><BR>[Calls]<UL><LI><a href="#[1]">&gt;&gt;</a>&nbsp;&nbsp;&nbsp;NMI_Handler
</UL>
<BR>[Called By]<UL><LI><a href="#[1]">&gt;&gt;</a>&nbsp;&nbsp;&nbsp;NMI_Handler
</UL>
<BR>[Address Reference Count : 1]<UL><LI> startup_stm32f103x6.o(RESET)
</UL>
<P><STRONG><a name="[2]"></a>HardFault_Handler</STRONG> (Thumb, 2 bytes, Stack size 0 bytes, startup_stm32f103x6.o(.text))
<BR><BR>[Calls]<UL><LI><a href="#[2]">&gt;&gt;</a>&nbsp;&nbsp;&nbsp;HardFault_Handler
</UL>
<BR>[Called By]<UL><LI><a href="#[2]">&gt;&gt;</a>&nbsp;&nbsp;&nbsp;HardFault_Handler
</UL>
<BR>[Address Reference Count : 1]<UL><LI> startup_stm32f103x6.o(RESET)
</UL>
<P><STRONG><a name="[3]"></a>MemManage_Handler</STRONG> (Thumb, 2 bytes, Stack size 0 bytes, startup_stm32f103x6.o(.text))
<BR><BR>[Calls]<UL><LI><a href="#[3]">&gt;&gt;</a>&nbsp;&nbsp;&nbsp;MemManage_Handler
</UL>
<BR>[Called By]<UL><LI><a href="#[3]">&gt;&gt;</a>&nbsp;&nbsp;&nbsp;MemManage_Handler
</UL>
<BR>[Address Reference Count : 1]<UL><LI> startup_stm32f103x6.o(RESET)
</UL>
<P><STRONG><a name="[4]"></a>BusFault_Handler</STRONG> (Thumb, 2 bytes, Stack size 0 bytes, startup_stm32f103x6.o(.text))
<BR><BR>[Calls]<UL><LI><a href="#[4]">&gt;&gt;</a>&nbsp;&nbsp;&nbsp;BusFault_Handler
</UL>
<BR>[Called By]<UL><LI><a href="#[4]">&gt;&gt;</a>&nbsp;&nbsp;&nbsp;BusFault_Handler
</UL>
<BR>[Address Reference Count : 1]<UL><LI> startup_stm32f103x6.o(RESET)
</UL>
<P><STRONG><a name="[5]"></a>UsageFault_Handler</STRONG> (Thumb, 2 bytes, Stack size 0 bytes, startup_stm32f103x6.o(.text))
<BR><BR>[Calls]<UL><LI><a href="#[5]">&gt;&gt;</a>&nbsp;&nbsp;&nbsp;UsageFault_Handler
</UL>
<BR>[Called By]<UL><LI><a href="#[5]">&gt;&gt;</a>&nbsp;&nbsp;&nbsp;UsageFault_Handler
</UL>
<BR>[Address Reference Count : 1]<UL><LI> startup_stm32f103x6.o(RESET)
</UL>
<P><STRONG><a name="[6]"></a>SVC_Handler</STRONG> (Thumb, 2 bytes, Stack size 0 bytes, startup_stm32f103x6.o(.text))
<BR><BR>[Calls]<UL><LI><a href="#[6]">&gt;&gt;</a>&nbsp;&nbsp;&nbsp;SVC_Handler
</UL>
<BR>[Called By]<UL><LI><a href="#[6]">&gt;&gt;</a>&nbsp;&nbsp;&nbsp;SVC_Handler
</UL>
<BR>[Address Reference Count : 1]<UL><LI> startup_stm32f103x6.o(RESET)
</UL>
<P><STRONG><a name="[7]"></a>DebugMon_Handler</STRONG> (Thumb, 2 bytes, Stack size 0 bytes, startup_stm32f103x6.o(.text))
<BR><BR>[Calls]<UL><LI><a href="#[7]">&gt;&gt;</a>&nbsp;&nbsp;&nbsp;DebugMon_Handler
</UL>
<BR>[Called By]<UL><LI><a href="#[7]">&gt;&gt;</a>&nbsp;&nbsp;&nbsp;DebugMon_Handler
</UL>
<BR>[Address Reference Count : 1]<UL><LI> startup_stm32f103x6.o(RESET)
</UL>
<P><STRONG><a name="[8]"></a>PendSV_Handler</STRONG> (Thumb, 2 bytes, Stack size 0 bytes, startup_stm32f103x6.o(.text))
<BR><BR>[Calls]<UL><LI><a href="#[8]">&gt;&gt;</a>&nbsp;&nbsp;&nbsp;PendSV_Handler
</UL>
<BR>[Called By]<UL><LI><a href="#[8]">&gt;&gt;</a>&nbsp;&nbsp;&nbsp;PendSV_Handler
</UL>
<BR>[Address Reference Count : 1]<UL><LI> startup_stm32f103x6.o(RESET)
</UL>
<P><STRONG><a name="[1c]"></a>ADC1_2_IRQHandler</STRONG> (Thumb, 0 bytes, Stack size 0 bytes, startup_stm32f103x6.o(.text))
<BR><BR>[Calls]<UL><LI><a href="#[1c]">&gt;&gt;</a>&nbsp;&nbsp;&nbsp;ADC1_2_IRQHandler
</UL>
<BR>[Called By]<UL><LI><a href="#[1c]">&gt;&gt;</a>&nbsp;&nbsp;&nbsp;ADC1_2_IRQHandler
</UL>
<BR>[Address Reference Count : 1]<UL><LI> startup_stm32f103x6.o(RESET)
</UL>
<P><STRONG><a name="[1f]"></a>CAN1_RX1_IRQHandler</STRONG> (Thumb, 0 bytes, Stack size 0 bytes, startup_stm32f103x6.o(.text))
<BR>[Address Reference Count : 1]<UL><LI> startup_stm32f103x6.o(RESET)
</UL>
<P><STRONG><a name="[20]"></a>CAN1_SCE_IRQHandler</STRONG> (Thumb, 0 bytes, Stack size 0 bytes, startup_stm32f103x6.o(.text))
<BR>[Address Reference Count : 1]<UL><LI> startup_stm32f103x6.o(RESET)
</UL>
<P><STRONG><a name="[15]"></a>DMA1_Channel1_IRQHandler</STRONG> (Thumb, 0 bytes, Stack size 0 bytes, startup_stm32f103x6.o(.text))
<BR>[Address Reference Count : 1]<UL><LI> startup_stm32f103x6.o(RESET)
</UL>
<P><STRONG><a name="[16]"></a>DMA1_Channel2_IRQHandler</STRONG> (Thumb, 0 bytes, Stack size 0 bytes, startup_stm32f103x6.o(.text))
<BR>[Address Reference Count : 1]<UL><LI> startup_stm32f103x6.o(RESET)
</UL>
<P><STRONG><a name="[17]"></a>DMA1_Channel3_IRQHandler</STRONG> (Thumb, 0 bytes, Stack size 0 bytes, startup_stm32f103x6.o(.text))
<BR>[Address Reference Count : 1]<UL><LI> startup_stm32f103x6.o(RESET)
</UL>
<P><STRONG><a name="[18]"></a>DMA1_Channel4_IRQHandler</STRONG> (Thumb, 0 bytes, Stack size 0 bytes, startup_stm32f103x6.o(.text))
<BR>[Address Reference Count : 1]<UL><LI> startup_stm32f103x6.o(RESET)
</UL>
<P><STRONG><a name="[19]"></a>DMA1_Channel5_IRQHandler</STRONG> (Thumb, 0 bytes, Stack size 0 bytes, startup_stm32f103x6.o(.text))
<BR>[Address Reference Count : 1]<UL><LI> startup_stm32f103x6.o(RESET)
</UL>
<P><STRONG><a name="[1a]"></a>DMA1_Channel6_IRQHandler</STRONG> (Thumb, 0 bytes, Stack size 0 bytes, startup_stm32f103x6.o(.text))
<BR>[Address Reference Count : 1]<UL><LI> startup_stm32f103x6.o(RESET)
</UL>
<P><STRONG><a name="[1b]"></a>DMA1_Channel7_IRQHandler</STRONG> (Thumb, 0 bytes, Stack size 0 bytes, startup_stm32f103x6.o(.text))
<BR>[Address Reference Count : 1]<UL><LI> startup_stm32f103x6.o(RESET)
</UL>
<P><STRONG><a name="[10]"></a>EXTI0_IRQHandler</STRONG> (Thumb, 0 bytes, Stack size 0 bytes, startup_stm32f103x6.o(.text))
<BR>[Address Reference Count : 1]<UL><LI> startup_stm32f103x6.o(RESET)
</UL>
<P><STRONG><a name="[11]"></a>EXTI1_IRQHandler</STRONG> (Thumb, 0 bytes, Stack size 0 bytes, startup_stm32f103x6.o(.text))
<BR>[Address Reference Count : 1]<UL><LI> startup_stm32f103x6.o(RESET)
</UL>
<P><STRONG><a name="[12]"></a>EXTI2_IRQHandler</STRONG> (Thumb, 0 bytes, Stack size 0 bytes, startup_stm32f103x6.o(.text))
<BR>[Address Reference Count : 1]<UL><LI> startup_stm32f103x6.o(RESET)
</UL>
<P><STRONG><a name="[13]"></a>EXTI3_IRQHandler</STRONG> (Thumb, 0 bytes, Stack size 0 bytes, startup_stm32f103x6.o(.text))
<BR>[Address Reference Count : 1]<UL><LI> startup_stm32f103x6.o(RESET)
</UL>
<P><STRONG><a name="[14]"></a>EXTI4_IRQHandler</STRONG> (Thumb, 0 bytes, Stack size 0 bytes, startup_stm32f103x6.o(.text))
<BR>[Address Reference Count : 1]<UL><LI> startup_stm32f103x6.o(RESET)
</UL>
<P><STRONG><a name="[21]"></a>EXTI9_5_IRQHandler</STRONG> (Thumb, 0 bytes, Stack size 0 bytes, startup_stm32f103x6.o(.text))
<BR>[Address Reference Count : 1]<UL><LI> startup_stm32f103x6.o(RESET)
</UL>
<P><STRONG><a name="[e]"></a>FLASH_IRQHandler</STRONG> (Thumb, 0 bytes, Stack size 0 bytes, startup_stm32f103x6.o(.text))
<BR>[Address Reference Count : 1]<UL><LI> startup_stm32f103x6.o(RESET)
</UL>
<P><STRONG><a name="[29]"></a>I2C1_ER_IRQHandler</STRONG> (Thumb, 0 bytes, Stack size 0 bytes, startup_stm32f103x6.o(.text))
<BR>[Address Reference Count : 1]<UL><LI> startup_stm32f103x6.o(RESET)
</UL>
<P><STRONG><a name="[28]"></a>I2C1_EV_IRQHandler</STRONG> (Thumb, 0 bytes, Stack size 0 bytes, startup_stm32f103x6.o(.text))
<BR>[Address Reference Count : 1]<UL><LI> startup_stm32f103x6.o(RESET)
</UL>
<P><STRONG><a name="[b]"></a>PVD_IRQHandler</STRONG> (Thumb, 0 bytes, Stack size 0 bytes, startup_stm32f103x6.o(.text))
<BR>[Address Reference Count : 1]<UL><LI> startup_stm32f103x6.o(RESET)
</UL>
<P><STRONG><a name="[f]"></a>RCC_IRQHandler</STRONG> (Thumb, 0 bytes, Stack size 0 bytes, startup_stm32f103x6.o(.text))
<BR>[Address Reference Count : 1]<UL><LI> startup_stm32f103x6.o(RESET)
</UL>
<P><STRONG><a name="[2e]"></a>RTC_Alarm_IRQHandler</STRONG> (Thumb, 0 bytes, Stack size 0 bytes, startup_stm32f103x6.o(.text))
<BR>[Address Reference Count : 1]<UL><LI> startup_stm32f103x6.o(RESET)
</UL>
<P><STRONG><a name="[d]"></a>RTC_IRQHandler</STRONG> (Thumb, 0 bytes, Stack size 0 bytes, startup_stm32f103x6.o(.text))
<BR>[Address Reference Count : 1]<UL><LI> startup_stm32f103x6.o(RESET)
</UL>
<P><STRONG><a name="[2a]"></a>SPI1_IRQHandler</STRONG> (Thumb, 0 bytes, Stack size 0 bytes, startup_stm32f103x6.o(.text))
<BR>[Address Reference Count : 1]<UL><LI> startup_stm32f103x6.o(RESET)
</UL>
<P><STRONG><a name="[c]"></a>TAMPER_IRQHandler</STRONG> (Thumb, 0 bytes, Stack size 0 bytes, startup_stm32f103x6.o(.text))
<BR>[Address Reference Count : 1]<UL><LI> startup_stm32f103x6.o(RESET)
</UL>
<P><STRONG><a name="[22]"></a>TIM1_BRK_IRQHandler</STRONG> (Thumb, 0 bytes, Stack size 0 bytes, startup_stm32f103x6.o(.text))
<BR>[Address Reference Count : 1]<UL><LI> startup_stm32f103x6.o(RESET)
</UL>
<P><STRONG><a name="[25]"></a>TIM1_CC_IRQHandler</STRONG> (Thumb, 0 bytes, Stack size 0 bytes, startup_stm32f103x6.o(.text))
<BR>[Address Reference Count : 1]<UL><LI> startup_stm32f103x6.o(RESET)
</UL>
<P><STRONG><a name="[24]"></a>TIM1_TRG_COM_IRQHandler</STRONG> (Thumb, 0 bytes, Stack size 0 bytes, startup_stm32f103x6.o(.text))
<BR>[Address Reference Count : 1]<UL><LI> startup_stm32f103x6.o(RESET)
</UL>
<P><STRONG><a name="[23]"></a>TIM1_UP_IRQHandler</STRONG> (Thumb, 0 bytes, Stack size 0 bytes, startup_stm32f103x6.o(.text))
<BR>[Address Reference Count : 1]<UL><LI> startup_stm32f103x6.o(RESET)
</UL>
<P><STRONG><a name="[26]"></a>TIM2_IRQHandler</STRONG> (Thumb, 0 bytes, Stack size 0 bytes, startup_stm32f103x6.o(.text))
<BR>[Address Reference Count : 1]<UL><LI> startup_stm32f103x6.o(RESET)
</UL>
<P><STRONG><a name="[27]"></a>TIM3_IRQHandler</STRONG> (Thumb, 0 bytes, Stack size 0 bytes, startup_stm32f103x6.o(.text))
<BR>[Address Reference Count : 1]<UL><LI> startup_stm32f103x6.o(RESET)
</UL>
<P><STRONG><a name="[2b]"></a>USART1_IRQHandler</STRONG> (Thumb, 0 bytes, Stack size 0 bytes, startup_stm32f103x6.o(.text))
<BR>[Address Reference Count : 1]<UL><LI> startup_stm32f103x6.o(RESET)
</UL>
<P><STRONG><a name="[2f]"></a>USBWakeUp_IRQHandler</STRONG> (Thumb, 0 bytes, Stack size 0 bytes, startup_stm32f103x6.o(.text))
<BR>[Address Reference Count : 1]<UL><LI> startup_stm32f103x6.o(RESET)
</UL>
<P><STRONG><a name="[1d]"></a>USB_HP_CAN1_TX_IRQHandler</STRONG> (Thumb, 0 bytes, Stack size 0 bytes, startup_stm32f103x6.o(.text))
<BR>[Address Reference Count : 1]<UL><LI> startup_stm32f103x6.o(RESET)
</UL>
<P><STRONG><a name="[1e]"></a>USB_LP_CAN1_RX0_IRQHandler</STRONG> (Thumb, 0 bytes, Stack size 0 bytes, startup_stm32f103x6.o(.text))
<BR>[Address Reference Count : 1]<UL><LI> startup_stm32f103x6.o(RESET)
</UL>
<P><STRONG><a name="[a]"></a>WWDG_IRQHandler</STRONG> (Thumb, 0 bytes, Stack size 0 bytes, startup_stm32f103x6.o(.text))
<BR>[Address Reference Count : 1]<UL><LI> startup_stm32f103x6.o(RESET)
</UL>
<P><STRONG><a name="[88]"></a>__aeabi_memcpy</STRONG> (Thumb, 36 bytes, Stack size 0 bytes, memcpya.o(.text), UNUSED)

<P><STRONG><a name="[6e]"></a>__aeabi_memcpy4</STRONG> (Thumb, 0 bytes, Stack size 0 bytes, memcpya.o(.text))
<BR><BR>[Called By]<UL><LI><a href="#[68]">&gt;&gt;</a>&nbsp;&nbsp;&nbsp;Render
</UL>

<P><STRONG><a name="[89]"></a>__aeabi_memcpy8</STRONG> (Thumb, 0 bytes, Stack size 0 bytes, memcpya.o(.text), UNUSED)

<P><STRONG><a name="[77]"></a>strstr</STRONG> (Thumb, 36 bytes, Stack size 12 bytes, strstr.o(.text))
<BR><BR>[Stack]<UL><LI>Max Depth = 12<LI>Call Chain = strstr
</UL>
<BR>[Called By]<UL><LI><a href="#[76]">&gt;&gt;</a>&nbsp;&nbsp;&nbsp;TIMER_Get_Msg
</UL>

<P><STRONG><a name="[4f]"></a>__scatterload</STRONG> (Thumb, 28 bytes, Stack size 0 bytes, init.o(.text))
<BR><BR>[Calls]<UL><LI><a href="#[50]">&gt;&gt;</a>&nbsp;&nbsp;&nbsp;__main_after_scatterload
</UL>
<BR>[Called By]<UL><LI><a href="#[4e]">&gt;&gt;</a>&nbsp;&nbsp;&nbsp;_main_scatterload
</UL>

<P><STRONG><a name="[8a]"></a>__scatterload_rt2</STRONG> (Thumb, 0 bytes, Stack size 0 bytes, init.o(.text), UNUSED)

<P><STRONG><a name="[51]"></a>BTN_Press</STRONG> (Thumb, 484 bytes, Stack size 8 bytes, control.o(.text.BTN_Press))
<BR><BR>[Stack]<UL><LI>Max Depth = 232<LI>Call Chain = BTN_Press &rArr; Update_View &rArr; Render &rArr; ssd1306_WriteNumber &rArr; ssd1306_WriteChar &rArr; ssd1306_DrawPixel
</UL>
<BR>[Calls]<UL><LI><a href="#[54]">&gt;&gt;</a>&nbsp;&nbsp;&nbsp;Update_View
<LI><a href="#[53]">&gt;&gt;</a>&nbsp;&nbsp;&nbsp;Change_Value
<LI><a href="#[52]">&gt;&gt;</a>&nbsp;&nbsp;&nbsp;Change_Select
</UL>
<BR>[Called By]<UL><LI><a href="#[2d]">&gt;&gt;</a>&nbsp;&nbsp;&nbsp;EXTI15_10_IRQHandler
</UL>

<P><STRONG><a name="[55]"></a>Control_Init</STRONG> (Thumb, 14 bytes, Stack size 8 bytes, control.o(.text.Control_Init))
<BR><BR>[Stack]<UL><LI>Max Depth = 232<LI>Call Chain = Control_Init &rArr; Update_View &rArr; Render &rArr; ssd1306_WriteNumber &rArr; ssd1306_WriteChar &rArr; ssd1306_DrawPixel
</UL>
<BR>[Calls]<UL><LI><a href="#[56]">&gt;&gt;</a>&nbsp;&nbsp;&nbsp;Load_Data
<LI><a href="#[54]">&gt;&gt;</a>&nbsp;&nbsp;&nbsp;Update_View
</UL>
<BR>[Called By]<UL><LI><a href="#[30]">&gt;&gt;</a>&nbsp;&nbsp;&nbsp;main
</UL>

<P><STRONG><a name="[2d]"></a>EXTI15_10_IRQHandler</STRONG> (Thumb, 84 bytes, Stack size 8 bytes, stm32f1xx_it.o(.text.EXTI15_10_IRQHandler))
<BR><BR>[Stack]<UL><LI>Max Depth = 240<LI>Call Chain = EXTI15_10_IRQHandler &rArr; BTN_Press &rArr; Update_View &rArr; Render &rArr; ssd1306_WriteNumber &rArr; ssd1306_WriteChar &rArr; ssd1306_DrawPixel
</UL>
<BR>[Calls]<UL><LI><a href="#[51]">&gt;&gt;</a>&nbsp;&nbsp;&nbsp;BTN_Press
</UL>
<BR>[Address Reference Count : 1]<UL><LI> startup_stm32f103x6.o(RESET)
</UL>
<P><STRONG><a name="[38]"></a>LL_EXTI_Init</STRONG> (Thumb, 136 bytes, Stack size 8 bytes, stm32f1xx_ll_exti.o(.text.LL_EXTI_Init))
<BR><BR>[Stack]<UL><LI>Max Depth = 8<LI>Call Chain = LL_EXTI_Init
</UL>
<BR>[Address Reference Count : 1]<UL><LI> gpio.o(.text.MX_GPIO_Init)
</UL>
<P><STRONG><a name="[37]"></a>LL_GPIO_Init</STRONG> (Thumb, 172 bytes, Stack size 36 bytes, stm32f1xx_ll_gpio.o(.text.LL_GPIO_Init))
<BR><BR>[Stack]<UL><LI>Max Depth = 36<LI>Call Chain = LL_GPIO_Init
</UL>
<BR>[Called By]<UL><LI><a href="#[61]">&gt;&gt;</a>&nbsp;&nbsp;&nbsp;MX_USART2_UART_Init
<LI><a href="#[5e]">&gt;&gt;</a>&nbsp;&nbsp;&nbsp;MX_SPI1_Init
</UL>
<BR>[Address Reference Count : 1]<UL><LI> gpio.o(.text.MX_GPIO_Init)
</UL>
<P><STRONG><a name="[74]"></a>LL_Init1msTick</STRONG> (Thumb, 24 bytes, Stack size 0 bytes, stm32f1xx_ll_utils.o(.text.LL_Init1msTick))
<BR><BR>[Called By]<UL><LI><a href="#[73]">&gt;&gt;</a>&nbsp;&nbsp;&nbsp;SystemClock_Config
</UL>

<P><STRONG><a name="[57]"></a>LL_RCC_GetSystemClocksFreq</STRONG> (Thumb, 56 bytes, Stack size 8 bytes, stm32f1xx_ll_rcc.o(.text.LL_RCC_GetSystemClocksFreq))
<BR><BR>[Stack]<UL><LI>Max Depth = 8<LI>Call Chain = LL_RCC_GetSystemClocksFreq
</UL>
<BR>[Calls]<UL><LI><a href="#[58]">&gt;&gt;</a>&nbsp;&nbsp;&nbsp;RCC_GetSystemClockFreq
</UL>
<BR>[Called By]<UL><LI><a href="#[59]">&gt;&gt;</a>&nbsp;&nbsp;&nbsp;LL_USART_Init
</UL>

<P><STRONG><a name="[60]"></a>LL_SPI_Init</STRONG> (Thumb, 94 bytes, Stack size 24 bytes, stm32f1xx_ll_spi.o(.text.LL_SPI_Init))
<BR><BR>[Stack]<UL><LI>Max Depth = 24<LI>Call Chain = LL_SPI_Init
</UL>
<BR>[Called By]<UL><LI><a href="#[5e]">&gt;&gt;</a>&nbsp;&nbsp;&nbsp;MX_SPI1_Init
</UL>

<P><STRONG><a name="[75]"></a>LL_SetSystemCoreClock</STRONG> (Thumb, 8 bytes, Stack size 0 bytes, stm32f1xx_ll_utils.o(.text.LL_SetSystemCoreClock))
<BR><BR>[Called By]<UL><LI><a href="#[73]">&gt;&gt;</a>&nbsp;&nbsp;&nbsp;SystemClock_Config
</UL>

<P><STRONG><a name="[59]"></a>LL_USART_Init</STRONG> (Thumb, 156 bytes, Stack size 40 bytes, stm32f1xx_ll_usart.o(.text.LL_USART_Init))
<BR><BR>[Stack]<UL><LI>Max Depth = 48<LI>Call Chain = LL_USART_Init &rArr; LL_RCC_GetSystemClocksFreq
</UL>
<BR>[Calls]<UL><LI><a href="#[57]">&gt;&gt;</a>&nbsp;&nbsp;&nbsp;LL_RCC_GetSystemClocksFreq
</UL>
<BR>[Called By]<UL><LI><a href="#[61]">&gt;&gt;</a>&nbsp;&nbsp;&nbsp;MX_USART2_UART_Init
</UL>

<P><STRONG><a name="[7e]"></a>LL_mDelay</STRONG> (Thumb, 36 bytes, Stack size 4 bytes, stm32f1xx_ll_utils.o(.text.LL_mDelay))
<BR><BR>[Stack]<UL><LI>Max Depth = 4<LI>Call Chain = LL_mDelay
</UL>
<BR>[Called By]<UL><LI><a href="#[7d]">&gt;&gt;</a>&nbsp;&nbsp;&nbsp;ssd1306_Reset
<LI><a href="#[7c]">&gt;&gt;</a>&nbsp;&nbsp;&nbsp;ssd1306_Init
</UL>

<P><STRONG><a name="[56]"></a>Load_Data</STRONG> (Thumb, 48 bytes, Stack size 8 bytes, model.o(.text.Load_Data))
<BR><BR>[Stack]<UL><LI>Max Depth = 8<LI>Call Chain = Load_Data
</UL>
<BR>[Called By]<UL><LI><a href="#[55]">&gt;&gt;</a>&nbsp;&nbsp;&nbsp;Control_Init
</UL>

<P><STRONG><a name="[5a]"></a>MX_GPIO_Init</STRONG> (Thumb, 368 bytes, Stack size 72 bytes, gpio.o(.text.MX_GPIO_Init))
<BR><BR>[Stack]<UL><LI>Max Depth = 72<LI>Call Chain = MX_GPIO_Init
</UL>
<BR>[Calls]<UL><LI><a href="#[5d]">&gt;&gt;</a>&nbsp;&nbsp;&nbsp;OUTLINED_FUNCTION_1
<LI><a href="#[5c]">&gt;&gt;</a>&nbsp;&nbsp;&nbsp;OUTLINED_FUNCTION_0
<LI><a href="#[5b]">&gt;&gt;</a>&nbsp;&nbsp;&nbsp;OUTLINED_FUNCTION_2
</UL>
<BR>[Called By]<UL><LI><a href="#[30]">&gt;&gt;</a>&nbsp;&nbsp;&nbsp;main
</UL>

<P><STRONG><a name="[5e]"></a>MX_SPI1_Init</STRONG> (Thumb, 100 bytes, Stack size 72 bytes, spi.o(.text.MX_SPI1_Init))
<BR><BR>[Stack]<UL><LI>Max Depth = 108<LI>Call Chain = MX_SPI1_Init &rArr; LL_GPIO_Init
</UL>
<BR>[Calls]<UL><LI><a href="#[60]">&gt;&gt;</a>&nbsp;&nbsp;&nbsp;LL_SPI_Init
<LI><a href="#[5f]">&gt;&gt;</a>&nbsp;&nbsp;&nbsp;LL_APB2_GRP1_EnableClock
<LI><a href="#[37]">&gt;&gt;</a>&nbsp;&nbsp;&nbsp;LL_GPIO_Init
</UL>
<BR>[Called By]<UL><LI><a href="#[30]">&gt;&gt;</a>&nbsp;&nbsp;&nbsp;main
</UL>

<P><STRONG><a name="[61]"></a>MX_USART2_UART_Init</STRONG> (Thumb, 216 bytes, Stack size 72 bytes, usart.o(.text.MX_USART2_UART_Init))
<BR><BR>[Stack]<UL><LI>Max Depth = 120<LI>Call Chain = MX_USART2_UART_Init &rArr; LL_USART_Init &rArr; LL_RCC_GetSystemClocksFreq
</UL>
<BR>[Calls]<UL><LI><a href="#[59]">&gt;&gt;</a>&nbsp;&nbsp;&nbsp;LL_USART_Init
<LI><a href="#[37]">&gt;&gt;</a>&nbsp;&nbsp;&nbsp;LL_GPIO_Init
</UL>
<BR>[Called By]<UL><LI><a href="#[30]">&gt;&gt;</a>&nbsp;&nbsp;&nbsp;main
</UL>

<P><STRONG><a name="[6c]"></a>Model_GetAlarmsLen</STRONG> (Thumb, 4 bytes, Stack size 0 bytes, model.o(.text.Model_GetAlarmsLen))
<BR><BR>[Called By]<UL><LI><a href="#[68]">&gt;&gt;</a>&nbsp;&nbsp;&nbsp;Render
</UL>

<P><STRONG><a name="[58]"></a>RCC_GetSystemClockFreq</STRONG> (Thumb, 20 bytes, Stack size 0 bytes, stm32f1xx_ll_rcc.o(.text.RCC_GetSystemClockFreq))
<BR><BR>[Calls]<UL><LI><a href="#[66]">&gt;&gt;</a>&nbsp;&nbsp;&nbsp;RCC_PLL_GetFreqDomain_SYS
</UL>
<BR>[Called By]<UL><LI><a href="#[57]">&gt;&gt;</a>&nbsp;&nbsp;&nbsp;LL_RCC_GetSystemClocksFreq
</UL>

<P><STRONG><a name="[66]"></a>RCC_PLL_GetFreqDomain_SYS</STRONG> (Thumb, 40 bytes, Stack size 0 bytes, stm32f1xx_ll_rcc.o(.text.RCC_PLL_GetFreqDomain_SYS))
<BR><BR>[Called By]<UL><LI><a href="#[58]">&gt;&gt;</a>&nbsp;&nbsp;&nbsp;RCC_GetSystemClockFreq
</UL>

<P><STRONG><a name="[67]"></a>Refresh_Time</STRONG> (Thumb, 32 bytes, Stack size 0 bytes, control.o(.text.Refresh_Time))
<BR><BR>[Stack]<UL><LI>Max Depth = 224<LI>Call Chain = Refresh_Time &rArr; Update_View &rArr; Render &rArr; ssd1306_WriteNumber &rArr; ssd1306_WriteChar &rArr; ssd1306_DrawPixel
</UL>
<BR>[Calls]<UL><LI><a href="#[54]">&gt;&gt;</a>&nbsp;&nbsp;&nbsp;Update_View
</UL>
<BR>[Called By]<UL><LI><a href="#[76]">&gt;&gt;</a>&nbsp;&nbsp;&nbsp;TIMER_Get_Msg
</UL>

<P><STRONG><a name="[68]"></a>Render</STRONG> (Thumb, 760 bytes, Stack size 120 bytes, view.o(.text.Render))
<BR><BR>[Stack]<UL><LI>Max Depth = 216<LI>Call Chain = Render &rArr; ssd1306_WriteNumber &rArr; ssd1306_WriteChar &rArr; ssd1306_DrawPixel
</UL>
<BR>[Calls]<UL><LI><a href="#[6e]">&gt;&gt;</a>&nbsp;&nbsp;&nbsp;__aeabi_memcpy4
<LI><a href="#[6f]">&gt;&gt;</a>&nbsp;&nbsp;&nbsp;Render_Items_General
<LI><a href="#[6d]">&gt;&gt;</a>&nbsp;&nbsp;&nbsp;OUTLINED_FUNCTION_3
<LI><a href="#[65]">&gt;&gt;</a>&nbsp;&nbsp;&nbsp;OUTLINED_FUNCTION_4
<LI><a href="#[62]">&gt;&gt;</a>&nbsp;&nbsp;&nbsp;OUTLINED_FUNCTION_0
<LI><a href="#[64]">&gt;&gt;</a>&nbsp;&nbsp;&nbsp;Check_List_Offset
<LI><a href="#[63]">&gt;&gt;</a>&nbsp;&nbsp;&nbsp;OUTLINED_FUNCTION_2
<LI><a href="#[6a]">&gt;&gt;</a>&nbsp;&nbsp;&nbsp;OUTLINED_FUNCTION_1
<LI><a href="#[6c]">&gt;&gt;</a>&nbsp;&nbsp;&nbsp;Model_GetAlarmsLen
<LI><a href="#[39]">&gt;&gt;</a>&nbsp;&nbsp;&nbsp;ssd1306_SetCursor
<LI><a href="#[3a]">&gt;&gt;</a>&nbsp;&nbsp;&nbsp;ssd1306_WriteNumber
<LI><a href="#[6b]">&gt;&gt;</a>&nbsp;&nbsp;&nbsp;ssd1306_WriteString
<LI><a href="#[3b]">&gt;&gt;</a>&nbsp;&nbsp;&nbsp;ssd1306_WriteChar
<LI><a href="#[70]">&gt;&gt;</a>&nbsp;&nbsp;&nbsp;ssd1306_UpdateScreen
<LI><a href="#[69]">&gt;&gt;</a>&nbsp;&nbsp;&nbsp;ssd1306_Fill
</UL>
<BR>[Called By]<UL><LI><a href="#[54]">&gt;&gt;</a>&nbsp;&nbsp;&nbsp;Update_View
</UL>

<P><STRONG><a name="[9]"></a>SysTick_Handler</STRONG> (Thumb, 12 bytes, Stack size 0 bytes, stm32f1xx_it.o(.text.SysTick_Handler))
<BR>[Address Reference Count : 1]<UL><LI> startup_stm32f103x6.o(RESET)
</UL>
<P><STRONG><a name="[73]"></a>SystemClock_Config</STRONG> (Thumb, 128 bytes, Stack size 8 bytes, main.o(.text.SystemClock_Config))
<BR><BR>[Stack]<UL><LI>Max Depth = 8<LI>Call Chain = SystemClock_Config
</UL>
<BR>[Calls]<UL><LI><a href="#[75]">&gt;&gt;</a>&nbsp;&nbsp;&nbsp;LL_SetSystemCoreClock
<LI><a href="#[74]">&gt;&gt;</a>&nbsp;&nbsp;&nbsp;LL_Init1msTick
</UL>
<BR>[Called By]<UL><LI><a href="#[30]">&gt;&gt;</a>&nbsp;&nbsp;&nbsp;main
</UL>

<P><STRONG><a name="[31]"></a>SystemInit</STRONG> (Thumb, 2 bytes, Stack size 0 bytes, system_stm32f1xx.o(.text.SystemInit))
<BR>[Address Reference Count : 1]<UL><LI> startup_stm32f103x6.o(.text)
</UL>
<P><STRONG><a name="[76]"></a>TIMER_Get_Msg</STRONG> (Thumb, 392 bytes, Stack size 40 bytes, timer.o(.text.TIMER_Get_Msg))
<BR><BR>[Stack]<UL><LI>Max Depth = 264<LI>Call Chain = TIMER_Get_Msg &rArr; Refresh_Time &rArr; Update_View &rArr; Render &rArr; ssd1306_WriteNumber &rArr; ssd1306_WriteChar &rArr; ssd1306_DrawPixel
</UL>
<BR>[Calls]<UL><LI><a href="#[77]">&gt;&gt;</a>&nbsp;&nbsp;&nbsp;strstr
<LI><a href="#[67]">&gt;&gt;</a>&nbsp;&nbsp;&nbsp;Refresh_Time
<LI><a href="#[72]">&gt;&gt;</a>&nbsp;&nbsp;&nbsp;Pow
<LI><a href="#[71]">&gt;&gt;</a>&nbsp;&nbsp;&nbsp;Str2num
<LI><a href="#[78]">&gt;&gt;</a>&nbsp;&nbsp;&nbsp;Comma_Pos
</UL>
<BR>[Called By]<UL><LI><a href="#[2c]">&gt;&gt;</a>&nbsp;&nbsp;&nbsp;USART2_IRQHandler
</UL>

<P><STRONG><a name="[79]"></a>TIMER_Init</STRONG> (Thumb, 68 bytes, Stack size 48 bytes, timer.o(.text.TIMER_Init))
<BR><BR>[Stack]<UL><LI>Max Depth = 56<LI>Call Chain = TIMER_Init &rArr; USART_Send
</UL>
<BR>[Calls]<UL><LI><a href="#[7a]">&gt;&gt;</a>&nbsp;&nbsp;&nbsp;USART_Send
</UL>
<BR>[Called By]<UL><LI><a href="#[30]">&gt;&gt;</a>&nbsp;&nbsp;&nbsp;main
</UL>

<P><STRONG><a name="[2c]"></a>USART2_IRQHandler</STRONG> (Thumb, 20 bytes, Stack size 0 bytes, stm32f1xx_it.o(.text.USART2_IRQHandler))
<BR><BR>[Stack]<UL><LI>Max Depth = 264<LI>Call Chain = USART2_IRQHandler &rArr; TIMER_Get_Msg &rArr; Refresh_Time &rArr; Update_View &rArr; Render &rArr; ssd1306_WriteNumber &rArr; ssd1306_WriteChar &rArr; ssd1306_DrawPixel
</UL>
<BR>[Calls]<UL><LI><a href="#[76]">&gt;&gt;</a>&nbsp;&nbsp;&nbsp;TIMER_Get_Msg
</UL>
<BR>[Address Reference Count : 1]<UL><LI> startup_stm32f103x6.o(RESET)
</UL>
<P><STRONG><a name="[7a]"></a>USART_Send</STRONG> (Thumb, 30 bytes, Stack size 8 bytes, usart.o(.text.USART_Send))
<BR><BR>[Stack]<UL><LI>Max Depth = 8<LI>Call Chain = USART_Send
</UL>
<BR>[Called By]<UL><LI><a href="#[79]">&gt;&gt;</a>&nbsp;&nbsp;&nbsp;TIMER_Init
</UL>

<P><STRONG><a name="[54]"></a>Update_View</STRONG> (Thumb, 36 bytes, Stack size 8 bytes, model.o(.text.Update_View))
<BR><BR>[Stack]<UL><LI>Max Depth = 224<LI>Call Chain = Update_View &rArr; Render &rArr; ssd1306_WriteNumber &rArr; ssd1306_WriteChar &rArr; ssd1306_DrawPixel
</UL>
<BR>[Calls]<UL><LI><a href="#[68]">&gt;&gt;</a>&nbsp;&nbsp;&nbsp;Render
<LI><a href="#[7b]">&gt;&gt;</a>&nbsp;&nbsp;&nbsp;ssd1306_SetContrast
</UL>
<BR>[Called By]<UL><LI><a href="#[51]">&gt;&gt;</a>&nbsp;&nbsp;&nbsp;BTN_Press
<LI><a href="#[55]">&gt;&gt;</a>&nbsp;&nbsp;&nbsp;Control_Init
<LI><a href="#[67]">&gt;&gt;</a>&nbsp;&nbsp;&nbsp;Refresh_Time
</UL>

<P><STRONG><a name="[30]"></a>main</STRONG> (Thumb, 152 bytes, Stack size 8 bytes, main.o(.text.main))
<BR><BR>[Stack]<UL><LI>Max Depth = 240<LI>Call Chain = main &rArr; Control_Init &rArr; Update_View &rArr; Render &rArr; ssd1306_WriteNumber &rArr; ssd1306_WriteChar &rArr; ssd1306_DrawPixel
</UL>
<BR>[Calls]<UL><LI><a href="#[55]">&gt;&gt;</a>&nbsp;&nbsp;&nbsp;Control_Init
<LI><a href="#[7c]">&gt;&gt;</a>&nbsp;&nbsp;&nbsp;ssd1306_Init
<LI><a href="#[61]">&gt;&gt;</a>&nbsp;&nbsp;&nbsp;MX_USART2_UART_Init
<LI><a href="#[5e]">&gt;&gt;</a>&nbsp;&nbsp;&nbsp;MX_SPI1_Init
<LI><a href="#[5a]">&gt;&gt;</a>&nbsp;&nbsp;&nbsp;MX_GPIO_Init
<LI><a href="#[73]">&gt;&gt;</a>&nbsp;&nbsp;&nbsp;SystemClock_Config
<LI><a href="#[79]">&gt;&gt;</a>&nbsp;&nbsp;&nbsp;TIMER_Init
</UL>
<BR>[Address Reference Count : 1]<UL><LI> entry9a.o(.ARM.Collect$$$$0000000B)
</UL>
<P><STRONG><a name="[81]"></a>ssd1306_DrawPixel</STRONG> (Thumb, 48 bytes, Stack size 8 bytes, ssd1306.o(.text.ssd1306_DrawPixel))
<BR><BR>[Stack]<UL><LI>Max Depth = 8<LI>Call Chain = ssd1306_DrawPixel
</UL>
<BR>[Called By]<UL><LI><a href="#[3b]">&gt;&gt;</a>&nbsp;&nbsp;&nbsp;ssd1306_WriteChar
</UL>

<P><STRONG><a name="[69]"></a>ssd1306_Fill</STRONG> (Thumb, 28 bytes, Stack size 0 bytes, ssd1306.o(.text.ssd1306_Fill))
<BR><BR>[Called By]<UL><LI><a href="#[68]">&gt;&gt;</a>&nbsp;&nbsp;&nbsp;Render
<LI><a href="#[7c]">&gt;&gt;</a>&nbsp;&nbsp;&nbsp;ssd1306_Init
</UL>

<P><STRONG><a name="[7c]"></a>ssd1306_Init</STRONG> (Thumb, 148 bytes, Stack size 16 bytes, ssd1306.o(.text.ssd1306_Init))
<BR><BR>[Stack]<UL><LI>Max Depth = 48<LI>Call Chain = ssd1306_Init &rArr; ssd1306_UpdateScreen &rArr; ssd1306_WriteData
</UL>
<BR>[Calls]<UL><LI><a href="#[70]">&gt;&gt;</a>&nbsp;&nbsp;&nbsp;ssd1306_UpdateScreen
<LI><a href="#[69]">&gt;&gt;</a>&nbsp;&nbsp;&nbsp;ssd1306_Fill
<LI><a href="#[7b]">&gt;&gt;</a>&nbsp;&nbsp;&nbsp;ssd1306_SetContrast
<LI><a href="#[7f]">&gt;&gt;</a>&nbsp;&nbsp;&nbsp;ssd1306_SetDisplayOn
<LI><a href="#[7d]">&gt;&gt;</a>&nbsp;&nbsp;&nbsp;ssd1306_Reset
<LI><a href="#[7e]">&gt;&gt;</a>&nbsp;&nbsp;&nbsp;LL_mDelay
</UL>
<BR>[Called By]<UL><LI><a href="#[30]">&gt;&gt;</a>&nbsp;&nbsp;&nbsp;main
</UL>

<P><STRONG><a name="[7d]"></a>ssd1306_Reset</STRONG> (Thumb, 36 bytes, Stack size 16 bytes, ssd1306.o(.text.ssd1306_Reset))
<BR><BR>[Stack]<UL><LI>Max Depth = 20<LI>Call Chain = ssd1306_Reset &rArr; LL_mDelay
</UL>
<BR>[Calls]<UL><LI><a href="#[7e]">&gt;&gt;</a>&nbsp;&nbsp;&nbsp;LL_mDelay
</UL>
<BR>[Called By]<UL><LI><a href="#[7c]">&gt;&gt;</a>&nbsp;&nbsp;&nbsp;ssd1306_Init
</UL>

<P><STRONG><a name="[7b]"></a>ssd1306_SetContrast</STRONG> (Thumb, 20 bytes, Stack size 8 bytes, ssd1306.o(.text.ssd1306_SetContrast))
<BR><BR>[Stack]<UL><LI>Max Depth = 8<LI>Call Chain = ssd1306_SetContrast
</UL>
<BR>[Calls]<UL><LI><a href="#[3c]">&gt;&gt;</a>&nbsp;&nbsp;&nbsp;ssd1306_WriteCommand
</UL>
<BR>[Called By]<UL><LI><a href="#[54]">&gt;&gt;</a>&nbsp;&nbsp;&nbsp;Update_View
<LI><a href="#[7c]">&gt;&gt;</a>&nbsp;&nbsp;&nbsp;ssd1306_Init
</UL>

<P><STRONG><a name="[39]"></a>ssd1306_SetCursor</STRONG> (Thumb, 8 bytes, Stack size 0 bytes, ssd1306.o(.text.ssd1306_SetCursor))
<BR><BR>[Called By]<UL><LI><a href="#[6f]">&gt;&gt;</a>&nbsp;&nbsp;&nbsp;Render_Items_General
<LI><a href="#[62]">&gt;&gt;</a>&nbsp;&nbsp;&nbsp;OUTLINED_FUNCTION_0
<LI><a href="#[68]">&gt;&gt;</a>&nbsp;&nbsp;&nbsp;Render
</UL>
<BR>[Address Reference Count : 1]<UL><LI> view.o(.text.Render)
</UL>
<P><STRONG><a name="[7f]"></a>ssd1306_SetDisplayOn</STRONG> (Thumb, 24 bytes, Stack size 0 bytes, ssd1306.o(.text.ssd1306_SetDisplayOn))
<BR><BR>[Calls]<UL><LI><a href="#[3c]">&gt;&gt;</a>&nbsp;&nbsp;&nbsp;ssd1306_WriteCommand
</UL>
<BR>[Called By]<UL><LI><a href="#[7c]">&gt;&gt;</a>&nbsp;&nbsp;&nbsp;ssd1306_Init
</UL>

<P><STRONG><a name="[70]"></a>ssd1306_UpdateScreen</STRONG> (Thumb, 44 bytes, Stack size 16 bytes, ssd1306.o(.text.ssd1306_UpdateScreen))
<BR><BR>[Stack]<UL><LI>Max Depth = 32<LI>Call Chain = ssd1306_UpdateScreen &rArr; ssd1306_WriteData
</UL>
<BR>[Calls]<UL><LI><a href="#[80]">&gt;&gt;</a>&nbsp;&nbsp;&nbsp;ssd1306_WriteData
</UL>
<BR>[Called By]<UL><LI><a href="#[68]">&gt;&gt;</a>&nbsp;&nbsp;&nbsp;Render
<LI><a href="#[7c]">&gt;&gt;</a>&nbsp;&nbsp;&nbsp;ssd1306_Init
</UL>

<P><STRONG><a name="[3b]"></a>ssd1306_WriteChar</STRONG> (Thumb, 164 bytes, Stack size 48 bytes, ssd1306.o(.text.ssd1306_WriteChar))
<BR><BR>[Stack]<UL><LI>Max Depth = 56<LI>Call Chain = ssd1306_WriteChar &rArr; ssd1306_DrawPixel
</UL>
<BR>[Calls]<UL><LI><a href="#[81]">&gt;&gt;</a>&nbsp;&nbsp;&nbsp;ssd1306_DrawPixel
</UL>
<BR>[Called By]<UL><LI><a href="#[4d]">&gt;&gt;</a>&nbsp;&nbsp;&nbsp;Render_Item_Duration_Value
<LI><a href="#[6f]">&gt;&gt;</a>&nbsp;&nbsp;&nbsp;Render_Items_General
<LI><a href="#[65]">&gt;&gt;</a>&nbsp;&nbsp;&nbsp;OUTLINED_FUNCTION_4
<LI><a href="#[68]">&gt;&gt;</a>&nbsp;&nbsp;&nbsp;Render
<LI><a href="#[3a]">&gt;&gt;</a>&nbsp;&nbsp;&nbsp;ssd1306_WriteNumber
<LI><a href="#[6b]">&gt;&gt;</a>&nbsp;&nbsp;&nbsp;ssd1306_WriteString
</UL>
<BR>[Address Reference Count : 1]<UL><LI> view.o(.text.Render)
</UL>
<P><STRONG><a name="[3c]"></a>ssd1306_WriteCommand</STRONG> (Thumb, 36 bytes, Stack size 0 bytes, ssd1306.o(.text.ssd1306_WriteCommand))
<BR><BR>[Called By]<UL><LI><a href="#[7b]">&gt;&gt;</a>&nbsp;&nbsp;&nbsp;ssd1306_SetContrast
<LI><a href="#[7f]">&gt;&gt;</a>&nbsp;&nbsp;&nbsp;ssd1306_SetDisplayOn
</UL>
<BR>[Address Reference Count : 1]<UL><LI> ssd1306.o(.text.ssd1306_UpdateScreen)
</UL>
<P><STRONG><a name="[80]"></a>ssd1306_WriteData</STRONG> (Thumb, 48 bytes, Stack size 16 bytes, ssd1306.o(.text.ssd1306_WriteData))
<BR><BR>[Stack]<UL><LI>Max Depth = 16<LI>Call Chain = ssd1306_WriteData
</UL>
<BR>[Called By]<UL><LI><a href="#[70]">&gt;&gt;</a>&nbsp;&nbsp;&nbsp;ssd1306_UpdateScreen
</UL>

<P><STRONG><a name="[3a]"></a>ssd1306_WriteNumber</STRONG> (Thumb, 106 bytes, Stack size 40 bytes, ssd1306.o(.text.ssd1306_WriteNumber))
<BR><BR>[Stack]<UL><LI>Max Depth = 96<LI>Call Chain = ssd1306_WriteNumber &rArr; ssd1306_WriteChar &rArr; ssd1306_DrawPixel
</UL>
<BR>[Calls]<UL><LI><a href="#[3b]">&gt;&gt;</a>&nbsp;&nbsp;&nbsp;ssd1306_WriteChar
</UL>
<BR>[Called By]<UL><LI><a href="#[42]">&gt;&gt;</a>&nbsp;&nbsp;&nbsp;Render_Item_Alarm_Repeat_Value
<LI><a href="#[40]">&gt;&gt;</a>&nbsp;&nbsp;&nbsp;Render_Item_Alarm_Time_Value
<LI><a href="#[4d]">&gt;&gt;</a>&nbsp;&nbsp;&nbsp;Render_Item_Duration_Value
<LI><a href="#[4b]">&gt;&gt;</a>&nbsp;&nbsp;&nbsp;Render_Item_Contrast_Value
<LI><a href="#[68]">&gt;&gt;</a>&nbsp;&nbsp;&nbsp;Render
</UL>
<BR>[Address Reference Count : 1]<UL><LI> view.o(.text.Render)
</UL>
<P><STRONG><a name="[6b]"></a>ssd1306_WriteString</STRONG> (Thumb, 42 bytes, Stack size 24 bytes, ssd1306.o(.text.ssd1306_WriteString))
<BR><BR>[Stack]<UL><LI>Max Depth = 80<LI>Call Chain = ssd1306_WriteString &rArr; ssd1306_WriteChar &rArr; ssd1306_DrawPixel
</UL>
<BR>[Calls]<UL><LI><a href="#[3b]">&gt;&gt;</a>&nbsp;&nbsp;&nbsp;ssd1306_WriteChar
</UL>
<BR>[Called By]<UL><LI><a href="#[48]">&gt;&gt;</a>&nbsp;&nbsp;&nbsp;Render_Item_Beep_Mode3_Value
<LI><a href="#[47]">&gt;&gt;</a>&nbsp;&nbsp;&nbsp;Render_Item_Beep_Mode3_Name
<LI><a href="#[46]">&gt;&gt;</a>&nbsp;&nbsp;&nbsp;Render_Item_Beep_Mode2_Value
<LI><a href="#[45]">&gt;&gt;</a>&nbsp;&nbsp;&nbsp;Render_Item_Beep_Mode2_Name
<LI><a href="#[44]">&gt;&gt;</a>&nbsp;&nbsp;&nbsp;Render_Item_Beep_Mode1_Value
<LI><a href="#[43]">&gt;&gt;</a>&nbsp;&nbsp;&nbsp;Render_Item_Beep_Mode1_Name
<LI><a href="#[41]">&gt;&gt;</a>&nbsp;&nbsp;&nbsp;Render_Item_Alarm_Repeat_Name
<LI><a href="#[3f]">&gt;&gt;</a>&nbsp;&nbsp;&nbsp;Render_Item_Alarm_Time_Name
<LI><a href="#[3e]">&gt;&gt;</a>&nbsp;&nbsp;&nbsp;Render_Item_Alarm_Enable_Value
<LI><a href="#[3d]">&gt;&gt;</a>&nbsp;&nbsp;&nbsp;Render_Item_Alarm_Enable_Name
<LI><a href="#[4c]">&gt;&gt;</a>&nbsp;&nbsp;&nbsp;Render_Item_Duration_Name
<LI><a href="#[4a]">&gt;&gt;</a>&nbsp;&nbsp;&nbsp;Render_Item_Contrast_Name
<LI><a href="#[49]">&gt;&gt;</a>&nbsp;&nbsp;&nbsp;Render_Item_Alarms_Name
<LI><a href="#[68]">&gt;&gt;</a>&nbsp;&nbsp;&nbsp;Render
</UL>

<P><STRONG><a name="[8b]"></a>__scatterload_copy</STRONG> (Thumb, 14 bytes, Stack size unknown bytes, handlers.o(i.__scatterload_copy), UNUSED)

<P><STRONG><a name="[8c]"></a>__scatterload_null</STRONG> (Thumb, 2 bytes, Stack size unknown bytes, handlers.o(i.__scatterload_null), UNUSED)

<P><STRONG><a name="[8d]"></a>__scatterload_zeroinit</STRONG> (Thumb, 14 bytes, Stack size unknown bytes, handlers.o(i.__scatterload_zeroinit), UNUSED)
<P>
<H3>
Local Symbols
</H3>
<P><STRONG><a name="[78]"></a>Comma_Pos</STRONG> (Thumb, 36 bytes, Stack size 0 bytes, timer.o(.text.Comma_Pos))
<BR><BR>[Called By]<UL><LI><a href="#[76]">&gt;&gt;</a>&nbsp;&nbsp;&nbsp;TIMER_Get_Msg
</UL>

<P><STRONG><a name="[71]"></a>Str2num</STRONG> (Thumb, 234 bytes, Stack size 48 bytes, timer.o(.text.Str2num))
<BR><BR>[Stack]<UL><LI>Max Depth = 48<LI>Call Chain = Str2num
</UL>
<BR>[Calls]<UL><LI><a href="#[72]">&gt;&gt;</a>&nbsp;&nbsp;&nbsp;Pow
</UL>
<BR>[Called By]<UL><LI><a href="#[76]">&gt;&gt;</a>&nbsp;&nbsp;&nbsp;TIMER_Get_Msg
</UL>

<P><STRONG><a name="[72]"></a>Pow</STRONG> (Thumb, 20 bytes, Stack size 0 bytes, timer.o(.text.Pow))
<BR><BR>[Called By]<UL><LI><a href="#[76]">&gt;&gt;</a>&nbsp;&nbsp;&nbsp;TIMER_Get_Msg
<LI><a href="#[71]">&gt;&gt;</a>&nbsp;&nbsp;&nbsp;Str2num
</UL>

<P><STRONG><a name="[5b]"></a>OUTLINED_FUNCTION_2</STRONG> (Thumb, 12 bytes, Stack size 0 bytes, gpio.o(.text.OUTLINED_FUNCTION_2))
<BR><BR>[Called By]<UL><LI><a href="#[5a]">&gt;&gt;</a>&nbsp;&nbsp;&nbsp;MX_GPIO_Init
</UL>

<P><STRONG><a name="[5c]"></a>OUTLINED_FUNCTION_0</STRONG> (Thumb, 16 bytes, Stack size 0 bytes, gpio.o(.text.OUTLINED_FUNCTION_0))
<BR><BR>[Called By]<UL><LI><a href="#[5a]">&gt;&gt;</a>&nbsp;&nbsp;&nbsp;MX_GPIO_Init
</UL>

<P><STRONG><a name="[5d]"></a>OUTLINED_FUNCTION_1</STRONG> (Thumb, 10 bytes, Stack size 0 bytes, gpio.o(.text.OUTLINED_FUNCTION_1))
<BR><BR>[Called By]<UL><LI><a href="#[5a]">&gt;&gt;</a>&nbsp;&nbsp;&nbsp;MX_GPIO_Init
</UL>

<P><STRONG><a name="[36]"></a>LL_APB2_GRP1_EnableClock</STRONG> (Thumb, 24 bytes, Stack size 4 bytes, gpio.o(.text.LL_APB2_GRP1_EnableClock))
<BR><BR>[Stack]<UL><LI>Max Depth = 4<LI>Call Chain = LL_APB2_GRP1_EnableClock
</UL>
<BR>[Address Reference Count : 1]<UL><LI> gpio.o(.text.MX_GPIO_Init)
</UL>
<P><STRONG><a name="[5f]"></a>LL_APB2_GRP1_EnableClock</STRONG> (Thumb, 24 bytes, Stack size 4 bytes, spi.o(.text.LL_APB2_GRP1_EnableClock))
<BR><BR>[Stack]<UL><LI>Max Depth = 4<LI>Call Chain = LL_APB2_GRP1_EnableClock
</UL>
<BR>[Called By]<UL><LI><a href="#[5e]">&gt;&gt;</a>&nbsp;&nbsp;&nbsp;MX_SPI1_Init
</UL>

<P><STRONG><a name="[52]"></a>Change_Select</STRONG> (Thumb, 30 bytes, Stack size 0 bytes, control.o(.text.Change_Select))
<BR><BR>[Called By]<UL><LI><a href="#[51]">&gt;&gt;</a>&nbsp;&nbsp;&nbsp;BTN_Press
</UL>

<P><STRONG><a name="[53]"></a>Change_Value</STRONG> (Thumb, 30 bytes, Stack size 0 bytes, control.o(.text.Change_Value))
<BR><BR>[Called By]<UL><LI><a href="#[51]">&gt;&gt;</a>&nbsp;&nbsp;&nbsp;BTN_Press
</UL>

<P><STRONG><a name="[33]"></a>BEEP_On_Mode1</STRONG> (Thumb, 2 bytes, Stack size 0 bytes, control.o(.text.BEEP_On_Mode1))
<BR>[Address Reference Count : 1]<UL><LI> control.o(.text.BTN_Press)
</UL>
<P><STRONG><a name="[34]"></a>BEEP_On_Mode2</STRONG> (Thumb, 2 bytes, Stack size 0 bytes, control.o(.text.BEEP_On_Mode2))
<BR>[Address Reference Count : 1]<UL><LI> control.o(.text.BTN_Press)
</UL>
<P><STRONG><a name="[35]"></a>BEEP_On_Mode3</STRONG> (Thumb, 2 bytes, Stack size 0 bytes, control.o(.text.BEEP_On_Mode3))
<BR>[Address Reference Count : 1]<UL><LI> control.o(.text.BTN_Press)
</UL>
<P><STRONG><a name="[6a]"></a>OUTLINED_FUNCTION_1</STRONG> (Thumb, 8 bytes, Stack size 0 bytes, view.o(.text.OUTLINED_FUNCTION_1))
<BR><BR>[Called By]<UL><LI><a href="#[68]">&gt;&gt;</a>&nbsp;&nbsp;&nbsp;Render
</UL>

<P><STRONG><a name="[63]"></a>OUTLINED_FUNCTION_2</STRONG> (Thumb, 6 bytes, Stack size 0 bytes, view.o(.text.OUTLINED_FUNCTION_2))
<BR><BR>[Stack]<UL><LI>Max Depth = 8<LI>Call Chain = OUTLINED_FUNCTION_2 &rArr; Check_List_Offset
</UL>
<BR>[Calls]<UL><LI><a href="#[64]">&gt;&gt;</a>&nbsp;&nbsp;&nbsp;Check_List_Offset
</UL>
<BR>[Called By]<UL><LI><a href="#[68]">&gt;&gt;</a>&nbsp;&nbsp;&nbsp;Render
</UL>

<P><STRONG><a name="[64]"></a>Check_List_Offset</STRONG> (Thumb, 40 bytes, Stack size 8 bytes, view.o(.text.Check_List_Offset))
<BR><BR>[Stack]<UL><LI>Max Depth = 8<LI>Call Chain = Check_List_Offset
</UL>
<BR>[Called By]<UL><LI><a href="#[63]">&gt;&gt;</a>&nbsp;&nbsp;&nbsp;OUTLINED_FUNCTION_2
<LI><a href="#[68]">&gt;&gt;</a>&nbsp;&nbsp;&nbsp;Render
</UL>

<P><STRONG><a name="[62]"></a>OUTLINED_FUNCTION_0</STRONG> (Thumb, 20 bytes, Stack size 0 bytes, view.o(.text.OUTLINED_FUNCTION_0))
<BR><BR>[Calls]<UL><LI><a href="#[39]">&gt;&gt;</a>&nbsp;&nbsp;&nbsp;ssd1306_SetCursor
</UL>
<BR>[Called By]<UL><LI><a href="#[6f]">&gt;&gt;</a>&nbsp;&nbsp;&nbsp;Render_Items_General
<LI><a href="#[68]">&gt;&gt;</a>&nbsp;&nbsp;&nbsp;Render
</UL>

<P><STRONG><a name="[65]"></a>OUTLINED_FUNCTION_4</STRONG> (Thumb, 6 bytes, Stack size 0 bytes, view.o(.text.OUTLINED_FUNCTION_4))
<BR><BR>[Stack]<UL><LI>Max Depth = 56<LI>Call Chain = OUTLINED_FUNCTION_4 &rArr; ssd1306_WriteChar &rArr; ssd1306_DrawPixel
</UL>
<BR>[Calls]<UL><LI><a href="#[3b]">&gt;&gt;</a>&nbsp;&nbsp;&nbsp;ssd1306_WriteChar
</UL>
<BR>[Called By]<UL><LI><a href="#[40]">&gt;&gt;</a>&nbsp;&nbsp;&nbsp;Render_Item_Alarm_Time_Value
<LI><a href="#[68]">&gt;&gt;</a>&nbsp;&nbsp;&nbsp;Render
</UL>

<P><STRONG><a name="[6d]"></a>OUTLINED_FUNCTION_3</STRONG> (Thumb, 10 bytes, Stack size 0 bytes, view.o(.text.OUTLINED_FUNCTION_3))
<BR><BR>[Called By]<UL><LI><a href="#[42]">&gt;&gt;</a>&nbsp;&nbsp;&nbsp;Render_Item_Alarm_Repeat_Value
<LI><a href="#[68]">&gt;&gt;</a>&nbsp;&nbsp;&nbsp;Render
</UL>

<P><STRONG><a name="[6f]"></a>Render_Items_General</STRONG> (Thumb, 120 bytes, Stack size 32 bytes, view.o(.text.Render_Items_General))
<BR><BR>[Stack]<UL><LI>Max Depth = 88<LI>Call Chain = Render_Items_General &rArr; ssd1306_WriteChar &rArr; ssd1306_DrawPixel
</UL>
<BR>[Calls]<UL><LI><a href="#[62]">&gt;&gt;</a>&nbsp;&nbsp;&nbsp;OUTLINED_FUNCTION_0
<LI><a href="#[39]">&gt;&gt;</a>&nbsp;&nbsp;&nbsp;ssd1306_SetCursor
<LI><a href="#[3b]">&gt;&gt;</a>&nbsp;&nbsp;&nbsp;ssd1306_WriteChar
</UL>
<BR>[Called By]<UL><LI><a href="#[68]">&gt;&gt;</a>&nbsp;&nbsp;&nbsp;Render
</UL>

<P><STRONG><a name="[49]"></a>Render_Item_Alarms_Name</STRONG> (Thumb, 16 bytes, Stack size 0 bytes, view.o(.text.Render_Item_Alarms_Name))
<BR><BR>[Stack]<UL><LI>Max Depth = 80<LI>Call Chain = Render_Item_Alarms_Name &rArr; ssd1306_WriteString &rArr; ssd1306_WriteChar &rArr; ssd1306_DrawPixel
</UL>
<BR>[Calls]<UL><LI><a href="#[6b]">&gt;&gt;</a>&nbsp;&nbsp;&nbsp;ssd1306_WriteString
</UL>
<BR>[Address Reference Count : 1]<UL><LI> view.o(.rodata..L__const.Render_Page_Setting.items)
</UL>
<P><STRONG><a name="[4a]"></a>Render_Item_Contrast_Name</STRONG> (Thumb, 16 bytes, Stack size 0 bytes, view.o(.text.Render_Item_Contrast_Name))
<BR><BR>[Stack]<UL><LI>Max Depth = 80<LI>Call Chain = Render_Item_Contrast_Name &rArr; ssd1306_WriteString &rArr; ssd1306_WriteChar &rArr; ssd1306_DrawPixel
</UL>
<BR>[Calls]<UL><LI><a href="#[6b]">&gt;&gt;</a>&nbsp;&nbsp;&nbsp;ssd1306_WriteString
</UL>
<BR>[Address Reference Count : 1]<UL><LI> view.o(.rodata..L__const.Render_Page_Setting.items)
</UL>
<P><STRONG><a name="[4b]"></a>Render_Item_Contrast_Value</STRONG> (Thumb, 48 bytes, Stack size 16 bytes, view.o(.text.Render_Item_Contrast_Value))
<BR><BR>[Stack]<UL><LI>Max Depth = 112<LI>Call Chain = Render_Item_Contrast_Value &rArr; ssd1306_WriteNumber &rArr; ssd1306_WriteChar &rArr; ssd1306_DrawPixel
</UL>
<BR>[Calls]<UL><LI><a href="#[3a]">&gt;&gt;</a>&nbsp;&nbsp;&nbsp;ssd1306_WriteNumber
</UL>
<BR>[Address Reference Count : 1]<UL><LI> view.o(.rodata..L__const.Render_Page_Setting.items)
</UL>
<P><STRONG><a name="[4c]"></a>Render_Item_Duration_Name</STRONG> (Thumb, 16 bytes, Stack size 0 bytes, view.o(.text.Render_Item_Duration_Name))
<BR><BR>[Stack]<UL><LI>Max Depth = 80<LI>Call Chain = Render_Item_Duration_Name &rArr; ssd1306_WriteString &rArr; ssd1306_WriteChar &rArr; ssd1306_DrawPixel
</UL>
<BR>[Calls]<UL><LI><a href="#[6b]">&gt;&gt;</a>&nbsp;&nbsp;&nbsp;ssd1306_WriteString
</UL>
<BR>[Address Reference Count : 1]<UL><LI> view.o(.rodata..L__const.Render_Page_Setting.items)
</UL>
<P><STRONG><a name="[4d]"></a>Render_Item_Duration_Value</STRONG> (Thumb, 64 bytes, Stack size 24 bytes, view.o(.text.Render_Item_Duration_Value))
<BR><BR>[Stack]<UL><LI>Max Depth = 120<LI>Call Chain = Render_Item_Duration_Value &rArr; ssd1306_WriteNumber &rArr; ssd1306_WriteChar &rArr; ssd1306_DrawPixel
</UL>
<BR>[Calls]<UL><LI><a href="#[3a]">&gt;&gt;</a>&nbsp;&nbsp;&nbsp;ssd1306_WriteNumber
<LI><a href="#[3b]">&gt;&gt;</a>&nbsp;&nbsp;&nbsp;ssd1306_WriteChar
</UL>
<BR>[Address Reference Count : 1]<UL><LI> view.o(.rodata..L__const.Render_Page_Setting.items)
</UL>
<P><STRONG><a name="[3d]"></a>Render_Item_Alarm_Enable_Name</STRONG> (Thumb, 16 bytes, Stack size 0 bytes, view.o(.text.Render_Item_Alarm_Enable_Name))
<BR><BR>[Stack]<UL><LI>Max Depth = 80<LI>Call Chain = Render_Item_Alarm_Enable_Name &rArr; ssd1306_WriteString &rArr; ssd1306_WriteChar &rArr; ssd1306_DrawPixel
</UL>
<BR>[Calls]<UL><LI><a href="#[6b]">&gt;&gt;</a>&nbsp;&nbsp;&nbsp;ssd1306_WriteString
</UL>
<BR>[Address Reference Count : 1]<UL><LI> view.o(.rodata..L__const.Render_Page_Alarm_Setting.items)
</UL>
<P><STRONG><a name="[3e]"></a>Render_Item_Alarm_Enable_Value</STRONG> (Thumb, 60 bytes, Stack size 8 bytes, view.o(.text.Render_Item_Alarm_Enable_Value))
<BR><BR>[Stack]<UL><LI>Max Depth = 88<LI>Call Chain = Render_Item_Alarm_Enable_Value &rArr; ssd1306_WriteString &rArr; ssd1306_WriteChar &rArr; ssd1306_DrawPixel
</UL>
<BR>[Calls]<UL><LI><a href="#[6b]">&gt;&gt;</a>&nbsp;&nbsp;&nbsp;ssd1306_WriteString
</UL>
<BR>[Address Reference Count : 1]<UL><LI> view.o(.rodata..L__const.Render_Page_Alarm_Setting.items)
</UL>
<P><STRONG><a name="[3f]"></a>Render_Item_Alarm_Time_Name</STRONG> (Thumb, 16 bytes, Stack size 0 bytes, view.o(.text.Render_Item_Alarm_Time_Name))
<BR><BR>[Stack]<UL><LI>Max Depth = 80<LI>Call Chain = Render_Item_Alarm_Time_Name &rArr; ssd1306_WriteString &rArr; ssd1306_WriteChar &rArr; ssd1306_DrawPixel
</UL>
<BR>[Calls]<UL><LI><a href="#[6b]">&gt;&gt;</a>&nbsp;&nbsp;&nbsp;ssd1306_WriteString
</UL>
<BR>[Address Reference Count : 1]<UL><LI> view.o(.rodata..L__const.Render_Page_Alarm_Setting.items)
</UL>
<P><STRONG><a name="[40]"></a>Render_Item_Alarm_Time_Value</STRONG> (Thumb, 108 bytes, Stack size 32 bytes, view.o(.text.Render_Item_Alarm_Time_Value))
<BR><BR>[Stack]<UL><LI>Max Depth = 128<LI>Call Chain = Render_Item_Alarm_Time_Value &rArr; ssd1306_WriteNumber &rArr; ssd1306_WriteChar &rArr; ssd1306_DrawPixel
</UL>
<BR>[Calls]<UL><LI><a href="#[65]">&gt;&gt;</a>&nbsp;&nbsp;&nbsp;OUTLINED_FUNCTION_4
<LI><a href="#[3a]">&gt;&gt;</a>&nbsp;&nbsp;&nbsp;ssd1306_WriteNumber
</UL>
<BR>[Address Reference Count : 1]<UL><LI> view.o(.rodata..L__const.Render_Page_Alarm_Setting.items)
</UL>
<P><STRONG><a name="[41]"></a>Render_Item_Alarm_Repeat_Name</STRONG> (Thumb, 16 bytes, Stack size 0 bytes, view.o(.text.Render_Item_Alarm_Repeat_Name))
<BR><BR>[Stack]<UL><LI>Max Depth = 80<LI>Call Chain = Render_Item_Alarm_Repeat_Name &rArr; ssd1306_WriteString &rArr; ssd1306_WriteChar &rArr; ssd1306_DrawPixel
</UL>
<BR>[Calls]<UL><LI><a href="#[6b]">&gt;&gt;</a>&nbsp;&nbsp;&nbsp;ssd1306_WriteString
</UL>
<BR>[Address Reference Count : 1]<UL><LI> view.o(.rodata..L__const.Render_Page_Alarm_Setting.items)
</UL>
<P><STRONG><a name="[42]"></a>Render_Item_Alarm_Repeat_Value</STRONG> (Thumb, 60 bytes, Stack size 32 bytes, view.o(.text.Render_Item_Alarm_Repeat_Value))
<BR><BR>[Stack]<UL><LI>Max Depth = 128<LI>Call Chain = Render_Item_Alarm_Repeat_Value &rArr; ssd1306_WriteNumber &rArr; ssd1306_WriteChar &rArr; ssd1306_DrawPixel
</UL>
<BR>[Calls]<UL><LI><a href="#[6d]">&gt;&gt;</a>&nbsp;&nbsp;&nbsp;OUTLINED_FUNCTION_3
<LI><a href="#[3a]">&gt;&gt;</a>&nbsp;&nbsp;&nbsp;ssd1306_WriteNumber
</UL>
<BR>[Address Reference Count : 1]<UL><LI> view.o(.rodata..L__const.Render_Page_Alarm_Setting.items)
</UL>
<P><STRONG><a name="[43]"></a>Render_Item_Beep_Mode1_Name</STRONG> (Thumb, 16 bytes, Stack size 0 bytes, view.o(.text.Render_Item_Beep_Mode1_Name))
<BR><BR>[Stack]<UL><LI>Max Depth = 80<LI>Call Chain = Render_Item_Beep_Mode1_Name &rArr; ssd1306_WriteString &rArr; ssd1306_WriteChar &rArr; ssd1306_DrawPixel
</UL>
<BR>[Calls]<UL><LI><a href="#[6b]">&gt;&gt;</a>&nbsp;&nbsp;&nbsp;ssd1306_WriteString
</UL>
<BR>[Address Reference Count : 1]<UL><LI> view.o(.rodata..L__const.Render_Page_Beep.items)
</UL>
<P><STRONG><a name="[44]"></a>Render_Item_Beep_Mode1_Value</STRONG> (Thumb, 16 bytes, Stack size 0 bytes, view.o(.text.Render_Item_Beep_Mode1_Value))
<BR><BR>[Stack]<UL><LI>Max Depth = 80<LI>Call Chain = Render_Item_Beep_Mode1_Value &rArr; ssd1306_WriteString &rArr; ssd1306_WriteChar &rArr; ssd1306_DrawPixel
</UL>
<BR>[Calls]<UL><LI><a href="#[6b]">&gt;&gt;</a>&nbsp;&nbsp;&nbsp;ssd1306_WriteString
</UL>
<BR>[Address Reference Count : 1]<UL><LI> view.o(.rodata..L__const.Render_Page_Beep.items)
</UL>
<P><STRONG><a name="[45]"></a>Render_Item_Beep_Mode2_Name</STRONG> (Thumb, 16 bytes, Stack size 0 bytes, view.o(.text.Render_Item_Beep_Mode2_Name))
<BR><BR>[Stack]<UL><LI>Max Depth = 80<LI>Call Chain = Render_Item_Beep_Mode2_Name &rArr; ssd1306_WriteString &rArr; ssd1306_WriteChar &rArr; ssd1306_DrawPixel
</UL>
<BR>[Calls]<UL><LI><a href="#[6b]">&gt;&gt;</a>&nbsp;&nbsp;&nbsp;ssd1306_WriteString
</UL>
<BR>[Address Reference Count : 1]<UL><LI> view.o(.rodata..L__const.Render_Page_Beep.items)
</UL>
<P><STRONG><a name="[46]"></a>Render_Item_Beep_Mode2_Value</STRONG> (Thumb, 16 bytes, Stack size 0 bytes, view.o(.text.Render_Item_Beep_Mode2_Value))
<BR><BR>[Stack]<UL><LI>Max Depth = 80<LI>Call Chain = Render_Item_Beep_Mode2_Value &rArr; ssd1306_WriteString &rArr; ssd1306_WriteChar &rArr; ssd1306_DrawPixel
</UL>
<BR>[Calls]<UL><LI><a href="#[6b]">&gt;&gt;</a>&nbsp;&nbsp;&nbsp;ssd1306_WriteString
</UL>
<BR>[Address Reference Count : 1]<UL><LI> view.o(.rodata..L__const.Render_Page_Beep.items)
</UL>
<P><STRONG><a name="[47]"></a>Render_Item_Beep_Mode3_Name</STRONG> (Thumb, 16 bytes, Stack size 0 bytes, view.o(.text.Render_Item_Beep_Mode3_Name))
<BR><BR>[Stack]<UL><LI>Max Depth = 80<LI>Call Chain = Render_Item_Beep_Mode3_Name &rArr; ssd1306_WriteString &rArr; ssd1306_WriteChar &rArr; ssd1306_DrawPixel
</UL>
<BR>[Calls]<UL><LI><a href="#[6b]">&gt;&gt;</a>&nbsp;&nbsp;&nbsp;ssd1306_WriteString
</UL>
<BR>[Address Reference Count : 1]<UL><LI> view.o(.rodata..L__const.Render_Page_Beep.items)
</UL>
<P><STRONG><a name="[48]"></a>Render_Item_Beep_Mode3_Value</STRONG> (Thumb, 16 bytes, Stack size 0 bytes, view.o(.text.Render_Item_Beep_Mode3_Value))
<BR><BR>[Stack]<UL><LI>Max Depth = 80<LI>Call Chain = Render_Item_Beep_Mode3_Value &rArr; ssd1306_WriteString &rArr; ssd1306_WriteChar &rArr; ssd1306_DrawPixel
</UL>
<BR>[Calls]<UL><LI><a href="#[6b]">&gt;&gt;</a>&nbsp;&nbsp;&nbsp;ssd1306_WriteString
</UL>
<BR>[Address Reference Count : 1]<UL><LI> view.o(.rodata..L__const.Render_Page_Beep.items)
</UL><P>
<H3>
Undefined Global Symbols
</H3><HR></body></html>
